Project1_Price_Elasticity/data/sales_data_mock.csv
Date,Part_ID,Price,Quantity,Cost,Revenue,Margin
2024-01-01,Brake_Pad_A,43.31,128,20.2,5543.68,2958.0800000000004
2024-01-02,Brake_Pad_A,46.51,84,19.73,3906.8399999999997,2249.52
2024-01-03,Brake_Pad_A,38.71,138,20.33,5341.9800000000005,2536.4400000000005
2024-01-04,Brake_Pad_A,42.04,110,20.6,4624.4,2358.3999999999996
2024-01-05,Brake_Pad_A,48.1,97,19.94,4665.7,2731.52
2024-01-06,Brake_Pad_A,43.79,112,19.15,4904.48,2759.6800000000003
2024-01-07,Brake_Pad_A,38.34,123,19.44,4715.820000000001,2324.7000000000003
2024-01-08,Brake_Pad_A,50.51,81,19.98,4091.31,2472.93
2024-01-09,Brake_Pad_A,47.4,87,19.35,4123.8,2440.35
2024-01-10,Brake_Pad_A,50.41,92,19.7,4637.719999999999,2825.3199999999997
2024-01-11,Brake_Pad_A,47.86,87,20.49,4163.82,2381.19
2024-01-12,Brake_Pad_A,40.89,122,19.05,4988.58,2664.48
2024-01-13,Brake_Pad_A,46.55,99,20.48,4608.45,2580.93
2024-01-14,Brake_Pad_A,46.06,101,20.18,4652.06,2613.88
2024-01-15,Brake_Pad_A,44.18,87,20.93,3843.66,2022.75
2024-01-16,Brake_Pad_A,38.44,108,19.08,4151.5199999999995,2090.88
2024-01-17,Brake_Pad_A,47.14,86,20.28,4054.04,2309.96
2024-01-18,Brake_Pad_A,39.52,126,19.64,4979.52,2504.88
2024-01-19,Brake_Pad_A,42.85,129,19.86,5527.650000000001,2965.71
2024-01-20,Brake_Pad_A,42.21,106,20.5,4474.26,2301.26
2024-01-21,Brake_Pad_A,39.23,134,19.16,5256.82,2689.3799999999997
2024-01-22,Brake_Pad_A,39.01,108,20.3,4213.08,2020.6799999999996
2024-01-23,Brake_Pad_A,44.39,109,20.8,4838.51,2571.31
2024-01-24,Brake_Pad_A,50.84,102,19.05,5185.68,3242.5800000000004
2024-01-25,Brake_Pad_A,49.72,85,19.26,4226.2,2589.1
2024-01-26,Brake_Pad_A,40.06,124,19.43,4967.4400000000005,2558.1200000000003
2024-01-27,Brake_Pad_A,44.45,101,19.48,4489.450000000001,2521.9700000000003
2024-01-28,Brake_Pad_A,40.64,100,19.92,4064.0,2072.0
2024-01-29,Brake_Pad_A,43.25,109,19.74,4714.25,2562.59
2024-01-30,Brake_Pad_A,41.1,111,20.78,4562.1,2255.52
2024-01-31,Brake_Pad_A,46.43,93,19.31,4317.99,2522.1600000000003
2024-02-01,Brake_Pad_A,50.8,92,19.56,4673.599999999999,2874.08
2024-02-02,Brake_Pad_A,39.11,136,20.36,5318.96,2550.0
2024-02-03,Brake_Pad_A,40.97,106,20.63,4342.82,2156.04
2024-02-04,Brake_Pad_A,50.49,95,20.88,4796.55,2812.9500000000003
2024-02-05,Brake_Pad_A,42.87,123,20.69,5273.009999999999,2728.1399999999994
2024-02-06,Brake_Pad_A,44.49,130,20.17,5783.7,3161.6
2024-02-07,Brake_Pad_A,51.55,101,20.84,5206.549999999999,3101.7099999999996
2024-02-08,Brake_Pad_A,41.28,116,19.35,4788.4800000000005,2543.88
2024-02-09,Brake_Pad_A,41.08,135,19.38,5545.8,2929.5
2024-02-10,Brake_Pad_A,46.94,98,19.31,4600.12,2707.74
2024-02-11,Brake_Pad_A,49.46,92,19.41,4550.32,2764.6
2024-02-12,Brake_Pad_A,45.7,103,20.9,4707.1,2554.4000000000005
2024-02-13,Brake_Pad_A,38.5,148,20.15,5698.0,2715.8
2024-02-14,Brake_Pad_A,40.49,129,20.21,5223.21,2616.1200000000003
2024-02-15,Brake_Pad_A,44.95,110,20.54,4944.5,2685.1000000000004
2024-02-16,Brake_Pad_A,40.75,122,20.46,4971.5,2475.38
2024-02-17,Brake_Pad_A,42.56,126,20.19,5362.56,2818.6200000000003
2024-02-18,Brake_Pad_A,50.0,95,20.6,4750.0,2793.0
2024-02-19,Brake_Pad_A,42.25,107,19.04,4520.75,2483.4700000000003
2024-02-20,Brake_Pad_A,41.36,107,19.37,4425.5199999999995,2352.93
2024-02-21,Brake_Pad_A,39.49,141,19.26,5568.09,2852.43
2024-02-22,Brake_Pad_A,49.38,92,20.13,4542.96,2691.0000000000005
2024-02-23,Brake_Pad_A,49.4,84,20.49,4149.599999999999,2428.44
2024-02-24,Brake_Pad_A,51.25,88,20.86,4510.0,2674.32
2024-02-25,Brake_Pad_A,38.55,124,20.54,4780.2,2233.24
2024-02-26,Brake_Pad_A,43.92,116,19.55,5094.72,2826.92
2024-02-27,Brake_Pad_A,40.02,129,19.96,5162.580000000001,2587.7400000000002
2024-02-28,Brake_Pad_A,46.35,98,20.72,4542.3,2511.7400000000002
2024-02-29,Brake_Pad_A,45.91,112,19.4,5141.92,2969.12
2024-03-01,Brake_Pad_A,45.64,117,20.29,5339.88,2965.9500000000003
2024-03-02,Brake_Pad_A,41.33,125,20.36,5166.25,2621.25
2024-03-03,Brake_Pad_A,50.57,86,20.26,4349.02,2606.66
2024-03-04,Brake_Pad_A,51.34,86,19.65,4415.240000000001,2725.3400000000006
2024-03-05,Brake_Pad_A,47.21,102,20.61,4815.42,2713.2000000000003
2024-03-06,Brake_Pad_A,51.57,119,20.9,6136.83,3649.73
2024-03-07,Brake_Pad_A,49.97,86,20.68,4297.42,2518.94
2024-03-08,Brake_Pad_A,51.74,90,20.56,4656.6,2806.2000000000003
2024-03-09,Brake_Pad_A,43.5,112,19.75,4872.0,2660.0
2024-03-10,Brake_Pad_A,46.46,114,20.44,5296.4400000000005,2966.2799999999997
2024-03-11,Brake_Pad_A,47.92,94,19.24,4504.4800000000005,2695.9200000000005
2024-03-12,Brake_Pad_A,41.33,111,19.82,4587.63,2387.6099999999997
2024-03-13,Brake_Pad_A,41.18,105,20.28,4323.9,2194.5
2024-03-14,Brake_Pad_A,41.95,100,20.79,4195.0,2116.0000000000005
2024-03-15,Brake_Pad_A,51.67,97,20.46,5011.99,3027.37
2024-03-16,Brake_Pad_A,51.65,110,20.68,5681.5,3406.7
2024-03-17,Brake_Pad_A,43.61,112,20.03,4884.32,2640.96
2024-03-18,Brake_Pad_A,42.92,127,20.72,5450.84,2819.4000000000005
2024-03-19,Brake_Pad_A,44.18,97,19.43,4285.46,2400.75
2024-03-20,Brake_Pad_A,45.13,113,20.25,5099.6900000000005,2811.4400000000005
2024-03-21,Brake_Pad_A,48.51,88,19.43,4268.88,2559.04
2024-03-22,Brake_Pad_A,50.29,91,19.88,4576.39,2767.31
2024-03-23,Brake_Pad_A,38.81,112,19.14,4346.72,2203.04
2024-03-24,Brake_Pad_A,46.68,102,19.24,4761.36,2798.88
2024-03-25,Brake_Pad_A,44.18,116,19.48,5124.88,2865.2
2024-03-26,Brake_Pad_A,40.65,146,19.33,5934.9,3112.7200000000003
2024-03-27,Brake_Pad_A,40.41,124,19.49,5010.839999999999,2594.08
2024-03-28,Brake_Pad_A,42.38,114,20.44,4831.320000000001,2501.1600000000003
2024-03-29,Brake_Pad_A,47.38,113,20.65,5353.9400000000005,3020.4900000000002
2024-03-30,Brake_Pad_A,51.73,111,19.84,5742.03,3539.7899999999995
2024-03-31,Brake_Pad_A,42.28,141,19.86,5961.4800000000005,3161.2200000000003
2024-04-01,Brake_Pad_A,48.39,82,19.56,3967.98,2364.06
2024-04-02,Brake_Pad_A,42.94,133,20.33,5711.0199999999995,3007.13
2024-04-03,Brake_Pad_A,41.29,113,20.12,4665.7699999999995,2392.2099999999996
2024-04-04,Brake_Pad_A,47.04,106,20.03,4986.24,2863.06
2024-04-05,Brake_Pad_A,51.55,102,19.13,5258.099999999999,3306.84
2024-04-06,Brake_Pad_A,49.02,96,20.07,4705.92,2779.2000000000003
2024-04-07,Brake_Pad_A,39.38,145,20.01,5710.1,2808.65
2024-04-08,Brake_Pad_A,49.31,100,19.63,4931.0,2968.0000000000005
2024-04-09,Brake_Pad_A,47.04,108,20.68,5080.32,2846.88
2024-04-10,Brake_Pad_A,38.7,125,20.88,4837.5,2227.5000000000005
2024-04-11,Brake_Pad_A,43.95,131,20.72,5757.450000000001,3043.1300000000006
2024-04-12,Brake_Pad_A,42.32,121,19.6,5120.72,2749.12
2024-04-13,Brake_Pad_A,47.28,114,20.14,5389.92,3093.96
2024-04-14,Brake_Pad_A,44.83,113,20.01,5065.79,2804.66
2024-04-15,Brake_Pad_A,38.32,102,19.68,3908.64,1901.28
2024-04-16,Brake_Pad_A,43.94,110,20.43,4833.4,2586.1
2024-04-17,Brake_Pad_A,48.39,82,19.71,3967.98,2351.7599999999998
2024-04-18,Brake_Pad_A,42.23,118,19.09,4983.139999999999,2730.5199999999995
2024-04-19,Brake_Pad_A,43.26,118,20.38,5104.679999999999,2699.8399999999997
2024-04-20,Brake_Pad_A,43.17,114,19.28,4921.38,2723.46
2024-04-21,Brake_Pad_A,46.39,102,19.68,4731.78,2724.42
2024-04-22,Brake_Pad_A,44.24,115,19.8,5087.6,2810.6000000000004
2024-04-23,Brake_Pad_A,40.01,136,20.59,5441.36,2641.12
2024-04-24,Brake_Pad_A,51.49,90,20.53,4634.1,2786.4
2024-04-25,Brake_Pad_A,47.53,109,19.27,5180.77,3080.34
2024-04-26,Brake_Pad_A,48.42,108,20.53,5229.360000000001,3012.12
2024-04-27,Brake_Pad_A,39.29,128,20.41,5029.12,2416.64
2024-04-28,Brake_Pad_A,39.91,142,19.9,5667.219999999999,2841.4199999999996
2024-04-29,Brake_Pad_A,46.75,98,20.02,4581.5,2619.54
2024-04-30,Brake_Pad_A,43.34,143,20.37,6197.620000000001,3284.7100000000005
2024-05-01,Brake_Pad_A,51.17,93,19.92,4758.81,2906.25
2024-05-02,Brake_Pad_A,40.09,130,19.63,5211.700000000001,2659.8000000000006
2024-05-03,Brake_Pad_A,39.93,122,19.81,4871.46,2454.6400000000003
2024-05-04,Brake_Pad_A,38.49,124,20.04,4772.76,2287.8
2024-05-05,Brake_Pad_A,39.03,130,19.15,5073.900000000001,2584.4000000000005
2024-05-06,Brake_Pad_A,44.59,124,19.12,5529.160000000001,3158.28
2024-05-07,Brake_Pad_A,44.26,100,20.69,4426.0,2356.9999999999995
2024-05-08,Brake_Pad_A,48.47,87,20.44,4216.89,2438.6099999999997
2024-05-09,Brake_Pad_A,48.09,84,19.06,4039.5600000000004,2438.5200000000004
2024-05-10,Brake_Pad_A,47.11,94,20.84,4428.34,2469.38
2024-05-11,Brake_Pad_A,50.32,92,19.95,4629.44,2794.04
2024-05-12,Brake_Pad_A,48.66,102,20.75,4963.32,2846.8199999999997
2024-05-13,Brake_Pad_A,48.27,110,19.61,5309.700000000001,3152.6000000000004
2024-05-14,Brake_Pad_A,48.79,100,19.08,4879.0,2971.0
2024-05-15,Brake_Pad_A,48.09,111,20.61,5337.990000000001,3050.2800000000007
2024-05-16,Brake_Pad_A,49.58,87,20.63,4313.46,2518.65
2024-05-17,Brake_Pad_A,47.33,110,20.25,5206.3,2978.7999999999997
2024-05-18,Brake_Pad_A,39.01,123,20.28,4798.23,2303.7899999999995
2024-05-19,Brake_Pad_A,43.96,105,19.53,4615.8,2565.15
2024-05-20,Brake_Pad_A,41.64,123,20.22,5121.72,2634.6600000000003
2024-05-21,Brake_Pad_A,46.12,96,20.92,4427.5199999999995,2419.2
2024-05-22,Brake_Pad_A,46.21,106,19.48,4898.26,2833.38
2024-05-23,Brake_Pad_A,48.28,105,19.14,5069.400000000001,3059.7000000000003
2024-05-24,Brake_Pad_A,50.89,73,19.58,3714.9700000000003,2285.63
2024-05-25,Brake_Pad_A,49.24,100,19.58,4924.0,2966.0000000000005
2024-05-26,Brake_Pad_A,45.72,104,20.72,4754.88,2600.0
2024-05-27,Brake_Pad_A,39.38,140,19.71,5513.200000000001,2753.8
2024-05-28,Brake_Pad_A,45.0,103,20.26,4635.0,2548.22
2024-05-29,Brake_Pad_A,46.73,106,19.02,4953.38,2937.2599999999998
2024-05-30,Brake_Pad_A,50.42,83,20.75,4184.860000000001,2462.61
2024-05-31,Brake_Pad_A,48.01,102,19.02,4897.0199999999995,2956.98
2024-06-01,Brake_Pad_A,46.63,108,19.39,5036.04,2941.92
2024-06-02,Brake_Pad_A,50.51,91,19.15,4596.41,2853.7599999999998
2024-06-03,Brake_Pad_A,41.82,119,20.56,4976.58,2529.94
2024-06-04,Brake_Pad_A,50.24,86,20.99,4320.64,2515.5000000000005
2024-06-05,Brake_Pad_A,42.47,117,19.03,4968.99,2742.4799999999996
2024-06-06,Brake_Pad_A,41.34,118,20.86,4878.120000000001,2416.6400000000003
2024-06-07,Brake_Pad_A,45.0,110,20.3,4950.0,2717.0
2024-06-08,Brake_Pad_A,51.22,90,19.8,4609.8,2827.7999999999997
2024-06-09,Brake_Pad_A,49.9,105,20.47,5239.5,3090.15
2024-06-10,Brake_Pad_A,41.35,114,19.2,4713.900000000001,2525.1000000000004
2024-06-11,Brake_Pad_A,49.92,80,19.97,3993.6000000000004,2396.0
2024-06-12,Brake_Pad_A,44.44,112,20.33,4977.28,2700.3199999999997
2024-06-13,Brake_Pad_A,44.38,113,19.39,5014.9400000000005,2823.8700000000003
2024-06-14,Brake_Pad_A,49.4,86,20.94,4248.4,2447.56
2024-06-15,Brake_Pad_A,38.26,139,20.25,5318.139999999999,2503.39
2024-06-16,Brake_Pad_A,44.83,101,21.0,4527.83,2406.83
2024-06-17,Brake_Pad_A,38.59,121,19.1,4669.39,2358.2900000000004
2024-06-18,Brake_Pad_A,39.14,121,19.47,4735.9400000000005,2380.07
2024-06-19,Brake_Pad_A,47.78,89,19.16,4252.42,2547.1800000000003
2024-06-20,Brake_Pad_A,47.19,104,20.16,4907.76,2811.12
2024-06-21,Brake_Pad_A,40.74,109,20.66,4440.66,2188.7200000000003
2024-06-22,Brake_Pad_A,49.33,93,20.8,4587.69,2653.29
2024-06-23,Brake_Pad_A,40.58,117,20.88,4747.86,2304.9
2024-06-24,Brake_Pad_A,49.13,86,19.17,4225.18,2576.56
2024-06-25,Brake_Pad_A,44.67,99,20.31,4422.33,2411.6400000000003
2024-06-26,Brake_Pad_A,39.68,112,20.35,4444.16,2164.96
2024-06-27,Brake_Pad_A,50.62,91,19.81,4606.42,2803.71
2024-06-28,Brake_Pad_A,45.19,94,19.65,4247.86,2400.7599999999998
2024-06-29,Brake_Pad_A,50.92,77,19.45,3920.84,2423.19
2024-06-30,Brake_Pad_A,38.57,106,20.74,4088.42,1889.9800000000002
2024-07-01,Brake_Pad_A,41.92,125,20.1,5240.0,2727.5
2024-07-02,Brake_Pad_A,44.9,98,19.79,4400.2,2460.7799999999997
2024-07-03,Brake_Pad_A,46.91,87,20.79,4081.1699999999996,2272.4399999999996
2024-07-04,Brake_Pad_A,40.36,123,20.16,4964.28,2484.6
2024-07-05,Brake_Pad_A,49.94,73,20.96,3645.62,2115.54
2024-07-06,Brake_Pad_A,41.2,89,20.21,3666.8,1868.1100000000001
2024-07-07,Brake_Pad_A,39.19,99,19.68,3879.81,1931.4899999999998
2024-07-08,Brake_Pad_A,46.26,90,20.11,4163.4,2353.5
2024-07-09,Brake_Pad_A,45.54,99,19.17,4508.46,2610.6299999999997
2024-07-10,Brake_Pad_A,43.69,107,19.63,4674.83,2574.42
2024-07-11,Brake_Pad_A,49.72,78,20.93,3878.16,2245.62
2024-07-12,Brake_Pad_A,42.4,109,20.62,4621.599999999999,2374.0199999999995
2024-07-13,Brake_Pad_A,47.37,89,19.91,4215.929999999999,2443.9399999999996
2024-07-14,Brake_Pad_A,47.16,91,19.12,4291.5599999999995,2551.6399999999994
2024-07-15,Brake_Pad_A,45.71,98,20.15,4479.58,2504.88
2024-07-16,Brake_Pad_A,49.43,71,20.26,3509.53,2071.0699999999997
2024-07-17,Brake_Pad_A,38.55,128,19.26,4934.4,2469.1199999999994
2024-07-18,Brake_Pad_A,48.84,91,20.92,4444.4400000000005,2540.7200000000003
2024-07-19,Brake_Pad_A,40.98,105,19.8,4302.9,2223.8999999999996
2024-07-20,Brake_Pad_A,40.75,110,19.09,4482.5,2382.6
2024-07-21,Brake_Pad_A,43.86,89,20.91,3903.54,2042.55
2024-07-22,Brake_Pad_A,51.65,74,20.66,3822.1,2293.2599999999998
2024-07-23,Brake_Pad_A,43.69,87,19.79,3801.0299999999997,2079.2999999999997
2024-07-24,Brake_Pad_A,41.09,115,19.71,4725.35,2458.7000000000003
2024-07-25,Brake_Pad_A,44.95,90,19.05,4045.5000000000005,2331.0
2024-07-26,Brake_Pad_A,49.19,84,20.83,4131.96,2382.24
2024-07-27,Brake_Pad_A,43.65,109,20.3,4757.849999999999,2545.1499999999996
2024-07-28,Brake_Pad_A,40.11,122,20.35,4893.42,2410.72
2024-07-29,Brake_Pad_A,46.01,84,19.62,3864.8399999999997,2216.7599999999998
2024-07-30,Brake_Pad_A,44.81,81,19.63,3629.61,2039.5800000000002
2024-07-31,Brake_Pad_A,49.08,97,20.9,4760.76,2733.46
2024-08-01,Brake_Pad_A,44.67,107,19.34,4779.6900000000005,2710.3100000000004
2024-08-02,Brake_Pad_A,48.04,74,20.77,3554.96,2017.98
2024-08-03,Brake_Pad_A,40.12,90,20.19,3610.7999999999997,1793.6999999999996
2024-08-04,Brake_Pad_A,41.01,103,19.0,4224.03,2267.0299999999997
2024-08-05,Brake_Pad_A,38.73,90,19.08,3485.7,1768.4999999999998
2024-08-06,Brake_Pad_A,49.83,69,19.69,3438.27,2079.66
2024-08-07,Brake_Pad_A,50.07,97,19.66,4856.79,2949.77
2024-08-08,Brake_Pad_A,39.3,136,20.72,5344.799999999999,2526.8799999999997
2024-08-09,Brake_Pad_A,42.44,101,20.48,4286.44,2217.9599999999996
2024-08-10,Brake_Pad_A,48.56,82,19.69,3981.92,2367.34
2024-08-11,Brake_Pad_A,43.41,85,19.47,3689.85,2034.8999999999999
2024-08-12,Brake_Pad_A,42.52,79,19.48,3359.0800000000004,1820.1600000000003
2024-08-13,Brake_Pad_A,50.19,83,19.39,4165.7699999999995,2556.3999999999996
2024-08-14,Brake_Pad_A,43.97,91,19.89,4001.27,2191.2799999999997
2024-08-15,Brake_Pad_A,43.58,75,20.35,3268.5,1742.2499999999998
2024-08-16,Brake_Pad_A,45.34,98,19.89,4443.320000000001,2494.1000000000004
2024-08-17,Brake_Pad_A,39.17,125,19.66,4896.25,2438.75
2024-08-18,Brake_Pad_A,40.9,94,19.64,3844.6,1998.4399999999998
2024-08-19,Brake_Pad_A,46.58,105,20.18,4890.9,2772.0
2024-08-20,Brake_Pad_A,45.79,86,20.85,3937.94,2144.8399999999997
2024-08-21,Brake_Pad_A,44.78,91,19.21,4074.98,2326.87
2024-08-22,Brake_Pad_A,44.31,96,19.66,4253.76,2366.4
2024-08-23,Brake_Pad_A,39.01,109,20.22,4252.09,2048.11
2024-08-24,Brake_Pad_A,46.1,97,20.76,4471.7,2457.98
2024-08-25,Brake_Pad_A,40.25,92,20.54,3703.0,1813.3200000000002
2024-08-26,Brake_Pad_A,47.38,82,19.55,3885.1600000000003,2282.06
2024-08-27,Brake_Pad_A,49.99,73,20.51,3649.27,2152.04
2024-08-28,Brake_Pad_A,47.22,84,19.82,3966.48,2301.6
2024-08-29,Brake_Pad_A,47.66,70,19.96,3336.2,1938.9999999999998
2024-08-30,Brake_Pad_A,42.27,107,19.45,4522.89,2441.7400000000002
2024-08-31,Brake_Pad_A,48.71,71,20.21,3458.41,2023.5
2024-09-01,Brake_Pad_A,40.18,107,19.56,4299.26,2206.34
2024-09-02,Brake_Pad_A,49.19,102,19.32,5017.38,3046.74
2024-09-03,Brake_Pad_A,45.59,95,20.98,4331.05,2337.9500000000003
2024-09-04,Brake_Pad_A,41.77,100,20.93,4177.0,2084.0000000000005
2024-09-05,Brake_Pad_A,51.3,76,20.05,3898.7999999999997,2374.9999999999995
2024-09-06,Brake_Pad_A,51.53,70,20.43,3607.1,2177.0
2024-09-07,Brake_Pad_A,42.95,99,19.25,4252.05,2346.3
2024-09-08,Brake_Pad_A,49.66,77,19.63,3823.8199999999997,2312.31
2024-09-09,Brake_Pad_A,40.36,111,19.55,4479.96,2309.91
2024-09-10,Brake_Pad_A,40.05,123,20.42,4926.15,2414.4899999999993
2024-09-11,Brake_Pad_A,45.61,77,20.59,3511.97,1926.54
2024-09-12,Brake_Pad_A,41.76,96,20.22,4008.96,2067.84
2024-09-13,Brake_Pad_A,47.03,84,19.72,3950.52,2294.04
2024-09-14,Brake_Pad_A,47.19,91,19.63,4294.29,2507.96
2024-09-15,Brake_Pad_A,39.63,122,20.52,4834.860000000001,2331.4200000000005
2024-09-16,Brake_Pad_A,45.98,98,19.7,4506.04,2575.4399999999996
2024-09-17,Brake_Pad_A,49.22,83,20.56,4085.2599999999998,2378.78
2024-09-18,Brake_Pad_A,40.2,111,20.82,4462.200000000001,2151.1800000000003
2024-09-19,Brake_Pad_A,50.61,72,19.21,3643.92,2260.7999999999997
2024-09-20,Brake_Pad_A,40.01,108,19.2,4321.08,2247.48
2024-09-21,Brake_Pad_A,40.46,108,20.96,4369.68,2106.0
2024-09-22,Brake_Pad_A,41.66,80,20.82,3332.7999999999997,1667.1999999999998
2024-09-23,Brake_Pad_A,41.89,89,20.33,3728.21,1918.8400000000001
2024-09-24,Brake_Pad_A,49.33,75,19.11,3699.75,2266.5
2024-09-25,Brake_Pad_A,49.0,84,19.82,4116.0,2451.12
2024-09-26,Brake_Pad_A,40.19,106,20.04,4260.139999999999,2135.8999999999996
2024-09-27,Brake_Pad_A,44.3,91,20.25,4031.2999999999997,2188.5499999999997
2024-09-28,Brake_Pad_A,46.78,87,19.75,4069.86,2351.61
2024-09-29,Brake_Pad_A,39.73,133,20.3,5284.089999999999,2584.1899999999996
2024-09-30,Brake_Pad_A,38.52,104,19.01,4006.0800000000004,2029.0400000000002
2024-10-01,Brake_Pad_A,44.78,101,19.4,4522.78,2563.38
2024-10-02,Brake_Pad_A,38.43,110,20.0,4227.3,2027.3
2024-10-03,Brake_Pad_A,49.1,81,20.51,3977.1,2315.79
2024-10-04,Brake_Pad_A,48.9,74,19.47,3618.6,2177.82
2024-10-05,Brake_Pad_A,45.48,86,19.99,3911.2799999999997,2192.14
2024-10-06,Brake_Pad_A,40.53,101,19.07,4093.53,2167.46
2024-10-07,Brake_Pad_A,41.02,108,20.71,4430.160000000001,2193.4800000000005
2024-10-08,Brake_Pad_A,41.89,104,20.98,4356.56,2174.64
2024-10-09,Brake_Pad_A,43.79,111,20.6,4860.69,2574.0899999999997
2024-10-10,Brake_Pad_A,48.29,89,20.67,4297.8099999999995,2458.18
2024-10-11,Brake_Pad_A,45.83,78,19.64,3574.74,2042.8199999999997
2024-10-12,Brake_Pad_A,41.54,111,19.15,4610.94,2485.29
2024-10-13,Brake_Pad_A,40.32,99,19.3,3991.68,2080.98
2024-10-14,Brake_Pad_A,46.95,90,20.79,4225.5,2354.4000000000005
2024-10-15,Brake_Pad_A,49.54,72,20.7,3566.88,2076.48
