Project1_Price_Elasticity/data/sales_data_mock.csv
Date,Part_ID,Price,Quantity,Cost,Revenue,Margin
2024-10-16,Brake_Pad_A,48.54,88,20.14,4271.5199999999995,2499.2
2024-10-17,Brake_Pad_A,44.8,99,19.89,4435.2,2466.0899999999997
2024-10-18,Brake_Pad_A,39.35,103,19.11,4053.05,2084.7200000000003
2024-10-19,Brake_Pad_A,41.94,105,20.04,4403.7,2299.5
2024-10-20,Brake_Pad_A,45.05,101,19.68,4550.049999999999,2562.37
2024-10-21,Brake_Pad_A,39.44,104,20.39,4101.76,1981.1999999999998
2024-10-22,Brake_Pad_A,38.9,103,19.79,4006.7,1968.33
2024-10-23,Brake_Pad_A,45.71,76,20.06,3473.96,1949.4
2024-10-24,Brake_Pad_A,41.83,92,19.11,3848.3599999999997,2090.24
2024-10-25,Brake_Pad_A,46.65,87,19.77,4058.5499999999997,2338.56
2024-10-26,Brake_Pad_A,49.79,85,20.57,4232.15,2483.7
2024-10-27,Brake_Pad_A,45.74,82,20.78,3750.6800000000003,2046.72
2024-10-28,Brake_Pad_A,48.52,89,19.11,4318.280000000001,2617.4900000000002
2024-10-29,Brake_Pad_A,50.67,73,20.14,3698.9100000000003,2228.69
2024-10-30,Brake_Pad_A,39.84,98,20.16,3904.32,1928.6400000000003
2024-10-31,Brake_Pad_A,40.95,98,20.45,4013.1000000000004,2009.0000000000005
2024-11-01,Brake_Pad_A,50.49,82,19.9,4140.18,2508.38
2024-11-02,Brake_Pad_A,41.64,95,19.59,3955.8,2094.75
2024-11-03,Brake_Pad_A,46.81,80,20.06,3744.8,2140.0000000000005
2024-11-04,Brake_Pad_A,49.17,77,20.49,3786.09,2208.36
2024-11-05,Brake_Pad_A,41.36,95,19.15,3929.2,2109.9500000000003
2024-11-06,Brake_Pad_A,45.95,102,20.99,4686.900000000001,2545.9200000000005
2024-11-07,Brake_Pad_A,51.41,71,19.66,3650.1099999999997,2254.2499999999995
2024-11-08,Brake_Pad_A,50.92,88,20.1,4480.96,2712.16
2024-11-09,Brake_Pad_A,42.76,93,19.1,3976.68,2200.3799999999997
2024-11-10,Brake_Pad_A,47.38,84,19.18,3979.92,2368.8
2024-11-11,Brake_Pad_A,46.34,72,20.86,3336.4800000000005,1834.5600000000004
2024-11-12,Brake_Pad_A,46.05,114,19.17,5249.7,3064.3199999999997
2024-11-13,Brake_Pad_A,40.27,106,20.8,4268.62,2063.82
2024-11-14,Brake_Pad_A,40.96,95,19.35,3891.2000000000003,2052.95
2024-11-15,Brake_Pad_A,51.04,79,20.53,4032.16,2410.29
2024-11-16,Brake_Pad_A,49.31,80,20.35,3944.8,2316.8
2024-11-17,Brake_Pad_A,45.63,90,20.66,4106.7,2247.3
2024-11-18,Brake_Pad_A,50.78,83,20.82,4214.74,2486.6800000000003
2024-11-19,Brake_Pad_A,41.51,85,20.5,3528.35,1785.85
2024-11-20,Brake_Pad_A,48.83,82,19.3,4004.06,2421.4599999999996
2024-11-21,Brake_Pad_A,47.39,96,20.2,4549.4400000000005,2610.2400000000002
2024-11-22,Brake_Pad_A,44.09,96,19.04,4232.64,2404.8
2024-11-23,Brake_Pad_A,51.2,83,19.13,4249.6,2661.8100000000004
2024-11-24,Brake_Pad_A,45.46,106,19.96,4818.76,2703.0
2024-11-25,Brake_Pad_A,50.85,87,19.44,4423.95,2732.67
2024-11-26,Brake_Pad_A,47.85,87,19.48,4162.95,2468.19
2024-11-27,Brake_Pad_A,45.03,97,19.97,4367.91,2430.82
2024-11-28,Brake_Pad_A,41.86,104,20.22,4353.44,2250.56
2024-11-29,Brake_Pad_A,42.82,100,20.74,4282.0,2208.0
2024-11-30,Brake_Pad_A,42.58,103,19.09,4385.74,2419.47
2024-12-01,Brake_Pad_A,48.49,90,19.11,4364.1,2644.2000000000003
2024-12-02,Brake_Pad_A,39.99,108,20.78,4318.92,2074.6800000000003
2024-12-03,Brake_Pad_A,39.17,102,20.48,3995.34,1906.38
2024-12-04,Brake_Pad_A,45.17,88,19.94,3974.96,2220.2400000000002
2024-12-05,Brake_Pad_A,44.73,93,20.16,4159.889999999999,2285.0099999999998
2024-12-06,Brake_Pad_A,39.53,110,19.05,4348.3,2252.8
2024-12-07,Brake_Pad_A,40.62,112,19.89,4549.44,2321.7599999999998
2024-12-08,Brake_Pad_A,47.21,96,19.92,4532.16,2619.84
2024-12-09,Brake_Pad_A,47.04,78,19.87,3669.12,2119.2599999999998
2024-12-10,Brake_Pad_A,46.54,88,19.08,4095.52,2416.48
2024-12-11,Brake_Pad_A,39.73,109,20.14,4330.57,2135.3099999999995
2024-12-12,Brake_Pad_A,49.55,73,20.64,3617.1499999999996,2110.43
2024-12-13,Brake_Pad_A,41.28,108,20.4,4458.24,2255.0400000000004
2024-12-14,Brake_Pad_A,46.76,91,20.02,4255.16,2433.3399999999997
2024-12-15,Brake_Pad_A,46.09,101,19.79,4655.09,2656.3000000000006
2024-12-16,Brake_Pad_A,46.08,110,20.34,5068.8,2831.3999999999996
2024-12-17,Brake_Pad_A,50.26,84,20.5,4221.84,2499.8399999999997
2024-12-18,Brake_Pad_A,42.56,107,19.29,4553.92,2489.8900000000003
2024-12-19,Brake_Pad_A,50.01,82,20.12,4100.82,2450.9799999999996
2024-12-20,Brake_Pad_A,42.38,117,20.76,4958.46,2529.54
2024-12-21,Brake_Pad_A,38.7,114,19.89,4411.8,2144.34
2024-12-22,Brake_Pad_A,38.26,131,20.27,5012.0599999999995,2356.6899999999996
2024-12-23,Brake_Pad_A,39.98,111,20.5,4437.78,2162.2799999999997
2024-12-24,Brake_Pad_A,41.61,103,19.05,4285.83,2323.68
2024-12-25,Brake_Pad_A,50.9,75,19.53,3817.5,2352.75
2024-12-26,Brake_Pad_A,50.48,88,19.76,4442.24,2703.3599999999997
2024-12-27,Brake_Pad_A,43.42,117,19.88,5080.14,2754.1800000000003
2024-12-28,Brake_Pad_A,40.09,104,19.4,4169.360000000001,2151.7600000000007
2024-12-29,Brake_Pad_A,38.98,117,20.78,4560.66,2129.3999999999996
2024-12-30,Brake_Pad_A,46.04,89,20.61,4097.5599999999995,2263.27
2024-12-31,Brake_Pad_A,40.66,95,19.52,3862.7,2008.2999999999997
2025-01-01,Brake_Pad_A,50.42,77,19.28,3882.34,2397.78
2025-01-02,Brake_Pad_A,45.22,108,20.42,4883.76,2678.3999999999996
2025-01-03,Brake_Pad_A,41.08,111,19.21,4559.88,2427.5699999999997
2025-01-04,Brake_Pad_A,44.41,117,20.68,5195.969999999999,2776.41
2025-01-05,Brake_Pad_A,42.93,99,20.41,4250.07,2229.48
2025-01-06,Brake_Pad_A,46.78,91,20.14,4256.9800000000005,2424.2400000000002
2025-01-07,Brake_Pad_A,51.08,93,20.77,4750.44,2818.83
2025-01-08,Brake_Pad_A,48.27,101,19.61,4875.27,2894.6600000000003
2025-01-09,Brake_Pad_A,48.76,89,19.13,4339.639999999999,2637.0699999999997
2025-01-10,Brake_Pad_A,48.98,82,19.77,4016.3599999999997,2395.22
2025-01-11,Brake_Pad_A,41.44,120,19.19,4972.799999999999,2669.9999999999995
2025-01-12,Brake_Pad_A,47.39,90,19.13,4265.1,2543.4
2025-01-13,Brake_Pad_A,45.85,94,20.47,4309.900000000001,2385.7200000000003
2025-01-14,Brake_Pad_A,47.74,104,19.31,4964.96,2956.7200000000003
2025-01-15,Brake_Pad_A,46.54,108,19.37,5026.32,2934.3599999999997
2025-01-16,Brake_Pad_A,44.21,105,20.39,4642.05,2501.1
2025-01-17,Brake_Pad_A,43.9,106,19.54,4653.4,2582.16
2025-01-18,Brake_Pad_A,49.92,90,20.24,4492.8,2671.2000000000003
2025-01-19,Brake_Pad_A,49.76,93,19.63,4627.679999999999,2802.0899999999997
2025-01-20,Brake_Pad_A,43.61,115,19.78,5015.15,2740.45
2025-01-21,Brake_Pad_A,51.2,95,20.41,4864.0,2925.05
2025-01-22,Brake_Pad_A,42.98,108,19.1,4641.839999999999,2579.0399999999995
2025-01-23,Brake_Pad_A,39.11,114,19.04,4458.54,2287.98
2025-01-24,Brake_Pad_A,51.01,78,19.76,3978.7799999999997,2437.4999999999995
2025-01-25,Brake_Pad_A,47.07,123,19.5,5789.61,3391.11
2025-01-26,Brake_Pad_A,43.98,101,20.94,4441.98,2327.0399999999995
2025-01-27,Brake_Pad_A,44.36,104,19.85,4613.44,2549.04
2025-01-28,Brake_Pad_A,43.62,109,19.75,4754.58,2601.83
2025-01-29,Brake_Pad_A,44.8,107,20.8,4793.599999999999,2567.9999999999995
2025-01-30,Brake_Pad_A,50.04,100,20.34,5004.0,2970.0
2025-01-31,Brake_Pad_A,46.89,113,20.82,5298.57,2945.91
2025-02-01,Brake_Pad_A,42.08,120,19.44,5049.599999999999,2716.7999999999997
2025-02-02,Brake_Pad_A,47.95,89,19.83,4267.55,2502.6800000000003
2025-02-03,Brake_Pad_A,41.66,102,19.43,4249.32,2267.4599999999996
2025-02-04,Brake_Pad_A,44.03,113,19.02,4975.39,2826.13
2025-02-05,Brake_Pad_A,49.13,89,19.85,4372.570000000001,2605.92
2025-02-06,Brake_Pad_A,40.63,128,19.91,5200.64,2652.1600000000003
2025-02-07,Brake_Pad_A,41.64,129,19.66,5371.56,2835.42
2025-02-08,Brake_Pad_A,51.04,83,19.68,4236.32,2602.88
2025-02-09,Brake_Pad_A,40.1,122,19.95,4892.2,2458.3
2025-02-10,Brake_Pad_A,46.16,99,19.68,4569.839999999999,2621.5199999999995
2025-02-11,Brake_Pad_A,45.99,116,20.75,5334.84,2927.84
2025-02-12,Brake_Pad_A,49.87,98,20.39,4887.259999999999,2889.0399999999995
2025-02-13,Brake_Pad_A,38.71,122,20.38,4722.62,2236.26
2025-02-14,Brake_Pad_A,46.44,107,20.26,4969.08,2801.2599999999998
2025-02-15,Brake_Pad_A,46.26,92,20.96,4255.92,2327.6
2025-02-16,Brake_Pad_A,48.8,116,20.15,5660.799999999999,3323.3999999999996
2025-02-17,Brake_Pad_A,45.96,85,20.19,3906.6,2190.45
2025-02-18,Brake_Pad_A,49.29,99,19.41,4879.71,2958.12
2025-02-19,Brake_Pad_A,39.38,102,19.15,4016.76,2063.4600000000005
2025-02-20,Brake_Pad_A,43.16,125,20.44,5395.0,2839.9999999999995
2025-02-21,Brake_Pad_A,46.02,96,19.4,4417.92,2555.5200000000004
2025-02-22,Brake_Pad_A,48.84,106,19.41,5177.04,3119.5800000000004
2025-02-23,Brake_Pad_A,42.15,113,20.58,4762.95,2437.41
2025-02-24,Brake_Pad_A,50.91,105,19.94,5345.549999999999,3251.8499999999995
2025-02-25,Brake_Pad_A,44.75,112,19.4,5012.0,2839.2000000000003
2025-02-26,Brake_Pad_A,47.15,99,20.28,4667.849999999999,2660.1299999999997
2025-02-27,Brake_Pad_A,45.85,103,20.35,4722.55,2626.5
2025-02-28,Brake_Pad_A,45.02,114,20.17,5132.280000000001,2832.9
2025-03-01,Brake_Pad_A,43.69,128,20.47,5592.32,2972.16
2025-03-02,Brake_Pad_A,40.94,115,20.27,4708.099999999999,2377.0499999999997
2025-03-03,Brake_Pad_A,40.22,117,20.04,4705.74,2361.06
2025-03-04,Brake_Pad_A,43.71,103,20.1,4502.13,2431.83
2025-03-05,Brake_Pad_A,41.83,114,19.74,4768.62,2518.2599999999998
2025-03-06,Brake_Pad_A,47.64,110,20.43,5240.4,2993.1
2025-03-07,Brake_Pad_A,39.77,121,19.4,4812.17,2464.7700000000004
2025-03-08,Brake_Pad_A,48.79,89,20.75,4342.3099999999995,2495.56
2025-03-09,Brake_Pad_A,51.06,100,19.02,5106.0,3204.0000000000005
2025-03-10,Brake_Pad_A,48.43,86,19.14,4164.98,2518.94
2025-03-11,Brake_Pad_A,47.72,95,19.59,4533.4,2672.35
2025-03-12,Brake_Pad_A,49.85,89,20.74,4436.650000000001,2590.7900000000004
2025-03-13,Brake_Pad_A,50.65,108,19.21,5470.2,3395.5199999999995
2025-03-14,Brake_Pad_A,44.94,107,19.43,4808.58,2729.5699999999997
2025-03-15,Brake_Pad_A,44.59,118,19.79,5261.620000000001,2926.4000000000005
2025-03-16,Brake_Pad_A,46.81,113,20.19,5289.530000000001,3008.06
2025-03-17,Brake_Pad_A,39.69,128,20.17,5080.32,2498.5599999999995
2025-03-18,Brake_Pad_A,47.94,109,19.44,5225.46,3106.4999999999995
2025-03-19,Brake_Pad_A,44.97,105,19.8,4721.849999999999,2642.85
2025-03-20,Brake_Pad_A,48.0,91,19.14,4368.0,2626.2599999999998
2025-03-21,Brake_Pad_A,43.33,120,20.06,5199.599999999999,2792.4
2025-03-22,Brake_Pad_A,42.37,126,19.44,5338.62,2889.1799999999994
2025-03-23,Brake_Pad_A,42.1,112,20.67,4715.2,2400.16
2025-03-24,Brake_Pad_A,38.29,132,20.11,5054.28,2399.7599999999998
2025-03-25,Brake_Pad_A,49.33,89,19.25,4390.37,2677.12
2025-03-26,Brake_Pad_A,48.95,94,20.87,4601.3,2639.52
2025-03-27,Brake_Pad_A,51.56,83,19.68,4279.4800000000005,2646.0400000000004
2025-03-28,Brake_Pad_A,41.66,121,19.53,5040.86,2677.7299999999996
2025-03-29,Brake_Pad_A,41.65,127,19.92,5289.55,2759.7099999999996
2025-03-30,Brake_Pad_A,39.85,118,20.62,4702.3,2269.14
2025-03-31,Brake_Pad_A,42.73,104,20.04,4443.92,2359.7599999999998
2025-04-01,Brake_Pad_A,47.98,103,20.13,4941.94,2868.5499999999997
2025-04-02,Brake_Pad_A,49.47,73,19.75,3611.31,2169.56
2025-04-03,Brake_Pad_A,46.42,109,19.18,5059.78,2969.1600000000003
2025-04-04,Brake_Pad_A,45.15,108,20.35,4876.2,2678.3999999999996
2025-04-05,Brake_Pad_A,48.37,88,20.95,4256.5599999999995,2412.96
2025-04-06,Brake_Pad_A,44.33,106,20.64,4698.98,2511.14
2025-04-07,Brake_Pad_A,50.21,91,19.03,4569.11,2837.38
2025-04-08,Brake_Pad_A,50.7,83,20.12,4208.1,2538.1400000000003
2025-04-09,Brake_Pad_A,46.12,98,20.31,4519.759999999999,2529.3799999999997
2025-04-10,Brake_Pad_A,38.68,135,19.83,5221.8,2544.75
2025-04-11,Brake_Pad_A,41.78,120,19.34,5013.6,2692.8
2025-04-12,Brake_Pad_A,46.36,97,19.92,4496.92,2564.68
2025-04-13,Brake_Pad_A,42.03,116,19.46,4875.4800000000005,2618.12
2025-04-14,Brake_Pad_A,40.74,102,19.85,4155.4800000000005,2130.78
2025-04-15,Brake_Pad_A,41.31,142,20.53,5866.02,2950.76
2025-04-16,Brake_Pad_A,50.49,104,19.63,5250.96,3209.4400000000005
2025-04-17,Brake_Pad_A,49.04,101,19.67,4953.04,2966.37
2025-04-18,Brake_Pad_A,47.45,108,20.88,5124.6,2869.5600000000004
2025-04-19,Brake_Pad_A,50.74,105,19.22,5327.7,3309.6000000000004
2025-04-20,Brake_Pad_A,41.74,127,19.47,5300.9800000000005,2828.2900000000004
2025-04-21,Brake_Pad_A,39.45,135,20.57,5325.75,2548.8
2025-04-22,Brake_Pad_A,39.69,139,19.14,5516.91,2856.45
2025-04-23,Brake_Pad_A,51.72,92,20.03,4758.24,2915.4799999999996
2025-04-24,Brake_Pad_A,45.07,114,19.98,5137.9800000000005,2860.2599999999998
2025-04-25,Brake_Pad_A,43.9,114,19.9,5004.599999999999,2736.0
2025-04-26,Brake_Pad_A,44.41,106,20.52,4707.46,2532.3399999999997
2025-04-27,Brake_Pad_A,43.97,108,20.05,4748.76,2583.3599999999997
2025-04-28,Brake_Pad_A,38.38,154,19.64,5910.52,2885.9600000000005
2025-04-29,Brake_Pad_A,39.89,128,19.88,5105.92,2561.28
2025-04-30,Brake_Pad_A,48.35,78,19.86,3771.3,2222.2200000000003
2025-05-01,Brake_Pad_A,46.02,108,20.02,4970.160000000001,2808.0000000000005
2025-05-02,Brake_Pad_A,42.26,112,20.8,4733.12,2403.5199999999995
2025-05-03,Brake_Pad_A,49.86,102,20.22,5085.72,3023.28
2025-05-04,Brake_Pad_A,43.51,113,20.75,4916.63,2571.8799999999997
2025-05-05,Brake_Pad_A,44.24,119,19.53,5264.56,2940.4900000000002
2025-05-06,Brake_Pad_A,44.08,112,20.13,4936.96,2682.4
2025-05-07,Brake_Pad_A,40.79,114,20.91,4650.0599999999995,2266.3199999999997
2025-05-08,Brake_Pad_A,40.74,120,20.96,4888.8,2373.6000000000004
2025-05-09,Brake_Pad_A,45.12,122,19.79,5504.639999999999,3090.2599999999998
2025-05-10,Brake_Pad_A,41.34,120,20.16,4960.8,2541.6000000000004
2025-05-11,Brake_Pad_A,47.77,92,20.26,4394.84,2530.92
2025-05-12,Brake_Pad_A,48.0,83,19.02,3984.0,2405.34
2025-05-13,Brake_Pad_A,51.57,76,19.74,3919.32,2419.08
2025-05-14,Brake_Pad_A,38.6,149,20.05,5751.400000000001,2763.9500000000003
2025-05-15,Brake_Pad_A,50.91,72,19.75,3665.5199999999995,2243.5199999999995
2025-05-16,Brake_Pad_A,45.34,102,20.24,4624.68,2560.2000000000007
2025-05-17,Brake_Pad_A,49.31,79,19.18,3895.4900000000002,2380.27
2025-05-18,Brake_Pad_A,49.62,87,20.3,4316.94,2550.8399999999997
2025-05-19,Brake_Pad_A,46.04,117,19.74,5386.68,3077.1
2025-05-20,Brake_Pad_A,41.25,128,19.16,5280.0,2827.52
2025-05-21,Brake_Pad_A,43.52,134,20.34,5831.68,3106.1200000000003
2025-05-22,Brake_Pad_A,49.71,94,19.72,4672.74,2819.0600000000004
2025-05-23,Brake_Pad_A,51.21,84,20.85,4301.64,2550.24
2025-05-24,Brake_Pad_A,46.46,111,20.39,5157.06,2893.77
2025-05-25,Brake_Pad_A,40.51,127,19.18,5144.7699999999995,2708.91
2025-05-26,Brake_Pad_A,40.02,116,20.24,4642.320000000001,2294.4800000000005
2025-05-27,Brake_Pad_A,48.16,83,20.06,3997.2799999999997,2332.2999999999997
2025-05-28,Brake_Pad_A,38.5,135,19.8,5197.5,2524.5
2025-05-29,Brake_Pad_A,38.52,133,19.69,5123.160000000001,2504.3900000000003
2025-05-30,Brake_Pad_A,42.69,113,19.42,4823.969999999999,2629.5099999999998
2025-05-31,Brake_Pad_A,46.45,89,20.24,4134.05,2332.6900000000005
2025-06-01,Brake_Pad_A,40.16,127,19.09,5100.32,2675.8899999999994
2025-06-02,Brake_Pad_A,49.0,98,20.26,4802.0,2816.52
2025-06-03,Brake_Pad_A,45.73,109,20.8,4984.57,2717.3699999999994
2025-06-04,Brake_Pad_A,45.86,88,19.6,4035.68,2310.8799999999997
2025-06-05,Brake_Pad_A,44.09,97,19.23,4276.7300000000005,2411.42
2025-06-06,Brake_Pad_A,41.38,109,19.23,4510.42,2414.3500000000004
2025-06-07,Brake_Pad_A,51.03,78,20.73,3980.34,2363.4
2025-06-08,Brake_Pad_A,42.97,128,19.48,5500.16,3006.72
2025-06-09,Brake_Pad_A,51.61,85,19.34,4386.85,2742.95
2025-06-10,Brake_Pad_A,45.08,100,19.83,4508.0,2525.0
2025-06-11,Brake_Pad_A,38.35,124,20.25,4755.400000000001,2244.4
2025-06-12,Brake_Pad_A,40.6,121,19.8,4912.6,2516.8
2025-06-13,Brake_Pad_A,39.04,120,19.37,4684.8,2360.3999999999996
2025-06-14,Brake_Pad_A,43.86,116,20.09,5087.76,2757.32
2025-06-15,Brake_Pad_A,49.79,88,20.26,4381.5199999999995,2598.64
2025-06-16,Brake_Pad_A,43.55,107,20.42,4659.849999999999,2474.9099999999994
2025-06-17,Brake_Pad_A,49.87,101,20.7,5036.87,2946.1699999999996
2025-06-18,Brake_Pad_A,46.99,114,20.62,5356.860000000001,3006.1800000000003
2025-06-19,Brake_Pad_A,45.2,88,20.31,3977.6000000000004,2190.32
2025-06-20,Brake_Pad_A,50.64,77,19.55,3899.28,2393.93
2025-06-21,Brake_Pad_A,44.75,113,20.45,5056.75,2745.9
2025-06-22,Brake_Pad_A,46.75,106,19.71,4955.5,2866.24
2025-06-23,Brake_Pad_A,45.03,100,20.46,4503.0,2457.0
2025-06-24,Brake_Pad_A,40.25,120,20.99,4830.0,2311.2000000000003
2025-06-25,Brake_Pad_A,45.94,96,20.49,4410.24,2443.2
2025-06-26,Brake_Pad_A,49.24,80,19.09,3939.2000000000003,2412.0
2025-06-27,Brake_Pad_A,41.72,87,19.04,3629.64,1973.16
2025-06-28,Brake_Pad_A,50.0,91,20.28,4550.0,2704.52
2025-06-29,Brake_Pad_A,38.66,143,19.32,5528.379999999999,2765.6199999999994
2025-06-30,Brake_Pad_A,44.38,112,20.84,4970.56,2636.4800000000005
2025-07-01,Brake_Pad_A,45.43,95,20.52,4315.85,2366.45
2025-07-02,Brake_Pad_A,40.54,98,19.6,3972.92,2052.12
2025-07-03,Brake_Pad_A,48.78,90,19.02,4390.2,2678.4
2025-07-04,Brake_Pad_A,39.3,105,19.37,4126.5,2092.6499999999996
2025-07-05,Brake_Pad_A,49.49,100,20.91,4949.0,2858.0
2025-07-06,Brake_Pad_A,44.29,118,19.55,5226.22,2919.3199999999997
2025-07-07,Brake_Pad_A,45.39,116,20.74,5265.24,2859.4
2025-07-08,Brake_Pad_A,44.3,95,19.68,4208.5,2338.8999999999996
2025-07-09,Brake_Pad_A,49.16,78,19.66,3834.4799999999996,2300.9999999999995
2025-07-10,Brake_Pad_A,49.91,82,19.83,4092.62,2466.56
2025-07-11,Brake_Pad_A,46.51,96,19.49,4464.96,2593.92
2025-07-12,Brake_Pad_A,39.75,121,20.64,4809.75,2312.31
2025-07-13,Brake_Pad_A,41.95,92,19.7,3859.4,2047.0000000000002
2025-07-14,Brake_Pad_A,38.43,99,19.31,3804.57,1892.88
2025-07-15,Brake_Pad_A,44.79,84,20.78,3762.36,2016.84
2025-07-16,Brake_Pad_A,42.51,114,20.53,4846.139999999999,2505.72
2025-07-17,Brake_Pad_A,42.78,86,19.54,3679.08,1998.64
2025-07-18,Brake_Pad_A,47.27,100,20.07,4727.0,2720.0000000000005
2025-07-19,Brake_Pad_A,42.7,100,20.2,4270.0,2250.0000000000005
2025-07-20,Brake_Pad_A,44.88,100,19.77,4488.0,2511.0000000000005
2025-07-21,Brake_Pad_A,43.92,89,20.94,3908.88,2045.22
2025-07-22,Brake_Pad_A,40.79,109,19.3,4446.11,2342.41
2025-07-23,Brake_Pad_A,49.2,95,19.93,4674.0,2780.65
2025-07-24,Brake_Pad_A,45.37,110,20.15,4990.7,2774.2
2025-07-25,Brake_Pad_A,45.48,87,20.06,3956.7599999999998,2211.54
2025-07-26,Brake_Pad_A,47.42,101,20.19,4789.42,2750.23
2025-07-27,Brake_Pad_A,38.46,127,19.3,4884.42,2433.32
2025-07-28,Brake_Pad_A,47.45,85,19.75,4033.2500000000005,2354.5000000000005
2025-07-29,Brake_Pad_A,39.25,114,20.68,4474.5,2116.98
2025-07-30,Brake_Pad_A,47.0,88,20.18,4136.0,2360.16
