Project1_Price_Elasticity/data/sales_data_mock.csv
Date,Part_ID,Price,Quantity,Cost,Revenue,Margin
2025-07-31,Brake_Pad_A,41.72,89,20.36,3713.08,1901.04
2025-08-01,Brake_Pad_A,43.46,108,19.12,4693.68,2628.72
2025-08-02,Brake_Pad_A,41.07,110,19.85,4517.7,2334.2
2025-08-03,Brake_Pad_A,41.77,97,20.3,4051.6900000000005,2082.59
2025-08-04,Brake_Pad_A,47.95,79,20.62,3788.05,2159.07
2025-08-05,Brake_Pad_A,48.19,96,20.21,4626.24,2686.08
2025-08-06,Brake_Pad_A,48.31,79,20.5,3816.4900000000002,2196.9900000000002
2025-08-07,Brake_Pad_A,50.88,70,19.52,3561.6000000000004,2195.2000000000003
2025-08-08,Brake_Pad_A,47.86,68,19.17,3254.48,1950.9199999999998
2025-08-09,Brake_Pad_A,50.71,88,20.17,4462.4800000000005,2687.52
2025-08-10,Brake_Pad_A,41.13,99,20.24,4071.8700000000003,2068.1100000000006
2025-08-11,Brake_Pad_A,48.54,85,20.79,4125.9,2358.75
2025-08-12,Brake_Pad_A,45.79,72,19.11,3296.88,1920.96
2025-08-13,Brake_Pad_A,40.23,108,20.22,4344.839999999999,2161.08
2025-08-14,Brake_Pad_A,49.78,84,19.3,4181.52,2560.32
2025-08-15,Brake_Pad_A,42.76,124,19.8,5302.24,2847.0399999999995
2025-08-16,Brake_Pad_A,45.72,91,19.17,4160.5199999999995,2416.0499999999997
2025-08-17,Brake_Pad_A,48.87,97,20.94,4740.389999999999,2709.2099999999996
2025-08-18,Brake_Pad_A,46.78,98,20.63,4584.4400000000005,2562.7000000000003
2025-08-19,Brake_Pad_A,50.19,66,20.7,3312.54,1946.34
2025-08-20,Brake_Pad_A,45.04,110,19.65,4954.4,2792.9
2025-08-21,Brake_Pad_A,43.43,116,20.74,5037.88,2632.04
2025-08-22,Brake_Pad_A,43.84,100,19.01,4384.0,2483.0
2025-08-23,Brake_Pad_A,51.12,89,20.29,4549.679999999999,2743.87
2025-08-24,Brake_Pad_A,50.6,85,20.72,4301.0,2539.8
2025-08-25,Brake_Pad_A,40.54,82,19.92,3324.2799999999997,1690.8399999999997
2025-08-26,Brake_Pad_A,42.72,99,19.41,4229.28,2307.69
2025-08-27,Brake_Pad_A,39.77,110,20.52,4374.700000000001,2117.5000000000005
2025-08-28,Brake_Pad_A,43.59,85,20.39,3705.15,1972.0000000000002
2025-08-29,Brake_Pad_A,41.43,120,20.92,4971.6,2461.2
2025-08-30,Brake_Pad_A,40.25,117,19.34,4709.25,2446.47
2025-08-31,Brake_Pad_A,38.88,107,19.05,4160.16,2121.8100000000004
2025-09-01,Brake_Pad_A,48.09,83,19.59,3991.4700000000003,2365.5000000000005
2025-09-02,Brake_Pad_A,40.58,106,19.63,4301.48,2220.7
2025-09-03,Brake_Pad_A,42.62,104,19.19,4432.48,2436.72
2025-09-04,Brake_Pad_A,40.92,101,20.13,4132.92,2099.7900000000004
2025-09-05,Brake_Pad_A,49.81,75,19.71,3735.75,2257.5
2025-09-06,Brake_Pad_A,38.73,102,19.76,3950.4599999999996,1934.9399999999996
2025-09-07,Brake_Pad_A,46.82,94,19.32,4401.08,2585.0
2025-09-08,Brake_Pad_A,38.87,113,19.94,4392.3099999999995,2139.0899999999997
2025-09-09,Brake_Pad_A,49.99,88,20.55,4399.12,2590.7200000000003
2025-09-10,Brake_Pad_A,43.48,97,19.38,4217.5599999999995,2337.7
2025-09-11,Brake_Pad_A,41.42,98,20.19,4059.1600000000003,2080.54
2025-09-12,Brake_Pad_A,49.81,70,19.89,3486.7000000000003,2094.4
2025-09-13,Brake_Pad_A,44.93,111,20.46,4987.23,2716.17
2025-09-14,Brake_Pad_A,50.61,76,19.61,3846.36,2356.0
2025-09-15,Brake_Pad_A,42.93,97,19.43,4164.21,2279.5
2025-09-16,Brake_Pad_A,40.21,104,20.56,4181.84,2043.6000000000001
2025-09-17,Brake_Pad_A,44.42,89,19.49,3953.38,2218.7700000000004
2025-09-18,Brake_Pad_A,44.86,98,19.85,4396.28,2450.98
2025-09-19,Brake_Pad_A,46.52,92,19.95,4279.84,2444.4400000000005
2025-09-20,Brake_Pad_A,48.68,75,20.38,3651.0,2122.5
2025-09-21,Brake_Pad_A,48.91,72,20.97,3521.5199999999995,2011.6799999999998
2025-09-22,Brake_Pad_A,44.66,77,19.49,3438.8199999999997,1938.09
2025-09-23,Brake_Pad_A,51.04,86,19.42,4389.44,2719.3199999999997
2025-09-24,Brake_Pad_A,39.31,99,19.47,3891.69,1964.1600000000003
2025-09-25,Brake_Pad_A,48.62,100,20.14,4862.0,2847.9999999999995
2025-09-26,Brake_Pad_A,50.33,78,19.25,3925.74,2424.24
2025-09-27,Brake_Pad_A,44.87,73,19.94,3275.5099999999998,1819.8899999999996
2025-09-28,Brake_Pad_A,45.42,77,20.17,3497.34,1944.25
2025-09-29,Brake_Pad_A,46.59,85,19.62,3960.15,2292.4500000000003
2025-09-30,Brake_Pad_A,41.01,106,20.68,4347.0599999999995,2154.98
2025-10-01,Brake_Pad_A,46.08,101,20.49,4654.08,2584.59
2025-10-02,Brake_Pad_A,44.05,104,19.56,4581.2,2546.96
2025-10-03,Brake_Pad_A,50.85,94,20.04,4779.900000000001,2896.1400000000003
2025-10-04,Brake_Pad_A,39.86,89,20.19,3547.54,1750.6299999999999
2025-10-05,Brake_Pad_A,45.01,105,20.55,4726.05,2568.2999999999997
2025-10-06,Brake_Pad_A,42.15,95,19.27,4004.25,2173.6
2025-10-07,Brake_Pad_A,43.73,92,20.76,4023.16,2113.24
2025-10-08,Brake_Pad_A,51.37,69,19.91,3544.5299999999997,2170.74
2025-10-09,Brake_Pad_A,42.17,91,19.59,3837.4700000000003,2054.78
2025-10-10,Brake_Pad_A,47.35,91,19.23,4308.85,2558.92
2025-10-11,Brake_Pad_A,45.15,94,19.58,4244.099999999999,2403.58
2025-10-12,Brake_Pad_A,44.95,89,20.74,4000.55,2154.6900000000005
2025-10-13,Brake_Pad_A,44.45,95,19.12,4222.75,2406.3500000000004
2025-10-14,Brake_Pad_A,50.75,100,20.75,5075.0,3000.0
2025-10-15,Brake_Pad_A,41.02,94,19.35,3855.88,2036.9800000000002
2025-10-16,Brake_Pad_A,40.3,86,20.66,3465.7999999999997,1689.0399999999997
2025-10-17,Brake_Pad_A,50.31,83,20.34,4175.7300000000005,2487.51
2025-10-18,Brake_Pad_A,39.39,95,20.31,3742.05,1812.6000000000001
2025-10-19,Brake_Pad_A,46.73,100,19.74,4673.0,2699.0
2025-10-20,Brake_Pad_A,40.77,98,19.91,3995.4600000000005,2044.2800000000002
2025-10-21,Brake_Pad_A,50.73,83,19.07,4210.59,2627.7799999999997
2025-10-22,Brake_Pad_A,50.76,59,19.86,2994.8399999999997,1823.1
2025-10-23,Brake_Pad_A,51.33,78,19.2,4003.74,2506.1399999999994
2025-10-24,Brake_Pad_A,40.22,115,19.8,4625.3,2348.2999999999997
2025-10-25,Brake_Pad_A,51.55,73,20.81,3763.1499999999996,2244.02
2025-10-26,Brake_Pad_A,38.79,120,19.66,4654.8,2295.6
2025-10-27,Brake_Pad_A,50.2,76,20.26,3815.2000000000003,2275.44
2025-10-28,Brake_Pad_A,43.65,90,19.9,3928.5,2137.5
2025-10-29,Brake_Pad_A,45.9,93,19.25,4268.7,2478.45
2025-10-30,Brake_Pad_A,40.73,124,20.7,5050.5199999999995,2483.72
2025-10-31,Brake_Pad_A,50.89,72,19.54,3664.08,2257.2000000000003
2025-11-01,Brake_Pad_A,50.25,76,20.78,3819.0,2239.72
2025-11-02,Brake_Pad_A,45.44,98,20.24,4453.12,2469.6
2025-11-03,Brake_Pad_A,49.61,90,20.07,4464.9,2658.6
2025-11-04,Brake_Pad_A,45.33,77,19.34,3490.41,2001.2299999999998
2025-11-05,Brake_Pad_A,45.59,90,19.11,4103.1,2383.2000000000003
2025-11-06,Brake_Pad_A,46.08,90,20.86,4147.2,2269.7999999999997
2025-11-07,Brake_Pad_A,39.68,97,20.07,3848.96,1902.1699999999998
2025-11-08,Brake_Pad_A,49.53,89,19.03,4408.17,2714.5
2025-11-09,Brake_Pad_A,41.09,114,19.37,4684.26,2476.0800000000004
2025-11-10,Brake_Pad_A,38.48,112,19.0,4309.759999999999,2181.7599999999998
2025-11-11,Brake_Pad_A,40.61,100,19.72,4061.0,2089.0
2025-11-12,Brake_Pad_A,42.09,102,20.38,4293.18,2214.4200000000005
2025-11-13,Brake_Pad_A,43.92,109,19.15,4787.28,2699.9300000000003
2025-11-14,Brake_Pad_A,47.91,95,20.01,4551.45,2650.4999999999995
2025-11-15,Brake_Pad_A,45.16,86,19.92,3883.7599999999998,2170.6399999999994
2025-11-16,Brake_Pad_A,40.11,105,19.6,4211.55,2153.5499999999997
2025-11-17,Brake_Pad_A,44.08,91,20.21,4011.2799999999997,2172.1699999999996
2025-11-18,Brake_Pad_A,48.96,92,20.71,4504.32,2599.0
2025-11-19,Brake_Pad_A,41.73,104,19.41,4339.92,2321.2799999999997
2025-11-20,Brake_Pad_A,44.83,90,20.9,4034.7,2153.7
2025-11-21,Brake_Pad_A,50.0,90,20.78,4500.0,2629.7999999999997
2025-11-22,Brake_Pad_A,50.85,73,19.06,3712.05,2320.67
2025-11-23,Brake_Pad_A,41.3,108,19.8,4460.4,2321.9999999999995
2025-11-24,Brake_Pad_A,50.45,92,20.79,4641.400000000001,2728.7200000000003
2025-11-25,Brake_Pad_A,41.89,113,20.96,4733.57,2365.09
2025-11-26,Brake_Pad_A,44.21,97,19.99,4288.37,2349.34
2025-11-27,Brake_Pad_A,39.84,98,20.03,3904.32,1941.38
2025-11-28,Brake_Pad_A,46.85,91,19.38,4263.35,2499.7700000000004
2025-11-29,Brake_Pad_A,49.94,107,19.1,5343.58,3299.8799999999997
2025-11-30,Brake_Pad_A,40.35,98,19.52,3954.3,2041.3400000000001
2025-12-01,Brake_Pad_A,46.84,85,20.23,3981.4,2261.8500000000004
2025-12-02,Brake_Pad_A,47.65,102,21.0,4860.3,2718.2999999999997
2025-12-03,Brake_Pad_A,49.73,90,19.02,4475.7,2763.8999999999996
2025-12-04,Brake_Pad_A,46.16,98,20.67,4523.679999999999,2498.0199999999995
2025-12-05,Brake_Pad_A,46.95,107,20.53,5023.650000000001,2826.94
2025-12-06,Brake_Pad_A,38.8,119,20.44,4617.2,2184.8399999999997
2025-12-07,Brake_Pad_A,45.4,100,19.31,4540.0,2609.0
2025-12-08,Brake_Pad_A,42.6,108,20.42,4600.8,2395.44
2025-12-09,Brake_Pad_A,44.43,93,19.62,4131.99,2307.33
2025-12-10,Brake_Pad_A,50.38,88,20.67,4433.4400000000005,2614.48
2025-12-11,Brake_Pad_A,49.77,69,20.37,3434.13,2028.6000000000001
2025-12-12,Brake_Pad_A,42.19,113,20.45,4767.469999999999,2456.62
2025-12-13,Brake_Pad_A,39.43,118,19.19,4652.74,2388.3199999999997
2025-12-14,Brake_Pad_A,44.88,92,19.13,4128.96,2369.0000000000005
2025-12-15,Brake_Pad_A,50.11,76,20.15,3808.36,2276.96
2025-12-16,Brake_Pad_A,39.79,106,20.69,4217.74,2024.5999999999997
2025-12-17,Brake_Pad_A,50.02,81,20.41,4051.6200000000003,2398.4100000000003
2025-12-18,Brake_Pad_A,45.88,80,20.51,3670.4,2029.6000000000001
2025-12-19,Brake_Pad_A,43.59,98,19.22,4271.820000000001,2388.26
2025-12-20,Brake_Pad_A,38.3,128,20.58,4902.4,2268.16
2025-12-21,Brake_Pad_A,43.77,100,19.09,4377.0,2468.0000000000005
2025-12-22,Brake_Pad_A,50.7,65,20.45,3295.5,1966.2500000000002
2025-12-23,Brake_Pad_A,46.9,74,19.08,3470.6,2058.68
2025-12-24,Brake_Pad_A,45.69,89,19.19,4066.41,2358.4999999999995
2025-12-25,Brake_Pad_A,40.37,103,20.76,4158.11,2019.8299999999995
2025-12-26,Brake_Pad_A,47.87,111,19.38,5313.57,3162.39
2025-12-27,Brake_Pad_A,50.96,99,20.87,5045.04,2978.91
2025-12-28,Brake_Pad_A,38.57,119,20.97,4589.83,2094.4
2025-12-29,Brake_Pad_A,42.49,96,19.41,4079.04,2215.6800000000003
2025-12-30,Brake_Pad_A,41.83,100,19.26,4183.0,2256.9999999999995
2025-12-31,Brake_Pad_A,38.45,136,20.72,5229.200000000001,2411.2800000000007
2026-01-01,Brake_Pad_A,44.89,86,19.64,3860.54,2171.5
2026-01-02,Brake_Pad_A,50.18,88,20.71,4415.84,2593.3599999999997
2026-01-03,Brake_Pad_A,50.91,93,20.81,4734.63,2799.2999999999997
2026-01-04,Brake_Pad_A,41.67,124,19.42,5167.08,2759.0
2026-01-05,Brake_Pad_A,48.48,93,20.52,4508.639999999999,2600.2799999999997
2026-01-06,Brake_Pad_A,51.27,76,19.15,3896.5200000000004,2441.1200000000003
2026-01-07,Brake_Pad_A,44.92,98,20.71,4402.16,2372.58
2026-01-08,Brake_Pad_A,49.46,96,19.75,4748.16,2852.16
2026-01-09,Brake_Pad_A,50.32,75,20.39,3774.0,2244.75
2026-01-10,Brake_Pad_A,44.68,107,20.31,4780.76,2607.59
2026-01-11,Brake_Pad_A,45.8,101,19.11,4625.799999999999,2695.6899999999996
2026-01-12,Brake_Pad_A,40.02,128,19.72,5122.56,2598.4000000000005
2026-01-13,Brake_Pad_A,45.01,105,19.4,4726.05,2689.0499999999997
2026-01-14,Brake_Pad_A,44.18,108,20.56,4771.44,2550.96
2026-01-15,Brake_Pad_A,40.69,120,19.03,4882.799999999999,2599.2
2026-01-16,Brake_Pad_A,42.21,98,19.83,4136.58,2193.2400000000002
2026-01-17,Brake_Pad_A,47.79,115,20.27,5495.849999999999,3164.7999999999997
2026-01-18,Brake_Pad_A,45.84,87,20.51,3988.0800000000004,2203.71
2026-01-19,Brake_Pad_A,44.08,84,20.51,3702.72,1979.8799999999997
2026-01-20,Brake_Pad_A,42.91,103,19.35,4419.73,2426.6799999999994
2026-01-21,Brake_Pad_A,42.6,115,20.56,4899.0,2534.6000000000004
2026-01-22,Brake_Pad_A,42.18,119,19.52,5019.42,2696.54
2026-01-23,Brake_Pad_A,38.54,135,20.98,5202.9,2370.6
2026-01-24,Brake_Pad_A,42.1,109,19.36,4588.900000000001,2478.6600000000003
2026-01-25,Brake_Pad_A,42.81,96,20.77,4109.76,2115.84
2026-01-26,Brake_Pad_A,44.74,123,19.22,5503.02,3138.9600000000005
2026-01-27,Brake_Pad_A,46.53,111,19.9,5164.83,2955.9300000000003
2026-01-28,Brake_Pad_A,49.26,97,20.53,4778.22,2786.8099999999995
2026-01-29,Brake_Pad_A,47.68,99,20.64,4720.32,2676.96
2026-01-30,Brake_Pad_A,43.69,116,20.93,5068.04,2640.16
2026-01-31,Brake_Pad_A,46.1,112,20.81,5163.2,2832.4800000000005
2026-02-01,Brake_Pad_A,47.0,93,19.99,4371.0,2511.9300000000003
2026-02-02,Brake_Pad_A,47.95,93,19.62,4459.35,2634.69
2026-02-03,Brake_Pad_A,45.6,104,19.63,4742.400000000001,2700.88
2026-02-04,Brake_Pad_A,44.91,125,19.46,5613.75,3181.2499999999995
2026-02-05,Brake_Pad_A,45.01,107,20.08,4816.07,2667.5099999999998
2026-02-06,Brake_Pad_A,44.02,125,20.01,5502.5,3001.25
2026-02-07,Brake_Pad_A,47.0,117,19.63,5499.0,3202.29
2026-02-08,Brake_Pad_A,40.19,109,20.8,4380.71,2113.5099999999998
2026-02-09,Brake_Pad_A,41.04,120,19.24,4924.8,2616.0
2026-02-10,Brake_Pad_A,50.48,104,20.49,5249.92,3118.96
2026-02-11,Brake_Pad_A,49.23,90,20.33,4430.7,2601.0
2026-02-12,Brake_Pad_A,51.38,93,19.46,4778.34,2968.56
2026-02-13,Brake_Pad_A,43.15,102,19.98,4401.3,2363.3399999999997
2026-02-14,Brake_Pad_A,40.46,93,19.91,3762.78,1911.15
2026-02-15,Brake_Pad_A,51.46,90,19.4,4631.4,2885.4
2026-02-16,Brake_Pad_A,40.48,127,20.81,5140.96,2498.0899999999997
2026-02-17,Brake_Pad_A,43.35,106,20.32,4595.1,2441.1800000000003
2026-02-18,Brake_Pad_A,42.18,99,20.47,4175.82,2149.29
2026-02-19,Brake_Pad_A,39.67,128,20.05,5077.76,2511.36
2026-02-20,Brake_Pad_A,47.97,82,20.35,3933.54,2264.8399999999997
2026-02-21,Brake_Pad_A,44.43,114,20.81,5065.0199999999995,2692.6800000000003
2026-02-22,Brake_Pad_A,49.47,108,19.71,5342.76,3214.08
2026-02-23,Brake_Pad_A,41.24,121,20.6,4990.04,2497.44
2026-02-24,Brake_Pad_A,46.3,109,20.34,5046.7,2829.64
2026-02-25,Brake_Pad_A,50.38,88,19.48,4433.4400000000005,2719.2000000000003
2026-02-26,Brake_Pad_A,38.26,120,20.43,4591.2,2139.6
2026-02-27,Brake_Pad_A,48.25,111,19.29,5355.75,3214.56
2026-02-28,Brake_Pad_A,45.34,91,20.22,4125.9400000000005,2285.9200000000005
2026-03-01,Brake_Pad_A,49.32,125,20.19,6165.0,3641.25
2026-03-02,Brake_Pad_A,44.9,122,19.72,5477.8,3071.96
2026-03-03,Brake_Pad_A,44.28,121,20.77,5357.88,2844.71
2026-03-04,Brake_Pad_A,46.13,108,20.01,4982.04,2820.96
2026-03-05,Brake_Pad_A,40.54,141,20.98,5716.14,2757.96
2026-03-06,Brake_Pad_A,47.1,91,19.79,4286.1,2485.21
2026-03-07,Brake_Pad_A,43.1,114,19.48,4913.400000000001,2692.6800000000003
2026-03-08,Brake_Pad_A,43.37,118,20.96,5117.66,2644.3799999999997
2026-03-09,Brake_Pad_A,45.41,105,20.26,4768.049999999999,2640.7499999999995
2026-03-10,Brake_Pad_A,45.47,114,19.29,5183.58,2984.52
2026-03-11,Brake_Pad_A,40.22,116,19.13,4665.5199999999995,2446.44
2026-03-12,Brake_Pad_A,46.23,121,19.3,5593.83,3258.5299999999997
2026-03-13,Brake_Pad_A,41.5,113,19.15,4689.5,2525.55
2026-03-14,Brake_Pad_A,45.83,110,20.68,5041.3,2766.5
2026-03-15,Brake_Pad_A,45.84,114,19.99,5225.76,2946.9000000000005
2026-03-16,Brake_Pad_A,48.83,85,20.58,4150.55,2401.25
2026-03-17,Brake_Pad_A,41.35,109,20.42,4507.150000000001,2281.37
2026-03-18,Brake_Pad_A,48.46,96,19.74,4652.16,2757.1200000000003
2026-03-19,Brake_Pad_A,44.49,116,19.92,5160.84,2850.12
2026-03-20,Brake_Pad_A,40.85,130,20.84,5310.5,2601.3
2026-03-21,Brake_Pad_A,47.46,86,19.56,4081.56,2399.4
2026-03-22,Brake_Pad_A,39.94,137,20.75,5471.78,2629.0299999999997
2026-03-23,Brake_Pad_A,50.41,90,20.68,4536.9,2675.7
2026-03-24,Brake_Pad_A,43.8,126,19.09,5518.799999999999,3113.4599999999996
2026-03-25,Brake_Pad_A,42.97,119,19.62,5113.43,2778.6499999999996
2026-03-26,Brake_Pad_A,44.04,106,20.26,4668.24,2520.68
2026-03-27,Brake_Pad_A,51.18,93,20.41,4759.74,2861.61
2026-03-28,Brake_Pad_A,39.8,135,19.35,5373.0,2760.7499999999995
2026-03-29,Brake_Pad_A,44.62,107,20.68,4774.34,2561.58
2026-03-30,Brake_Pad_A,45.19,107,20.91,4835.33,2597.9599999999996
2026-03-31,Brake_Pad_A,48.79,108,20.39,5269.32,3067.2
2026-04-01,Brake_Pad_A,46.06,106,19.04,4882.360000000001,2864.1200000000003
2026-04-02,Brake_Pad_A,43.59,127,20.03,5535.93,2992.1200000000003
2026-04-03,Brake_Pad_A,44.03,105,20.06,4623.150000000001,2516.8500000000004
2026-04-04,Brake_Pad_A,38.89,136,20.47,5289.04,2505.1200000000003
2026-04-05,Brake_Pad_A,42.25,133,20.09,5619.25,2947.28
2026-04-06,Brake_Pad_A,47.21,111,20.75,5240.31,2937.06
2026-04-07,Brake_Pad_A,47.71,95,20.9,4532.45,2546.9500000000003
2026-04-08,Brake_Pad_A,49.36,105,20.33,5182.8,3048.15
2026-04-09,Brake_Pad_A,49.98,110,20.69,5497.799999999999,3221.8999999999996
2026-04-10,Brake_Pad_A,45.64,109,20.9,4974.76,2696.6600000000003
2026-04-11,Brake_Pad_A,43.97,131,20.63,5760.07,3057.54
2026-04-12,Brake_Pad_A,42.86,110,19.61,4714.6,2557.5
2026-04-13,Brake_Pad_A,49.21,107,19.88,5265.47,3138.3100000000004
2026-04-14,Brake_Pad_A,38.76,121,19.23,4689.96,2363.1299999999997
2026-04-15,Brake_Pad_A,51.62,103,19.64,5316.86,3293.9399999999996
2026-04-16,Brake_Pad_A,49.48,110,19.97,5442.799999999999,3246.1
2026-04-17,Brake_Pad_A,38.53,114,20.32,4392.42,2075.94
2026-04-18,Brake_Pad_A,39.33,152,20.58,5978.16,2850.0
2026-04-19,Brake_Pad_A,49.82,98,20.95,4882.36,2829.26
2026-04-20,Brake_Pad_A,45.05,117,19.57,5270.849999999999,2981.16
2026-04-21,Brake_Pad_A,46.32,94,20.36,4354.08,2440.2400000000002
2026-04-22,Brake_Pad_A,51.16,87,20.78,4450.92,2643.0599999999995
2026-04-23,Brake_Pad_A,46.99,110,20.89,5168.900000000001,2871.0
2026-04-24,Brake_Pad_A,43.32,110,19.02,4765.2,2673.0
2026-04-25,Brake_Pad_A,41.22,118,19.75,4863.96,2533.46
2026-04-26,Brake_Pad_A,40.37,126,19.12,5086.62,2677.4999999999995
2026-04-27,Brake_Pad_A,45.24,120,19.87,5428.8,3044.4
2026-04-28,Brake_Pad_A,50.16,84,20.29,4213.44,2509.08
2026-04-29,Brake_Pad_A,50.41,110,19.75,5545.099999999999,3372.5999999999995
2026-04-30,Brake_Pad_A,44.4,105,20.02,4662.0,2559.9
2026-05-01,Brake_Pad_A,43.13,117,20.87,5046.21,2604.42
2026-05-02,Brake_Pad_A,47.6,100,19.63,4760.0,2797.0000000000005
2026-05-03,Brake_Pad_A,39.04,121,20.09,4723.84,2292.95
2026-05-04,Brake_Pad_A,46.46,108,19.97,5017.68,2860.92
2026-05-05,Brake_Pad_A,44.84,105,19.98,4708.200000000001,2610.3
2026-05-06,Brake_Pad_A,43.67,113,20.08,4934.71,2665.6700000000005
2026-05-07,Brake_Pad_A,44.56,105,20.41,4678.8,2535.75
2026-05-08,Brake_Pad_A,51.31,91,20.4,4669.21,2812.8100000000004
2026-05-09,Brake_Pad_A,49.69,108,20.86,5366.5199999999995,3113.64
2026-05-10,Brake_Pad_A,42.23,102,19.43,4307.46,2325.6
2026-05-11,Brake_Pad_A,48.36,101,20.49,4884.36,2814.87
2026-05-12,Brake_Pad_A,48.19,128,20.16,6168.32,3587.8399999999997
2026-05-13,Brake_Pad_A,44.9,90,19.25,4041.0,2308.5
2026-05-14,Brake_Pad_A,38.79,125,19.5,4848.75,2411.25
2026-05-15,Brake_Pad_A,39.04,114,19.37,4450.5599999999995,2242.3799999999997
2026-05-16,Brake_Pad_A,46.75,97,20.43,4534.75,2553.04
