Project1_Price_Elasticity/data/sales_data_mock.csv
Date,Part_ID,Price,Quantity,Cost,Revenue,Margin
2026-05-17,Brake_Pad_A,38.44,127,20.56,4881.88,2270.7599999999998
2026-05-18,Brake_Pad_A,41.63,113,19.99,4704.1900000000005,2445.3200000000006
2026-05-19,Brake_Pad_A,44.14,116,20.0,5120.24,2800.2400000000002
2026-05-20,Brake_Pad_A,38.55,118,19.96,4548.9,2193.6199999999994
2026-05-21,Brake_Pad_A,44.05,93,19.03,4096.65,2326.8599999999997
2026-05-22,Brake_Pad_A,40.08,109,20.44,4368.72,2140.7599999999998
2026-05-23,Brake_Pad_A,40.0,124,19.67,4960.0,2520.9199999999996
2026-05-24,Brake_Pad_A,51.35,110,20.99,5648.5,3339.6000000000004
2026-05-25,Brake_Pad_A,44.04,113,19.22,4976.5199999999995,2804.66
2026-05-26,Brake_Pad_A,47.18,103,20.31,4859.54,2767.61
2026-05-27,Brake_Pad_A,41.98,104,20.69,4365.92,2214.1599999999994
2026-05-28,Brake_Pad_A,39.95,111,20.78,4434.450000000001,2127.8700000000003
2026-05-29,Brake_Pad_A,38.54,123,20.58,4740.42,2209.08
2026-05-30,Brake_Pad_A,47.87,91,20.96,4356.17,2448.8099999999995
2026-05-31,Brake_Pad_A,50.02,89,19.32,4451.780000000001,2732.3
2026-06-01,Brake_Pad_A,50.6,109,19.04,5515.400000000001,3440.0400000000004
2026-06-02,Brake_Pad_A,47.1,108,20.98,5086.8,2820.96
2026-06-03,Brake_Pad_A,48.27,85,20.16,4102.95,2389.3500000000004
2026-06-04,Brake_Pad_A,38.33,158,19.05,6056.139999999999,3046.24
2026-06-05,Brake_Pad_A,49.67,97,20.57,4817.99,2822.7000000000003
2026-06-06,Brake_Pad_A,48.11,102,19.76,4907.22,2891.7
2026-06-07,Brake_Pad_A,50.42,92,20.77,4638.64,2727.8
2026-06-08,Brake_Pad_A,45.95,108,19.54,4962.6,2852.28
2026-06-09,Brake_Pad_A,44.92,103,19.89,4626.76,2578.09
2026-06-10,Brake_Pad_A,50.78,90,19.53,4570.2,2812.5
2026-06-11,Brake_Pad_A,50.2,88,19.81,4417.6,2674.32
2026-06-12,Brake_Pad_A,50.84,84,19.48,4270.56,2634.2400000000002
2026-06-13,Brake_Pad_A,49.66,96,20.37,4767.36,2811.8399999999997
2026-06-14,Brake_Pad_A,42.06,114,19.39,4794.84,2584.38
2026-06-15,Brake_Pad_A,42.99,94,19.37,4041.0600000000004,2220.28
2026-06-16,Brake_Pad_A,47.96,95,20.03,4556.2,2653.35
2026-06-17,Brake_Pad_A,41.01,93,20.4,3813.93,1916.73
2026-06-18,Brake_Pad_A,48.72,94,20.62,4579.68,2641.3999999999996
2026-06-19,Brake_Pad_A,41.55,128,19.97,5318.4,2762.24
2026-06-20,Brake_Pad_A,38.3,120,20.26,4596.0,2164.7999999999993
2026-06-21,Brake_Pad_A,39.55,119,19.82,4706.45,2347.8699999999994
2026-06-22,Brake_Pad_A,51.45,84,19.93,4321.8,2647.6800000000003
2026-06-23,Brake_Pad_A,39.96,122,19.94,4875.12,2442.44
2026-06-24,Brake_Pad_A,51.36,76,20.16,3903.36,2371.2
2026-06-25,Brake_Pad_A,50.13,106,20.98,5313.780000000001,3089.9
2026-06-26,Brake_Pad_A,44.96,81,20.62,3641.76,1971.54
2026-06-27,Brake_Pad_A,50.36,82,19.63,4129.5199999999995,2519.86
2026-06-28,Brake_Pad_A,45.59,88,19.78,4011.92,2271.28
2026-06-29,Brake_Pad_A,38.36,129,20.87,4948.44,2256.2099999999996
2026-06-30,Brake_Pad_A,51.03,94,19.35,4796.82,2977.92
2026-07-01,Brake_Pad_A,41.18,96,19.12,3953.2799999999997,2117.7599999999998
2026-07-02,Brake_Pad_A,42.83,102,20.47,4368.66,2280.72
2026-07-03,Brake_Pad_A,39.49,128,20.07,5054.72,2485.76
2026-07-04,Brake_Pad_A,40.46,95,19.55,3843.7000000000003,1986.45
2026-07-05,Brake_Pad_A,42.83,121,20.58,5182.429999999999,2692.25
2026-07-06,Brake_Pad_A,44.76,86,19.46,3849.3599999999997,2175.7999999999997
2026-07-07,Brake_Pad_A,40.26,98,19.22,3945.48,2061.92
2026-07-08,Brake_Pad_A,45.22,114,20.53,5155.08,2814.66
2026-07-09,Brake_Pad_A,44.59,105,19.99,4681.950000000001,2583.0000000000005
2026-07-10,Brake_Pad_A,48.08,88,20.15,4231.04,2457.84
2026-07-11,Brake_Pad_A,44.99,104,20.18,4678.96,2580.2400000000002
2026-07-12,Brake_Pad_A,41.65,97,19.64,4040.0499999999997,2134.97
2026-07-13,Brake_Pad_A,44.44,103,19.6,4577.32,2558.5199999999995
2026-07-14,Brake_Pad_A,42.51,110,20.94,4676.099999999999,2372.7
2026-07-15,Brake_Pad_A,39.06,112,19.29,4374.72,2214.2400000000002
2026-07-16,Brake_Pad_A,41.49,121,20.63,5020.29,2524.0600000000004
2026-07-17,Brake_Pad_A,45.35,88,19.77,3990.8,2251.04
2026-07-18,Brake_Pad_A,46.31,90,19.66,4167.900000000001,2398.5
2026-07-19,Brake_Pad_A,48.66,98,20.82,4768.679999999999,2728.3199999999997
2026-07-20,Brake_Pad_A,42.02,128,19.01,5378.56,2945.28
2026-07-21,Brake_Pad_A,48.58,84,19.7,4080.72,2425.92
2026-07-22,Brake_Pad_A,44.47,109,19.5,4847.23,2721.73
2026-07-23,Brake_Pad_A,42.41,114,19.6,4834.74,2600.3399999999992
2026-07-24,Brake_Pad_A,48.2,84,20.42,4048.8,2333.52
2026-07-25,Brake_Pad_A,46.28,94,20.07,4350.32,2463.7400000000002
2026-07-26,Brake_Pad_A,42.06,109,20.35,4584.54,2366.39
2026-07-27,Brake_Pad_A,51.48,69,20.78,3552.12,2118.2999999999997
2026-07-28,Brake_Pad_A,49.55,80,20.5,3964.0,2324.0
2026-07-29,Brake_Pad_A,46.97,81,19.5,3804.5699999999997,2225.0699999999997
2026-07-30,Brake_Pad_A,43.92,89,20.33,3908.88,2099.51
2026-07-31,Brake_Pad_A,43.7,104,19.27,4544.8,2540.7200000000003
2026-08-01,Brake_Pad_A,48.82,91,20.44,4442.62,2582.58
2026-08-02,Brake_Pad_A,43.71,98,20.94,4283.58,2231.46
2026-08-03,Brake_Pad_A,42.22,101,20.77,4264.22,2166.45
2026-08-04,Brake_Pad_A,42.76,96,19.24,4104.96,2257.92
2026-08-05,Brake_Pad_A,48.16,88,19.62,4238.08,2511.5199999999995
2026-08-06,Brake_Pad_A,44.71,96,20.05,4292.16,2367.36
2026-08-07,Brake_Pad_A,48.71,84,20.8,4091.64,2344.44
2026-08-08,Brake_Pad_A,48.4,86,20.01,4162.4,2441.54
2026-08-09,Brake_Pad_A,50.34,84,20.49,4228.56,2507.4000000000005
2026-08-10,Brake_Pad_A,40.21,92,19.23,3699.32,1930.16
2026-08-11,Brake_Pad_A,46.56,84,20.56,3911.04,2184.0000000000005
2026-08-12,Brake_Pad_A,40.12,113,19.6,4533.5599999999995,2318.7599999999998
2026-08-13,Brake_Pad_A,38.76,126,20.99,4883.759999999999,2239.02
2026-08-14,Brake_Pad_A,44.04,120,19.18,5284.8,2983.2
2026-08-15,Brake_Pad_A,48.53,85,19.08,4125.05,2503.2500000000005
2026-08-16,Brake_Pad_A,45.64,97,20.87,4427.08,2402.69
2026-08-17,Brake_Pad_A,38.9,104,20.17,4045.6,1947.9199999999996
2026-08-18,Brake_Pad_A,51.42,82,20.94,4216.4400000000005,2499.36
2026-08-19,Brake_Pad_A,42.22,96,20.8,4053.12,2056.3199999999997
2026-08-20,Brake_Pad_A,44.38,92,19.96,4082.96,2246.6400000000003
2026-08-21,Brake_Pad_A,39.93,128,20.43,5111.04,2496.0
2026-08-22,Brake_Pad_A,48.55,77,20.16,3738.35,2186.0299999999997
2026-08-23,Brake_Pad_A,42.01,96,20.16,4032.96,2097.6
2026-08-24,Brake_Pad_A,42.7,111,20.33,4739.700000000001,2483.0700000000006
2026-08-25,Brake_Pad_A,40.43,105,19.03,4245.15,2247.0
2026-08-26,Brake_Pad_A,41.11,107,19.35,4398.7699999999995,2328.3199999999997
2026-08-27,Brake_Pad_A,47.51,91,20.07,4323.41,2497.04
2026-08-28,Brake_Pad_A,51.6,84,20.41,4334.400000000001,2619.96
2026-08-29,Brake_Pad_A,50.02,88,19.17,4401.76,2714.8
2026-08-30,Brake_Pad_A,50.48,91,20.5,4593.679999999999,2728.18
2026-08-31,Brake_Pad_A,42.37,95,19.78,4025.1499999999996,2146.0499999999997
2026-09-01,Brake_Pad_A,39.93,101,20.75,4032.93,1937.18
2026-09-02,Brake_Pad_A,41.98,105,20.69,4407.9,2235.4499999999994
2026-09-03,Brake_Pad_A,49.31,90,20.6,4437.900000000001,2583.9
2026-09-04,Brake_Pad_A,47.67,99,20.81,4719.33,2659.1400000000003
2026-09-05,Brake_Pad_A,49.45,83,20.36,4104.35,2414.4700000000003
2026-09-06,Brake_Pad_A,47.36,80,20.68,3788.8,2134.4
2026-09-07,Brake_Pad_A,45.27,82,19.09,3712.1400000000003,2146.76
2026-09-08,Brake_Pad_A,48.14,90,19.72,4332.6,2557.8
2026-09-09,Brake_Pad_A,42.64,90,20.61,3837.6,1982.7
2026-09-10,Brake_Pad_A,47.46,58,20.27,2752.68,1577.02
2026-09-11,Brake_Pad_A,45.7,89,19.51,4067.3,2330.9100000000003
2026-09-12,Brake_Pad_A,41.78,117,20.81,4888.26,2453.4900000000002
2026-09-13,Brake_Pad_A,40.93,89,20.73,3642.77,1797.8
2026-09-14,Brake_Pad_A,44.52,101,19.98,4496.52,2478.5400000000004
2026-09-15,Brake_Pad_A,49.75,77,19.35,3830.75,2340.7999999999997
2026-09-16,Brake_Pad_A,40.73,104,19.04,4235.92,2255.7599999999998
2026-09-17,Brake_Pad_A,38.91,119,20.63,4630.29,2175.3199999999997
2026-09-18,Brake_Pad_A,46.8,77,20.74,3603.6,2006.62
2026-09-19,Brake_Pad_A,41.21,107,20.34,4409.47,2233.09
2026-09-20,Brake_Pad_A,44.69,94,20.11,4200.86,2310.52
2026-09-21,Brake_Pad_A,40.94,116,20.72,4749.04,2345.52
2026-09-22,Brake_Pad_A,44.32,92,19.66,4077.44,2268.72
2026-09-23,Brake_Pad_A,43.59,95,20.97,4141.05,2148.9000000000005
2026-09-24,Brake_Pad_A,46.3,95,19.99,4398.5,2499.45
2026-09-25,Brake_Pad_A,47.8,82,19.24,3919.6,2341.92
2026-09-26,Brake_Pad_A,38.4,100,19.06,3840.0,1934.0
2024-01-01,Oil_Filter_B,13.45,307,5.18,4129.15,2538.89
2024-01-02,Oil_Filter_B,14.8,320,5.01,4736.0,3132.8
2024-01-03,Oil_Filter_B,14.15,317,4.84,4485.55,2951.27
2024-01-04,Oil_Filter_B,13.09,319,5.16,4175.71,2529.67
2024-01-05,Oil_Filter_B,13.29,345,5.03,4585.049999999999,2849.6999999999994
2024-01-06,Oil_Filter_B,14.05,337,5.19,4734.85,2985.8199999999997
2024-01-07,Oil_Filter_B,13.29,326,4.91,4332.54,2731.8799999999997
2024-01-08,Oil_Filter_B,17.19,260,5.13,4469.400000000001,3135.6000000000004
2024-01-09,Oil_Filter_B,15.86,286,4.82,4535.96,3157.4399999999996
2024-01-10,Oil_Filter_B,16.02,315,5.14,5046.3,3427.2
2024-01-11,Oil_Filter_B,15.67,315,5.03,4936.05,3351.6000000000004
2024-01-12,Oil_Filter_B,15.65,289,5.21,4522.85,3017.1600000000003
2024-01-13,Oil_Filter_B,15.89,303,4.9,4814.67,3329.9700000000003
2024-01-14,Oil_Filter_B,12.89,339,5.01,4369.71,2671.32
2024-01-15,Oil_Filter_B,16.51,295,4.84,4870.450000000001,3442.6500000000005
2024-01-16,Oil_Filter_B,16.6,294,4.8,4880.400000000001,3469.2000000000003
2024-01-17,Oil_Filter_B,12.87,353,5.04,4543.11,2763.99
2024-01-18,Oil_Filter_B,16.55,275,5.1,4551.25,3148.7500000000005
2024-01-19,Oil_Filter_B,16.13,306,5.2,4935.78,3344.58
2024-01-20,Oil_Filter_B,16.31,306,5.0,4990.86,3460.8599999999997
2024-01-21,Oil_Filter_B,13.13,338,5.22,4437.9400000000005,2673.5800000000004
2024-01-22,Oil_Filter_B,16.11,298,4.94,4800.78,3328.6599999999994
2024-01-23,Oil_Filter_B,12.95,377,5.06,4882.15,2974.5299999999997
2024-01-24,Oil_Filter_B,14.44,300,4.94,4332.0,2850.0
2024-01-25,Oil_Filter_B,17.04,287,5.09,4890.48,3429.6499999999996
2024-01-26,Oil_Filter_B,13.36,348,4.97,4649.28,2919.7200000000003
2024-01-27,Oil_Filter_B,13.09,325,4.83,4254.25,2684.5
2024-01-28,Oil_Filter_B,13.68,331,5.1,4528.08,2839.98
2024-01-29,Oil_Filter_B,14.83,331,4.88,4908.7300000000005,3293.45
2024-01-30,Oil_Filter_B,15.42,317,5.0,4888.14,3303.14
2024-01-31,Oil_Filter_B,13.86,315,4.89,4365.9,2825.5499999999997
2024-02-01,Oil_Filter_B,16.21,279,4.96,4522.59,3138.75
2024-02-02,Oil_Filter_B,16.17,302,4.96,4883.34,3385.42
2024-02-03,Oil_Filter_B,15.74,306,5.19,4816.4400000000005,3228.3
2024-02-04,Oil_Filter_B,15.57,299,5.15,4655.43,3115.58
2024-02-05,Oil_Filter_B,13.32,343,4.82,4568.76,2915.5
2024-02-06,Oil_Filter_B,15.03,323,5.19,4854.69,3178.32
2024-02-07,Oil_Filter_B,16.66,293,4.95,4881.38,3431.03
2024-02-08,Oil_Filter_B,14.99,315,4.93,4721.85,3168.9
2024-02-09,Oil_Filter_B,12.91,358,4.78,4621.78,2910.5399999999995
2024-02-10,Oil_Filter_B,15.97,312,4.86,4982.64,3466.3199999999997
2024-02-11,Oil_Filter_B,14.07,364,4.79,5121.4800000000005,3377.9200000000005
2024-02-12,Oil_Filter_B,16.19,280,4.99,4533.200000000001,3136.0000000000005
2024-02-13,Oil_Filter_B,13.98,342,5.16,4781.16,3016.44
2024-02-14,Oil_Filter_B,13.85,336,4.93,4653.599999999999,2997.12
2024-02-15,Oil_Filter_B,13.23,322,5.0,4260.06,2650.06
2024-02-16,Oil_Filter_B,16.38,308,5.17,5045.04,3452.68
2024-02-17,Oil_Filter_B,13.79,319,5.1,4399.009999999999,2772.1099999999997
2024-02-18,Oil_Filter_B,17.24,281,4.95,4844.44,3453.49
2024-02-19,Oil_Filter_B,17.19,286,5.09,4916.34,3460.6000000000004
2024-02-20,Oil_Filter_B,16.26,295,5.23,4796.700000000001,3253.8500000000004
2024-02-21,Oil_Filter_B,16.75,313,5.03,5242.75,3668.3599999999997
2024-02-22,Oil_Filter_B,13.95,368,5.08,5133.599999999999,3264.16
2024-02-23,Oil_Filter_B,13.47,372,5.0,5010.84,3150.84
2024-02-24,Oil_Filter_B,13.21,396,4.78,5231.160000000001,3338.2799999999997
2024-02-25,Oil_Filter_B,15.82,308,5.25,4872.56,3255.56
2024-02-26,Oil_Filter_B,17.18,287,4.86,4930.66,3535.84
2024-02-27,Oil_Filter_B,13.28,333,4.97,4422.24,2767.2299999999996
2024-02-28,Oil_Filter_B,16.26,279,5.24,4536.540000000001,3074.5800000000004
2024-02-29,Oil_Filter_B,13.5,326,5.1,4401.0,2738.4
2024-03-01,Oil_Filter_B,15.12,337,4.78,5095.44,3484.58
2024-03-02,Oil_Filter_B,13.07,362,5.11,4731.34,2881.52
2024-03-03,Oil_Filter_B,16.05,287,5.2,4606.35,3113.9500000000003
2024-03-04,Oil_Filter_B,16.23,304,4.79,4933.92,3477.76
2024-03-05,Oil_Filter_B,15.38,343,4.81,5275.34,3625.51
2024-03-06,Oil_Filter_B,15.63,340,5.01,5314.2,3610.8
2024-03-07,Oil_Filter_B,17.0,306,5.06,5202.0,3653.6400000000003
2024-03-08,Oil_Filter_B,15.3,335,4.95,5125.5,3467.2500000000005
2024-03-09,Oil_Filter_B,13.77,317,5.08,4365.09,2754.73
2024-03-10,Oil_Filter_B,17.05,322,5.21,5490.1,3812.48
2024-03-11,Oil_Filter_B,13.57,366,5.01,4966.62,3132.96
2024-03-12,Oil_Filter_B,16.53,330,4.87,5454.900000000001,3847.8
2024-03-13,Oil_Filter_B,15.48,323,4.95,5000.04,3401.1900000000005
2024-03-14,Oil_Filter_B,13.61,345,4.93,4695.45,2994.6
2024-03-15,Oil_Filter_B,14.84,295,5.23,4377.8,2834.95
2024-03-16,Oil_Filter_B,15.09,334,5.13,5040.06,3326.6400000000003
2024-03-17,Oil_Filter_B,16.89,320,5.22,5404.8,3734.4000000000005
2024-03-18,Oil_Filter_B,16.9,299,5.13,5053.099999999999,3519.23
2024-03-19,Oil_Filter_B,15.54,328,4.78,5097.12,3529.2799999999993
2024-03-20,Oil_Filter_B,15.12,323,5.19,4883.759999999999,3207.39
2024-03-21,Oil_Filter_B,12.8,373,5.02,4774.400000000001,2901.9400000000005
2024-03-22,Oil_Filter_B,13.9,372,5.2,5170.8,3236.3999999999996
2024-03-23,Oil_Filter_B,13.07,382,4.9,4992.74,3120.94
2024-03-24,Oil_Filter_B,15.52,336,5.02,5214.72,3528.0
2024-03-25,Oil_Filter_B,13.3,345,5.07,4588.5,2839.3500000000004
2024-03-26,Oil_Filter_B,13.34,375,4.86,5002.5,3180.0
2024-03-27,Oil_Filter_B,16.02,308,4.85,4934.16,3440.36
2024-03-28,Oil_Filter_B,16.74,307,4.96,5139.179999999999,3616.459999999999
2024-03-29,Oil_Filter_B,14.99,298,4.92,4467.02,3000.86
2024-03-30,Oil_Filter_B,15.61,336,4.95,5244.96,3581.76
2024-03-31,Oil_Filter_B,16.68,323,5.15,5387.64,3724.1899999999996
2024-04-01,Oil_Filter_B,13.93,336,4.87,4680.48,3044.1599999999994
2024-04-02,Oil_Filter_B,17.09,300,4.78,5127.0,3692.9999999999995
2024-04-03,Oil_Filter_B,15.11,303,5.11,4578.33,3030.0
2024-04-04,Oil_Filter_B,16.38,305,5.14,4995.9,3428.1999999999994
2024-04-05,Oil_Filter_B,14.84,362,5.0,5372.08,3562.08
2024-04-06,Oil_Filter_B,13.46,371,4.91,4993.660000000001,3172.05
2024-04-07,Oil_Filter_B,17.1,293,5.08,5010.3,3521.8600000000006
2024-04-08,Oil_Filter_B,14.87,351,4.93,5219.37,3488.9399999999996
2024-04-09,Oil_Filter_B,14.87,308,4.91,4579.96,3067.68
2024-04-10,Oil_Filter_B,16.67,317,5.08,5284.39,3674.0300000000007
2024-04-11,Oil_Filter_B,14.06,377,5.15,5300.62,3359.07
2024-04-12,Oil_Filter_B,16.09,332,5.05,5341.88,3665.2799999999997
2024-04-13,Oil_Filter_B,15.08,324,4.97,4885.92,3275.64
2024-04-14,Oil_Filter_B,15.6,286,4.93,4461.599999999999,3051.62
2024-04-15,Oil_Filter_B,16.36,310,4.9,5071.599999999999,3552.6
2024-04-16,Oil_Filter_B,15.49,310,5.23,4801.9,3180.6
2024-04-17,Oil_Filter_B,16.99,306,4.93,5198.94,3690.3599999999997
2024-04-18,Oil_Filter_B,13.3,365,5.11,4854.5,2989.3500000000004
2024-04-19,Oil_Filter_B,14.44,318,4.82,4591.92,3059.16
2024-04-20,Oil_Filter_B,14.94,380,4.77,5677.2,3864.6
2024-04-21,Oil_Filter_B,15.19,304,5.02,4617.76,3091.68
2024-04-22,Oil_Filter_B,17.22,317,5.03,5458.74,3864.229999999999
2024-04-23,Oil_Filter_B,13.99,324,5.24,4532.76,2835.0
2024-04-24,Oil_Filter_B,15.33,366,4.8,5610.78,3853.9800000000005
2024-04-25,Oil_Filter_B,14.1,336,4.89,4737.599999999999,3094.5600000000004
2024-04-26,Oil_Filter_B,16.56,308,4.99,5100.48,3563.5599999999995
2024-04-27,Oil_Filter_B,12.98,332,4.9,4309.360000000001,2682.56
2024-04-28,Oil_Filter_B,15.39,326,5.09,5017.14,3357.8
2024-04-29,Oil_Filter_B,12.96,354,4.78,4587.84,2895.72
2024-04-30,Oil_Filter_B,14.97,321,5.1,4805.37,3168.2700000000004
2024-05-01,Oil_Filter_B,13.69,343,4.78,4695.67,3056.13
2024-05-02,Oil_Filter_B,15.65,309,4.85,4835.85,3337.2000000000003
2024-05-03,Oil_Filter_B,15.14,328,4.98,4965.92,3332.48
2024-05-04,Oil_Filter_B,14.32,331,4.9,4739.92,3118.02
2024-05-05,Oil_Filter_B,14.4,320,4.82,4608.0,3065.6
2024-05-06,Oil_Filter_B,13.41,352,5.23,4720.32,2879.3599999999997
2024-05-07,Oil_Filter_B,17.17,307,4.87,5271.1900000000005,3776.1000000000004
2024-05-08,Oil_Filter_B,13.86,353,4.83,4892.58,3187.5899999999997
2024-05-09,Oil_Filter_B,14.91,334,4.89,4979.94,3346.68
2024-05-10,Oil_Filter_B,13.21,358,4.77,4729.18,3021.5200000000004
2024-05-11,Oil_Filter_B,14.99,306,4.84,4586.9400000000005,3105.9
2024-05-12,Oil_Filter_B,15.18,308,4.77,4675.44,3206.28
2024-05-13,Oil_Filter_B,14.21,348,4.84,4945.08,3260.76
2024-05-14,Oil_Filter_B,13.94,347,5.11,4837.179999999999,3064.0099999999993
2024-05-15,Oil_Filter_B,13.63,339,5.24,4620.570000000001,2844.21
2024-05-16,Oil_Filter_B,15.21,370,5.0,5627.700000000001,3777.7000000000003
2024-05-17,Oil_Filter_B,15.32,276,4.89,4228.32,2878.68
2024-05-18,Oil_Filter_B,15.77,315,4.96,4967.55,3405.1499999999996
2024-05-19,Oil_Filter_B,13.67,344,4.89,4702.48,3020.3200000000006
2024-05-20,Oil_Filter_B,14.16,322,5.18,4559.52,2891.56
2024-05-21,Oil_Filter_B,14.55,348,5.09,5063.400000000001,3292.0800000000004
2024-05-22,Oil_Filter_B,15.96,275,5.19,4389.0,2961.75
2024-05-23,Oil_Filter_B,14.42,360,5.02,5191.2,3384.0
2024-05-24,Oil_Filter_B,14.75,322,5.0,4749.5,3139.5
2024-05-25,Oil_Filter_B,14.14,319,5.02,4510.66,2909.28
2024-05-26,Oil_Filter_B,15.8,324,5.12,5119.2,3460.3199999999997
2024-05-27,Oil_Filter_B,13.22,334,5.05,4415.4800000000005,2728.7800000000007
2024-05-28,Oil_Filter_B,15.15,289,4.81,4378.35,2988.2599999999998
2024-05-29,Oil_Filter_B,16.01,302,5.16,4835.02,3276.7000000000003
2024-05-30,Oil_Filter_B,14.5,326,4.78,4727.0,3168.72
2024-05-31,Oil_Filter_B,13.73,347,4.75,4764.31,3116.06
2024-06-01,Oil_Filter_B,16.76,301,5.08,5044.76,3515.6800000000003
2024-06-02,Oil_Filter_B,15.88,294,5.08,4668.72,3175.2000000000003
2024-06-03,Oil_Filter_B,16.17,278,5.1,4495.26,3077.4600000000005
2024-06-04,Oil_Filter_B,16.46,310,5.04,5102.6,3540.2000000000007
2024-06-05,Oil_Filter_B,16.19,300,4.77,4857.0,3426.0000000000005
2024-06-06,Oil_Filter_B,14.29,326,5.25,4658.54,2947.0399999999995
2024-06-07,Oil_Filter_B,13.99,309,5.05,4322.91,2762.4600000000005
