Project1_Price_Elasticity/data/sales_data_mock.csv
Date,Part_ID,Price,Quantity,Cost,Revenue,Margin
2024-06-08,Oil_Filter_B,13.44,344,5.21,4623.36,2831.1200000000003
2024-06-09,Oil_Filter_B,14.04,334,4.98,4689.36,3026.0399999999995
2024-06-10,Oil_Filter_B,13.5,334,5.15,4509.0,2788.9
2024-06-11,Oil_Filter_B,14.11,329,4.82,4642.19,3056.41
2024-06-12,Oil_Filter_B,16.25,312,5.02,5070.0,3503.76
2024-06-13,Oil_Filter_B,17.03,261,5.04,4444.83,3129.3900000000003
2024-06-14,Oil_Filter_B,15.32,282,5.15,4320.24,2867.94
2024-06-15,Oil_Filter_B,16.13,270,4.93,4355.099999999999,3024.0
2024-06-16,Oil_Filter_B,16.21,284,4.84,4603.64,3229.0800000000004
2024-06-17,Oil_Filter_B,16.01,267,4.89,4274.67,2969.0400000000004
2024-06-18,Oil_Filter_B,14.3,327,4.88,4676.1,3080.3400000000006
2024-06-19,Oil_Filter_B,14.74,297,5.17,4377.78,2842.29
2024-06-20,Oil_Filter_B,16.82,296,4.78,4978.72,3563.8399999999997
2024-06-21,Oil_Filter_B,13.29,349,4.89,4638.21,2931.5999999999995
2024-06-22,Oil_Filter_B,14.55,303,5.16,4408.650000000001,2845.17
2024-06-23,Oil_Filter_B,16.43,275,4.78,4518.25,3203.7499999999995
2024-06-24,Oil_Filter_B,14.85,305,4.86,4529.25,3046.9499999999994
2024-06-25,Oil_Filter_B,17.12,275,4.78,4708.0,3393.5
2024-06-26,Oil_Filter_B,15.71,260,4.84,4084.6000000000004,2826.2000000000003
2024-06-27,Oil_Filter_B,16.14,286,4.96,4616.04,3197.48
2024-06-28,Oil_Filter_B,12.93,327,5.24,4228.11,2514.6299999999997
2024-06-29,Oil_Filter_B,14.13,318,4.83,4493.34,2957.4
2024-06-30,Oil_Filter_B,16.92,269,4.77,4551.4800000000005,3268.3500000000004
2024-07-01,Oil_Filter_B,12.98,333,5.15,4322.34,2607.39
2024-07-02,Oil_Filter_B,15.13,278,5.15,4206.14,2774.44
2024-07-03,Oil_Filter_B,14.09,299,4.87,4212.91,2756.7799999999997
2024-07-04,Oil_Filter_B,16.65,264,5.06,4395.599999999999,3059.7599999999998
2024-07-05,Oil_Filter_B,15.78,306,5.09,4828.679999999999,3271.14
2024-07-06,Oil_Filter_B,16.57,267,5.21,4424.1900000000005,3033.12
2024-07-07,Oil_Filter_B,16.88,265,5.11,4473.2,3119.0499999999997
2024-07-08,Oil_Filter_B,14.29,285,5.17,4072.6499999999996,2599.2
2024-07-09,Oil_Filter_B,15.22,286,4.94,4352.92,2940.0800000000004
2024-07-10,Oil_Filter_B,13.35,331,5.04,4418.849999999999,2750.6099999999997
2024-07-11,Oil_Filter_B,13.24,324,5.02,4289.76,2663.28
2024-07-12,Oil_Filter_B,15.37,300,5.07,4611.0,3089.9999999999995
2024-07-13,Oil_Filter_B,14.61,333,4.81,4865.13,3263.4
2024-07-14,Oil_Filter_B,16.41,306,5.23,5021.46,3421.08
2024-07-15,Oil_Filter_B,14.3,321,4.79,4590.3,3052.7100000000005
2024-07-16,Oil_Filter_B,16.48,286,5.22,4713.28,3220.3600000000006
2024-07-17,Oil_Filter_B,14.73,303,4.78,4463.1900000000005,3014.85
2024-07-18,Oil_Filter_B,15.19,293,5.06,4450.67,2968.0899999999997
2024-07-19,Oil_Filter_B,15.05,289,5.17,4349.45,2855.32
2024-07-20,Oil_Filter_B,17.01,281,4.79,4779.81,3433.8200000000006
2024-07-21,Oil_Filter_B,15.45,294,4.95,4542.3,3087.0
2024-07-22,Oil_Filter_B,13.76,305,5.24,4196.8,2598.6
2024-07-23,Oil_Filter_B,13.35,341,5.25,4552.349999999999,2762.1
2024-07-24,Oil_Filter_B,16.26,273,5.1,4438.9800000000005,3046.6800000000007
2024-07-25,Oil_Filter_B,15.38,316,4.99,4860.08,3283.2400000000002
2024-07-26,Oil_Filter_B,15.32,265,4.85,4059.8,2774.55
2024-07-27,Oil_Filter_B,15.76,299,5.03,4712.24,3208.27
2024-07-28,Oil_Filter_B,13.83,319,4.91,4411.77,2845.48
2024-07-29,Oil_Filter_B,14.67,298,4.87,4371.66,2920.4
2024-07-30,Oil_Filter_B,16.39,288,5.18,4720.32,3228.4800000000005
2024-07-31,Oil_Filter_B,14.23,305,5.16,4340.150000000001,2766.35
2024-08-01,Oil_Filter_B,16.51,266,5.11,4391.660000000001,3032.4000000000005
2024-08-02,Oil_Filter_B,12.96,326,4.87,4224.96,2637.34
2024-08-03,Oil_Filter_B,14.62,286,4.85,4181.32,2794.22
2024-08-04,Oil_Filter_B,16.87,276,4.83,4656.12,3323.0400000000004
2024-08-05,Oil_Filter_B,14.51,307,4.97,4454.57,2928.7799999999997
2024-08-06,Oil_Filter_B,12.78,316,5.16,4038.48,2407.9199999999996
2024-08-07,Oil_Filter_B,13.23,353,4.9,4670.1900000000005,2940.4900000000002
2024-08-08,Oil_Filter_B,13.51,327,5.01,4417.7699999999995,2779.5
2024-08-09,Oil_Filter_B,15.65,253,4.79,3959.4500000000003,2747.58
2024-08-10,Oil_Filter_B,15.57,256,5.22,3985.92,2649.6000000000004
2024-08-11,Oil_Filter_B,14.1,302,5.1,4258.2,2718.0
2024-08-12,Oil_Filter_B,14.49,259,4.9,3752.91,2483.81
2024-08-13,Oil_Filter_B,13.5,333,4.94,4495.5,2850.4799999999996
2024-08-14,Oil_Filter_B,14.95,273,5.03,4081.35,2708.1599999999994
2024-08-15,Oil_Filter_B,14.78,295,5.07,4360.099999999999,2864.45
2024-08-16,Oil_Filter_B,13.31,290,4.77,3859.9,2476.6000000000004
2024-08-17,Oil_Filter_B,16.42,263,4.99,4318.46,3006.0900000000006
2024-08-18,Oil_Filter_B,15.27,294,4.97,4489.38,3028.2000000000003
2024-08-19,Oil_Filter_B,13.61,308,5.05,4191.88,2636.4799999999996
2024-08-20,Oil_Filter_B,15.01,268,4.77,4022.68,2744.32
2024-08-21,Oil_Filter_B,16.52,243,5.0,4014.3599999999997,2799.3599999999997
2024-08-22,Oil_Filter_B,14.17,264,4.8,3740.88,2473.6800000000003
2024-08-23,Oil_Filter_B,15.21,260,5.18,3954.6000000000004,2607.8
2024-08-24,Oil_Filter_B,15.67,291,4.82,4559.97,3157.35
2024-08-25,Oil_Filter_B,14.66,284,4.77,4163.44,2808.76
2024-08-26,Oil_Filter_B,14.24,297,5.21,4229.28,2681.9100000000003
2024-08-27,Oil_Filter_B,14.52,287,5.12,4167.24,2697.7999999999997
2024-08-28,Oil_Filter_B,15.02,282,4.93,4235.64,2845.38
2024-08-29,Oil_Filter_B,13.06,309,5.19,4035.54,2431.83
2024-08-30,Oil_Filter_B,13.5,290,4.92,3915.0,2488.2
2024-08-31,Oil_Filter_B,14.68,303,5.02,4448.04,2926.98
2024-09-01,Oil_Filter_B,14.57,284,4.83,4137.88,2766.16
2024-09-02,Oil_Filter_B,17.07,248,4.88,4233.36,3023.1200000000003
2024-09-03,Oil_Filter_B,15.5,260,4.84,4030.0,2771.6
2024-09-04,Oil_Filter_B,15.32,289,5.03,4427.4800000000005,2973.81
2024-09-05,Oil_Filter_B,15.84,250,4.78,3960.0,2764.9999999999995
2024-09-06,Oil_Filter_B,15.48,239,4.78,3699.7200000000003,2557.2999999999997
2024-09-07,Oil_Filter_B,14.05,273,4.96,3835.65,2481.57
2024-09-08,Oil_Filter_B,13.02,315,4.95,4101.3,2542.05
2024-09-09,Oil_Filter_B,14.88,265,5.19,3943.2000000000003,2567.8500000000004
2024-09-10,Oil_Filter_B,13.23,315,5.13,4167.45,2551.5000000000005
2024-09-11,Oil_Filter_B,13.49,270,5.19,3642.3,2241.0
2024-09-12,Oil_Filter_B,16.51,261,5.12,4309.110000000001,2972.79
2024-09-13,Oil_Filter_B,16.47,261,4.78,4298.67,3051.0899999999992
2024-09-14,Oil_Filter_B,13.31,306,5.05,4072.86,2527.5600000000004
2024-09-15,Oil_Filter_B,12.97,324,4.92,4202.280000000001,2608.2000000000003
2024-09-16,Oil_Filter_B,15.43,254,5.12,3919.22,2618.74
2024-09-17,Oil_Filter_B,15.91,276,5.12,4391.16,2978.04
2024-09-18,Oil_Filter_B,13.41,303,4.83,4063.23,2599.7400000000002
2024-09-19,Oil_Filter_B,15.7,286,5.23,4490.2,2994.4199999999996
2024-09-20,Oil_Filter_B,13.5,324,4.93,4374.0,2776.6800000000003
2024-09-21,Oil_Filter_B,17.19,251,5.15,4314.6900000000005,3022.0400000000004
2024-09-22,Oil_Filter_B,15.6,273,5.11,4258.8,2863.7699999999995
2024-09-23,Oil_Filter_B,17.09,269,5.15,4597.21,3211.8599999999997
2024-09-24,Oil_Filter_B,13.29,302,5.0,4013.58,2503.58
2024-09-25,Oil_Filter_B,15.47,270,4.82,4176.900000000001,2875.5
2024-09-26,Oil_Filter_B,12.78,303,4.97,3872.3399999999997,2366.43
2024-09-27,Oil_Filter_B,14.36,279,5.21,4006.44,2552.8499999999995
2024-09-28,Oil_Filter_B,13.2,305,5.14,4026.0,2458.2999999999997
2024-09-29,Oil_Filter_B,13.85,299,5.09,4141.15,2619.24
2024-09-30,Oil_Filter_B,15.81,276,4.83,4363.56,3030.48
2024-10-01,Oil_Filter_B,16.37,271,5.23,4436.27,3018.94
2024-10-02,Oil_Filter_B,13.07,311,5.13,4064.77,2469.34
2024-10-03,Oil_Filter_B,13.35,299,4.79,3991.65,2559.4399999999996
2024-10-04,Oil_Filter_B,15.96,278,5.18,4436.88,2996.84
2024-10-05,Oil_Filter_B,14.87,271,5.17,4029.77,2628.7
2024-10-06,Oil_Filter_B,14.2,284,4.93,4032.7999999999997,2632.68
2024-10-07,Oil_Filter_B,13.64,314,5.11,4282.96,2678.4200000000005
2024-10-08,Oil_Filter_B,13.94,295,4.81,4112.3,2693.35
2024-10-09,Oil_Filter_B,14.85,266,5.19,3950.1,2569.56
2024-10-10,Oil_Filter_B,13.45,285,4.94,3833.25,2425.3499999999995
2024-10-11,Oil_Filter_B,15.42,250,5.24,3855.0,2545.0
2024-10-12,Oil_Filter_B,15.91,254,5.08,4041.14,2750.82
2024-10-13,Oil_Filter_B,16.34,263,4.93,4297.42,3000.83
2024-10-14,Oil_Filter_B,16.89,222,5.12,3749.58,2612.94
2024-10-15,Oil_Filter_B,13.45,269,5.07,3618.0499999999997,2254.22
2024-10-16,Oil_Filter_B,16.65,246,4.98,4095.8999999999996,2870.8199999999997
2024-10-17,Oil_Filter_B,14.44,273,5.15,3942.12,2536.1699999999996
2024-10-18,Oil_Filter_B,12.92,317,5.0,4095.64,2510.64
2024-10-19,Oil_Filter_B,12.92,310,5.23,4005.2,2383.8999999999996
2024-10-20,Oil_Filter_B,16.96,272,4.77,4613.12,3315.6800000000003
2024-10-21,Oil_Filter_B,17.21,233,4.91,4009.9300000000003,2865.9
2024-10-22,Oil_Filter_B,13.65,290,5.21,3958.5,2447.6000000000004
2024-10-23,Oil_Filter_B,13.96,290,4.99,4048.4,2601.3
2024-10-24,Oil_Filter_B,15.17,240,5.13,3640.8,2409.6
2024-10-25,Oil_Filter_B,14.66,289,4.9,4236.74,2820.64
2024-10-26,Oil_Filter_B,16.55,267,4.87,4418.85,3118.56
2024-10-27,Oil_Filter_B,14.82,281,5.15,4164.42,2717.27
2024-10-28,Oil_Filter_B,16.15,296,4.91,4780.4,3327.0399999999995
2024-10-29,Oil_Filter_B,16.72,284,4.79,4748.48,3388.12
2024-10-30,Oil_Filter_B,15.15,276,5.15,4181.400000000001,2760.0
2024-10-31,Oil_Filter_B,13.26,298,5.02,3951.48,2455.52
2024-11-01,Oil_Filter_B,16.15,274,5.2,4425.099999999999,3000.2999999999997
2024-11-02,Oil_Filter_B,15.33,267,5.12,4093.11,2726.07
2024-11-03,Oil_Filter_B,15.7,252,4.9,3956.3999999999996,2721.6
2024-11-04,Oil_Filter_B,14.46,274,5.16,3962.0400000000004,2548.2000000000003
2024-11-05,Oil_Filter_B,16.47,252,4.79,4150.44,2943.36
2024-11-06,Oil_Filter_B,15.81,260,5.03,4110.6,2802.8
2024-11-07,Oil_Filter_B,13.26,328,4.83,4349.28,2765.04
2024-11-08,Oil_Filter_B,16.47,247,4.91,4068.0899999999997,2855.3199999999997
2024-11-09,Oil_Filter_B,12.81,331,4.82,4240.110000000001,2644.69
2024-11-10,Oil_Filter_B,15.05,305,4.83,4590.25,3117.1000000000004
2024-11-11,Oil_Filter_B,16.84,267,4.91,4496.28,3185.31
2024-11-12,Oil_Filter_B,15.54,262,4.97,4071.4799999999996,2769.34
2024-11-13,Oil_Filter_B,16.94,247,5.2,4184.18,2899.7800000000007
2024-11-14,Oil_Filter_B,14.46,314,4.96,4540.4400000000005,2983.0
2024-11-15,Oil_Filter_B,14.99,270,5.18,4047.3,2648.7000000000003
2024-11-16,Oil_Filter_B,15.91,306,4.95,4868.46,3353.76
2024-11-17,Oil_Filter_B,16.22,220,5.02,3568.3999999999996,2464.0
2024-11-18,Oil_Filter_B,14.31,297,4.84,4250.07,2812.59
2024-11-19,Oil_Filter_B,15.23,293,5.0,4462.39,2997.3900000000003
2024-11-20,Oil_Filter_B,16.95,249,4.76,4220.55,3035.31
2024-11-21,Oil_Filter_B,12.9,317,4.84,4089.3,2555.02
2024-11-22,Oil_Filter_B,15.69,277,4.79,4346.13,3019.2999999999997
2024-11-23,Oil_Filter_B,12.88,305,4.96,3928.4,2415.6000000000004
2024-11-24,Oil_Filter_B,13.07,304,5.22,3973.28,2386.4
2024-11-25,Oil_Filter_B,14.74,293,4.8,4318.82,2912.4200000000005
2024-11-26,Oil_Filter_B,14.92,308,5.12,4595.36,3018.4
2024-11-27,Oil_Filter_B,15.02,266,5.02,3995.3199999999997,2660.0
2024-11-28,Oil_Filter_B,15.3,307,4.87,4697.1,3202.0099999999998
2024-11-29,Oil_Filter_B,15.73,271,5.2,4262.83,2853.63
2024-11-30,Oil_Filter_B,15.99,268,4.85,4285.32,2985.52
2024-12-01,Oil_Filter_B,13.38,319,5.0,4268.22,2673.2200000000003
2024-12-02,Oil_Filter_B,12.93,352,4.9,4551.36,2826.56
2024-12-03,Oil_Filter_B,13.6,314,5.18,4270.4,2643.88
2024-12-04,Oil_Filter_B,15.93,307,4.77,4890.51,3426.12
2024-12-05,Oil_Filter_B,13.6,338,5.07,4596.8,2883.14
2024-12-06,Oil_Filter_B,16.4,270,4.78,4428.0,3137.399999999999
2024-12-07,Oil_Filter_B,13.89,325,5.02,4514.25,2882.7500000000005
2024-12-08,Oil_Filter_B,13.62,296,5.2,4031.52,2492.3199999999993
2024-12-09,Oil_Filter_B,13.96,312,5.25,4355.52,2717.5200000000004
2024-12-10,Oil_Filter_B,16.67,267,5.0,4450.89,3115.8900000000003
2024-12-11,Oil_Filter_B,16.63,239,5.18,3974.5699999999997,2736.5499999999997
2024-12-12,Oil_Filter_B,14.03,293,4.78,4110.79,2710.25
2024-12-13,Oil_Filter_B,16.3,265,4.95,4319.5,3007.7500000000005
2024-12-14,Oil_Filter_B,15.13,307,5.08,4644.91,3085.3500000000004
2024-12-15,Oil_Filter_B,12.76,308,5.09,3930.08,2362.36
2024-12-16,Oil_Filter_B,13.6,323,4.86,4392.8,2823.0199999999995
2024-12-17,Oil_Filter_B,14.95,299,5.24,4470.05,2903.2899999999995
2024-12-18,Oil_Filter_B,13.08,346,5.13,4525.68,2750.7000000000003
2024-12-19,Oil_Filter_B,16.72,271,5.04,4531.12,3165.2799999999997
2024-12-20,Oil_Filter_B,13.9,318,5.09,4420.2,2801.5800000000004
2024-12-21,Oil_Filter_B,13.08,373,5.21,4878.84,2935.51
2024-12-22,Oil_Filter_B,16.87,254,4.79,4284.9800000000005,3068.3200000000006
2024-12-23,Oil_Filter_B,13.93,339,4.85,4722.2699999999995,3078.12
2024-12-24,Oil_Filter_B,14.28,310,4.77,4426.8,2948.1
2024-12-25,Oil_Filter_B,12.92,325,4.8,4199.0,2639.0000000000005
2024-12-26,Oil_Filter_B,14.6,316,5.18,4613.599999999999,2976.72
2024-12-27,Oil_Filter_B,13.05,332,5.06,4332.6,2652.6800000000003
2024-12-28,Oil_Filter_B,12.79,346,5.24,4425.34,2612.2999999999997
2024-12-29,Oil_Filter_B,13.22,350,4.95,4627.0,2894.5
2024-12-30,Oil_Filter_B,12.95,355,5.0,4597.25,2822.2499999999995
2024-12-31,Oil_Filter_B,16.59,298,4.83,4943.82,3504.48
2025-01-01,Oil_Filter_B,15.56,258,4.78,4014.48,2781.2400000000002
2025-01-02,Oil_Filter_B,13.65,308,4.86,4204.2,2707.3199999999997
2025-01-03,Oil_Filter_B,15.99,296,5.21,4733.04,3190.88
2025-01-04,Oil_Filter_B,16.36,277,4.95,4531.72,3160.57
2025-01-05,Oil_Filter_B,14.78,280,4.77,4138.4,2802.7999999999997
2025-01-06,Oil_Filter_B,14.71,303,5.09,4457.13,2914.86
2025-01-07,Oil_Filter_B,16.63,277,5.24,4606.509999999999,3155.0299999999997
2025-01-08,Oil_Filter_B,17.13,281,4.89,4813.53,3439.4399999999996
2025-01-09,Oil_Filter_B,14.53,301,5.1,4373.53,2838.43
2025-01-10,Oil_Filter_B,14.56,289,4.99,4207.84,2765.73
2025-01-11,Oil_Filter_B,12.78,326,5.25,4166.28,2454.7799999999997
2025-01-12,Oil_Filter_B,13.61,326,4.94,4436.86,2826.4199999999996
2025-01-13,Oil_Filter_B,16.67,265,5.2,4417.55,3039.5500000000006
2025-01-14,Oil_Filter_B,15.95,301,4.96,4800.95,3307.9899999999993
2025-01-15,Oil_Filter_B,16.16,283,5.1,4573.28,3129.98
2025-01-16,Oil_Filter_B,13.07,325,5.17,4247.75,2567.5
2025-01-17,Oil_Filter_B,12.88,354,4.9,4559.52,2824.92
2025-01-18,Oil_Filter_B,16.36,285,4.98,4662.599999999999,3243.2999999999997
2025-01-19,Oil_Filter_B,14.02,328,4.83,4598.5599999999995,3014.3199999999997
2025-01-20,Oil_Filter_B,13.52,321,4.96,4339.92,2747.7599999999998
2025-01-21,Oil_Filter_B,15.4,302,5.23,4650.8,3071.34
2025-01-22,Oil_Filter_B,16.24,295,4.82,4790.799999999999,3368.8999999999996
2025-01-23,Oil_Filter_B,15.63,297,4.85,4642.110000000001,3201.6600000000003
2025-01-24,Oil_Filter_B,17.06,273,5.2,4657.379999999999,3237.7799999999997
2025-01-25,Oil_Filter_B,16.93,316,5.13,5349.88,3728.8
2025-01-26,Oil_Filter_B,13.44,355,5.05,4771.2,2978.4500000000003
2025-01-27,Oil_Filter_B,15.17,326,5.07,4945.42,3292.6
2025-01-28,Oil_Filter_B,14.5,295,4.8,4277.5,2861.5
2025-01-29,Oil_Filter_B,14.77,306,4.94,4519.62,3007.9799999999996
2025-01-30,Oil_Filter_B,16.56,318,5.02,5266.08,3669.72
2025-01-31,Oil_Filter_B,17.22,258,5.23,4442.759999999999,3093.4199999999996
2025-02-01,Oil_Filter_B,12.91,351,5.15,4531.41,2723.7599999999998
2025-02-02,Oil_Filter_B,13.78,343,4.97,4726.54,3021.8299999999995
2025-02-03,Oil_Filter_B,13.02,345,5.1,4491.9,2732.4
2025-02-04,Oil_Filter_B,15.09,321,5.04,4843.89,3226.05
2025-02-05,Oil_Filter_B,16.75,310,5.1,5192.5,3611.5
2025-02-06,Oil_Filter_B,14.49,296,5.05,4289.04,2794.2400000000002
2025-02-07,Oil_Filter_B,13.69,342,5.09,4681.98,2941.2
2025-02-08,Oil_Filter_B,13.39,372,5.08,4981.08,3091.32
2025-02-09,Oil_Filter_B,16.19,287,5.25,4646.530000000001,3139.78
2025-02-10,Oil_Filter_B,13.13,321,4.9,4214.7300000000005,2641.83
2025-02-11,Oil_Filter_B,12.84,371,4.77,4763.64,2993.9700000000003
2025-02-12,Oil_Filter_B,14.63,330,4.93,4827.900000000001,3201.0000000000005
2025-02-13,Oil_Filter_B,16.01,315,4.8,5043.150000000001,3531.15
2025-02-14,Oil_Filter_B,15.24,332,4.86,5059.68,3446.16
2025-02-15,Oil_Filter_B,14.52,314,5.08,4559.28,2964.16
2025-02-16,Oil_Filter_B,13.99,360,5.03,5036.4,3225.6000000000004
2025-02-17,Oil_Filter_B,13.99,309,5.03,4322.91,2768.6400000000003
2025-02-18,Oil_Filter_B,14.28,334,5.01,4769.5199999999995,3096.18
2025-02-19,Oil_Filter_B,13.22,376,5.08,4970.72,3060.6400000000003
2025-02-20,Oil_Filter_B,13.23,379,4.86,5014.17,3172.2300000000005
2025-02-21,Oil_Filter_B,16.9,315,4.95,5323.5,3764.25
2025-02-22,Oil_Filter_B,14.27,335,5.13,4780.45,3061.9
2025-02-23,Oil_Filter_B,14.21,350,4.9,4973.5,3258.5
2025-02-24,Oil_Filter_B,15.71,339,5.23,5325.6900000000005,3552.7200000000003
2025-02-25,Oil_Filter_B,17.08,293,4.96,5004.44,3551.1599999999994
2025-02-26,Oil_Filter_B,16.21,299,5.16,4846.79,3303.9500000000003
2025-02-27,Oil_Filter_B,15.91,322,4.75,5123.02,3593.52
2025-02-28,Oil_Filter_B,16.84,332,4.95,5590.88,3947.48
2025-03-01,Oil_Filter_B,14.89,325,4.93,4839.25,3237.0000000000005
2025-03-02,Oil_Filter_B,13.87,336,4.91,4660.32,3010.5599999999995
2025-03-03,Oil_Filter_B,15.74,308,4.92,4847.92,3332.56
2025-03-04,Oil_Filter_B,15.17,327,5.2,4960.59,3260.1899999999996
2025-03-05,Oil_Filter_B,15.25,295,4.93,4498.75,3044.4
2025-03-06,Oil_Filter_B,14.49,319,5.24,4622.31,2950.75
2025-03-07,Oil_Filter_B,13.1,382,4.83,5004.2,3159.14
2025-03-08,Oil_Filter_B,13.09,350,4.95,4581.5,2849.0
2025-03-09,Oil_Filter_B,12.79,370,4.76,4732.299999999999,2971.1
2025-03-10,Oil_Filter_B,15.44,307,5.01,4740.08,3202.0099999999998
2025-03-11,Oil_Filter_B,16.02,296,5.11,4741.92,3229.36
2025-03-12,Oil_Filter_B,15.73,308,4.76,4844.84,3378.76
2025-03-13,Oil_Filter_B,13.26,351,5.15,4654.26,2846.6099999999997
2025-03-14,Oil_Filter_B,15.07,340,5.21,5123.8,3352.3999999999996
2025-03-15,Oil_Filter_B,14.2,349,5.09,4955.8,3179.39
2025-03-16,Oil_Filter_B,13.59,347,4.98,4715.73,2987.6699999999996
2025-03-17,Oil_Filter_B,16.5,273,5.02,4504.5,3134.04
2025-03-18,Oil_Filter_B,13.98,351,4.82,4906.9800000000005,3215.16
2025-03-19,Oil_Filter_B,12.84,389,4.77,4994.76,3139.23
2025-03-20,Oil_Filter_B,14.5,352,4.92,5104.0,3372.16
2025-03-21,Oil_Filter_B,15.4,305,4.83,4697.0,3223.85
2025-03-22,Oil_Filter_B,15.93,330,5.1,5256.9,3573.9
2025-03-23,Oil_Filter_B,17.1,294,5.17,5027.400000000001,3507.4200000000005
