Project1_Price_Elasticity/data/sales_data_mock.csv
Date,Part_ID,Price,Quantity,Cost,Revenue,Margin
2025-03-24,Oil_Filter_B,13.6,380,4.86,5168.0,3321.1999999999994
2025-03-25,Oil_Filter_B,13.37,376,5.14,5027.12,3094.48
2025-03-26,Oil_Filter_B,14.3,315,5.13,4504.5,2888.5500000000006
2025-03-27,Oil_Filter_B,13.54,354,4.98,4793.16,3030.2399999999993
2025-03-28,Oil_Filter_B,15.06,333,5.07,5014.9800000000005,3326.67
2025-03-29,Oil_Filter_B,14.39,333,5.13,4791.87,3083.5800000000004
2025-03-30,Oil_Filter_B,16.62,315,4.95,5235.3,3676.0500000000006
2025-03-31,Oil_Filter_B,16.95,316,4.75,5356.2,3855.2
2025-04-01,Oil_Filter_B,14.39,377,5.09,5425.030000000001,3506.1000000000004
2025-04-02,Oil_Filter_B,13.42,364,4.95,4884.88,3083.0799999999995
2025-04-03,Oil_Filter_B,14.75,361,4.8,5324.75,3591.95
2025-04-04,Oil_Filter_B,14.49,325,4.92,4709.25,3110.25
2025-04-05,Oil_Filter_B,17.06,263,4.84,4486.78,3213.8599999999997
2025-04-06,Oil_Filter_B,13.31,386,5.22,5137.66,3122.74
2025-04-07,Oil_Filter_B,12.78,359,4.88,4588.0199999999995,2836.1
2025-04-08,Oil_Filter_B,16.19,316,4.75,5116.04,3615.0400000000004
2025-04-09,Oil_Filter_B,15.82,330,5.2,5220.6,3504.6000000000004
2025-04-10,Oil_Filter_B,16.16,296,4.83,4783.36,3353.68
2025-04-11,Oil_Filter_B,13.93,349,4.84,4861.57,3172.41
2025-04-12,Oil_Filter_B,12.93,379,5.03,4900.47,2994.1
2025-04-13,Oil_Filter_B,16.81,320,5.06,5379.2,3760.0
2025-04-14,Oil_Filter_B,15.57,332,4.99,5169.24,3512.56
2025-04-15,Oil_Filter_B,13.66,339,4.84,4630.74,2989.98
2025-04-16,Oil_Filter_B,15.19,297,5.11,4511.43,2993.7599999999993
2025-04-17,Oil_Filter_B,16.49,293,4.86,4831.57,3407.5899999999997
2025-04-18,Oil_Filter_B,16.45,261,4.95,4293.45,3001.5
2025-04-19,Oil_Filter_B,14.68,306,4.82,4492.08,3017.16
2025-04-20,Oil_Filter_B,16.84,262,5.02,4412.08,3096.84
2025-04-21,Oil_Filter_B,13.88,345,5.18,4788.6,3001.5000000000005
2025-04-22,Oil_Filter_B,16.29,301,5.07,4903.29,3377.22
2025-04-23,Oil_Filter_B,16.41,320,5.1,5251.2,3619.2000000000003
2025-04-24,Oil_Filter_B,13.52,343,4.85,4637.36,2973.81
2025-04-25,Oil_Filter_B,15.45,311,5.17,4804.95,3197.08
2025-04-26,Oil_Filter_B,16.59,313,5.09,5192.67,3599.5
2025-04-27,Oil_Filter_B,15.32,343,4.82,5254.76,3601.5
2025-04-28,Oil_Filter_B,13.86,325,4.83,4504.5,2934.75
2025-04-29,Oil_Filter_B,15.66,315,5.02,4932.9,3351.6000000000004
2025-04-30,Oil_Filter_B,14.24,311,4.99,4428.64,2876.75
2025-05-01,Oil_Filter_B,13.22,384,5.24,5076.4800000000005,3064.32
2025-05-02,Oil_Filter_B,17.14,319,5.16,5467.66,3821.6200000000003
2025-05-03,Oil_Filter_B,13.16,360,4.85,4737.6,2991.6000000000004
2025-05-04,Oil_Filter_B,13.36,337,4.9,4502.32,2851.0199999999995
2025-05-05,Oil_Filter_B,15.32,346,5.22,5300.72,3494.6000000000004
2025-05-06,Oil_Filter_B,14.87,324,4.82,4817.88,3256.2
2025-05-07,Oil_Filter_B,13.86,359,4.9,4975.74,3216.64
2025-05-08,Oil_Filter_B,13.18,364,5.02,4797.5199999999995,2970.2400000000002
2025-05-09,Oil_Filter_B,14.43,332,5.07,4790.76,3107.52
2025-05-10,Oil_Filter_B,16.7,319,4.76,5327.3,3808.8599999999997
2025-05-11,Oil_Filter_B,15.39,309,5.05,4755.51,3195.06
2025-05-12,Oil_Filter_B,15.97,299,4.92,4775.03,3303.9500000000003
2025-05-13,Oil_Filter_B,16.24,307,5.13,4985.679999999999,3410.77
2025-05-14,Oil_Filter_B,13.78,320,4.88,4409.599999999999,2847.9999999999995
2025-05-15,Oil_Filter_B,15.57,329,5.03,5122.53,3467.66
2025-05-16,Oil_Filter_B,15.38,303,4.9,4660.14,3175.44
2025-05-17,Oil_Filter_B,16.51,290,4.83,4787.900000000001,3387.2000000000003
2025-05-18,Oil_Filter_B,13.66,372,4.79,5081.52,3299.6400000000003
2025-05-19,Oil_Filter_B,13.69,361,4.85,4942.09,3191.24
2025-05-20,Oil_Filter_B,16.69,315,5.1,5257.35,3650.8500000000004
2025-05-21,Oil_Filter_B,16.08,300,5.12,4823.999999999999,3287.999999999999
2025-05-22,Oil_Filter_B,16.92,300,5.03,5076.000000000001,3567.0
2025-05-23,Oil_Filter_B,15.77,339,5.23,5346.03,3573.0599999999995
2025-05-24,Oil_Filter_B,16.91,300,5.11,5073.0,3540.0
2025-05-25,Oil_Filter_B,16.63,310,4.8,5155.299999999999,3667.2999999999993
2025-05-26,Oil_Filter_B,15.98,296,5.03,4730.08,3241.2
2025-05-27,Oil_Filter_B,14.07,342,4.85,4811.9400000000005,3153.2400000000002
2025-05-28,Oil_Filter_B,14.77,342,4.89,5051.34,3378.9599999999996
2025-05-29,Oil_Filter_B,16.63,312,5.05,5188.5599999999995,3612.9599999999996
2025-05-30,Oil_Filter_B,14.94,287,5.11,4287.78,2821.2099999999996
2025-05-31,Oil_Filter_B,13.33,333,4.91,4438.89,2803.86
2025-06-01,Oil_Filter_B,16.51,278,5.08,4589.780000000001,3177.5400000000004
2025-06-02,Oil_Filter_B,13.59,341,5.19,4634.19,2864.3999999999996
2025-06-03,Oil_Filter_B,14.23,370,4.94,5265.1,3437.2999999999997
2025-06-04,Oil_Filter_B,14.02,337,5.13,4724.74,2995.9300000000003
2025-06-05,Oil_Filter_B,12.85,331,4.78,4253.349999999999,2671.17
2025-06-06,Oil_Filter_B,16.52,268,5.11,4427.36,3057.88
2025-06-07,Oil_Filter_B,14.52,326,4.82,4733.5199999999995,3162.2
2025-06-08,Oil_Filter_B,16.34,288,4.98,4705.92,3271.68
2025-06-09,Oil_Filter_B,15.69,306,4.88,4801.139999999999,3307.8599999999997
2025-06-10,Oil_Filter_B,13.08,318,4.9,4159.44,2601.24
2025-06-11,Oil_Filter_B,17.16,277,5.0,4753.32,3368.32
2025-06-12,Oil_Filter_B,17.19,253,4.9,4349.070000000001,3109.3700000000003
2025-06-13,Oil_Filter_B,15.49,313,5.16,4848.37,3233.29
2025-06-14,Oil_Filter_B,12.99,341,5.25,4429.59,2639.34
2025-06-15,Oil_Filter_B,14.44,296,5.18,4274.24,2740.96
2025-06-16,Oil_Filter_B,16.5,262,4.99,4323.0,3015.62
2025-06-17,Oil_Filter_B,14.61,300,4.97,4383.0,2892.0
2025-06-18,Oil_Filter_B,13.24,325,5.11,4303.0,2642.2499999999995
2025-06-19,Oil_Filter_B,14.48,332,5.14,4807.360000000001,3100.88
2025-06-20,Oil_Filter_B,13.04,300,4.79,3911.9999999999995,2475.0
2025-06-21,Oil_Filter_B,13.96,296,4.95,4132.16,2666.9600000000005
2025-06-22,Oil_Filter_B,15.33,319,4.76,4890.27,3371.83
2025-06-23,Oil_Filter_B,14.23,325,5.04,4624.75,2986.7500000000005
2025-06-24,Oil_Filter_B,14.44,318,4.81,4591.92,3062.3399999999997
2025-06-25,Oil_Filter_B,13.32,306,4.85,4075.92,2591.82
2025-06-26,Oil_Filter_B,13.85,297,5.18,4113.45,2574.99
2025-06-27,Oil_Filter_B,12.79,317,4.86,4054.43,2513.8099999999995
2025-06-28,Oil_Filter_B,16.43,263,5.19,4321.09,2956.1199999999994
2025-06-29,Oil_Filter_B,13.83,322,4.86,4453.26,2888.3399999999997
2025-06-30,Oil_Filter_B,15.15,272,5.14,4120.8,2722.7200000000003
2025-07-01,Oil_Filter_B,16.85,307,4.82,5172.950000000001,3693.2100000000005
2025-07-02,Oil_Filter_B,15.27,290,4.78,4428.3,3042.0999999999995
2025-07-03,Oil_Filter_B,16.92,277,5.21,4686.84,3243.67
2025-07-04,Oil_Filter_B,16.32,275,4.99,4488.0,3115.75
2025-07-05,Oil_Filter_B,15.05,318,4.85,4785.900000000001,3243.6000000000004
2025-07-06,Oil_Filter_B,13.39,300,5.04,4017.0,2505.0000000000005
2025-07-07,Oil_Filter_B,14.77,292,5.17,4312.84,2803.2
2025-07-08,Oil_Filter_B,16.16,282,5.02,4557.12,3141.48
2025-07-09,Oil_Filter_B,15.68,299,5.0,4688.32,3193.3199999999997
2025-07-10,Oil_Filter_B,13.42,368,5.19,4938.56,3028.6400000000003
2025-07-11,Oil_Filter_B,13.37,345,4.84,4612.65,2942.85
2025-07-12,Oil_Filter_B,17.23,235,5.15,4049.05,2838.8
2025-07-13,Oil_Filter_B,16.18,282,5.18,4562.76,3102.0
2025-07-14,Oil_Filter_B,14.45,309,4.87,4465.05,2960.2199999999993
2025-07-15,Oil_Filter_B,15.22,285,5.11,4337.7,2881.35
2025-07-16,Oil_Filter_B,13.06,331,4.87,4322.860000000001,2710.8900000000003
2025-07-17,Oil_Filter_B,15.52,269,5.23,4174.88,2768.0099999999998
2025-07-18,Oil_Filter_B,16.34,277,5.03,4526.18,3132.8699999999994
2025-07-19,Oil_Filter_B,15.77,274,5.24,4320.98,2885.22
2025-07-20,Oil_Filter_B,17.0,267,5.06,4539.0,3187.9800000000005
2025-07-21,Oil_Filter_B,14.69,348,5.04,5112.12,3358.1999999999994
2025-07-22,Oil_Filter_B,15.72,270,5.08,4244.400000000001,2872.8
2025-07-23,Oil_Filter_B,16.24,263,4.78,4271.12,3013.979999999999
2025-07-24,Oil_Filter_B,15.0,288,4.85,4320.0,2923.2000000000003
2025-07-25,Oil_Filter_B,14.6,263,4.86,3839.7999999999997,2561.6199999999994
2025-07-26,Oil_Filter_B,13.95,308,5.23,4296.599999999999,2685.7599999999998
2025-07-27,Oil_Filter_B,13.77,306,4.89,4213.62,2717.2799999999997
2025-07-28,Oil_Filter_B,13.97,275,5.18,3841.75,2417.2500000000005
2025-07-29,Oil_Filter_B,16.38,274,5.24,4488.12,3052.3599999999997
2025-07-30,Oil_Filter_B,12.81,306,5.08,3919.86,2365.38
2025-07-31,Oil_Filter_B,15.64,297,4.82,4645.08,3213.54
2025-08-01,Oil_Filter_B,15.37,296,4.81,4549.5199999999995,3125.7599999999998
2025-08-02,Oil_Filter_B,13.09,314,5.03,4110.26,2530.8399999999997
2025-08-03,Oil_Filter_B,13.12,294,5.07,3857.2799999999997,2366.7
2025-08-04,Oil_Filter_B,14.6,303,5.09,4423.8,2881.5299999999997
2025-08-05,Oil_Filter_B,15.76,280,4.92,4412.8,3035.2
2025-08-06,Oil_Filter_B,14.54,274,5.21,3983.9599999999996,2556.4199999999996
2025-08-07,Oil_Filter_B,16.15,277,5.19,4473.549999999999,3035.919999999999
2025-08-08,Oil_Filter_B,16.82,283,5.21,4760.06,3285.6299999999997
2025-08-09,Oil_Filter_B,14.95,265,4.87,3961.75,2671.1999999999994
2025-08-10,Oil_Filter_B,14.64,292,5.02,4274.88,2809.0400000000004
2025-08-11,Oil_Filter_B,13.36,294,5.15,3927.8399999999997,2413.74
2025-08-12,Oil_Filter_B,16.43,278,4.91,4567.54,3202.56
2025-08-13,Oil_Filter_B,16.95,238,4.76,4034.1,2901.22
2025-08-14,Oil_Filter_B,14.77,272,5.19,4017.44,2605.7599999999993
2025-08-15,Oil_Filter_B,15.1,292,4.84,4409.2,2995.92
2025-08-16,Oil_Filter_B,14.28,305,5.01,4355.4,2827.35
2025-08-17,Oil_Filter_B,17.23,227,5.0,3911.21,2776.21
2025-08-18,Oil_Filter_B,15.15,268,5.11,4060.2000000000003,2690.72
2025-08-19,Oil_Filter_B,15.52,260,5.1,4035.2,2709.2
2025-08-20,Oil_Filter_B,17.17,259,4.77,4447.030000000001,3211.6000000000004
2025-08-21,Oil_Filter_B,14.4,280,5.09,4032.0,2606.8
2025-08-22,Oil_Filter_B,12.93,295,4.88,3814.35,2374.75
2025-08-23,Oil_Filter_B,13.55,303,5.01,4105.650000000001,2587.6200000000003
2025-08-24,Oil_Filter_B,13.56,301,5.06,4081.56,2558.5
2025-08-25,Oil_Filter_B,13.67,287,5.14,3923.29,2448.11
2025-08-26,Oil_Filter_B,15.7,226,5.03,3548.2,2411.4199999999996
2025-08-27,Oil_Filter_B,13.93,251,4.93,3496.43,2259.0
2025-08-28,Oil_Filter_B,15.14,270,5.17,4087.8,2691.9
2025-08-29,Oil_Filter_B,16.52,248,5.03,4096.96,2849.5199999999995
2025-08-30,Oil_Filter_B,13.6,328,4.98,4460.8,2827.3599999999997
2025-08-31,Oil_Filter_B,15.79,294,5.1,4642.259999999999,3142.8599999999997
2025-09-01,Oil_Filter_B,13.7,282,4.92,3863.3999999999996,2475.96
2025-09-02,Oil_Filter_B,15.18,280,5.18,4250.4,2800.0
2025-09-03,Oil_Filter_B,15.08,257,5.17,3875.56,2546.87
2025-09-04,Oil_Filter_B,15.82,254,4.97,4018.28,2755.9000000000005
2025-09-05,Oil_Filter_B,16.5,214,5.09,3531.0,2441.7400000000002
2025-09-06,Oil_Filter_B,14.35,276,5.06,3960.6,2564.04
2025-09-07,Oil_Filter_B,16.05,255,4.9,4092.75,2843.25
2025-09-08,Oil_Filter_B,13.95,281,5.19,3919.95,2461.5599999999995
2025-09-09,Oil_Filter_B,13.93,280,5.22,3900.4,2438.8
2025-09-10,Oil_Filter_B,16.28,259,4.84,4216.52,2962.9600000000005
2025-09-11,Oil_Filter_B,13.88,281,4.76,3900.28,2562.7200000000003
2025-09-12,Oil_Filter_B,15.96,253,4.8,4037.88,2823.48
2025-09-13,Oil_Filter_B,12.96,307,5.21,3978.7200000000003,2379.2500000000005
2025-09-14,Oil_Filter_B,14.82,261,5.15,3868.02,2523.87
2025-09-15,Oil_Filter_B,16.36,248,5.13,4057.2799999999997,2785.04
2025-09-16,Oil_Filter_B,14.17,283,5.09,4010.11,2569.64
2025-09-17,Oil_Filter_B,12.98,339,4.85,4400.22,2756.07
2025-09-18,Oil_Filter_B,12.83,296,5.05,3797.68,2302.88
2025-09-19,Oil_Filter_B,15.65,264,5.06,4131.6,2795.7599999999998
2025-09-20,Oil_Filter_B,14.87,294,4.89,4371.78,2934.1200000000003
2025-09-21,Oil_Filter_B,14.06,301,4.77,4232.06,2796.2900000000004
2025-09-22,Oil_Filter_B,17.15,258,4.83,4424.7,3178.5599999999995
2025-09-23,Oil_Filter_B,14.28,272,5.14,3884.16,2486.08
2025-09-24,Oil_Filter_B,13.62,296,5.16,4031.52,2504.16
2025-09-25,Oil_Filter_B,16.31,242,4.86,3947.0199999999995,2770.8999999999996
2025-09-26,Oil_Filter_B,14.53,265,4.81,3850.45,2575.7999999999997
2025-09-27,Oil_Filter_B,14.54,256,5.25,3722.24,2378.24
2025-09-28,Oil_Filter_B,17.18,218,5.18,3745.24,2616.0
2025-09-29,Oil_Filter_B,15.64,283,4.78,4426.12,3073.3799999999997
2025-09-30,Oil_Filter_B,14.06,316,5.1,4442.96,2831.36
2025-10-01,Oil_Filter_B,16.37,249,4.77,4076.13,2888.4000000000005
2025-10-02,Oil_Filter_B,13.17,284,5.21,3740.28,2260.64
2025-10-03,Oil_Filter_B,13.67,293,5.2,4005.31,2481.7099999999996
2025-10-04,Oil_Filter_B,13.6,285,4.96,3876.0,2462.4
2025-10-05,Oil_Filter_B,13.94,266,4.89,3708.04,2407.3
2025-10-06,Oil_Filter_B,12.87,285,4.79,3667.95,2302.7999999999997
2025-10-07,Oil_Filter_B,17.09,235,4.86,4016.15,2874.05
2025-10-08,Oil_Filter_B,16.11,245,5.02,3946.95,2717.05
2025-10-09,Oil_Filter_B,15.28,254,4.81,3881.12,2659.3799999999997
2025-10-10,Oil_Filter_B,15.71,250,4.96,3927.5,2687.5
2025-10-11,Oil_Filter_B,13.38,276,5.19,3692.88,2260.4400000000005
2025-10-12,Oil_Filter_B,13.52,287,4.77,3880.24,2511.25
2025-10-13,Oil_Filter_B,14.95,288,4.78,4305.599999999999,2928.9599999999996
2025-10-14,Oil_Filter_B,14.5,255,4.83,3697.5,2465.85
2025-10-15,Oil_Filter_B,16.38,275,4.97,4504.5,3137.75
2025-10-16,Oil_Filter_B,14.88,291,4.85,4330.08,2918.7300000000005
2025-10-17,Oil_Filter_B,14.77,284,5.18,4194.68,2723.56
2025-10-18,Oil_Filter_B,13.41,279,4.87,3741.39,2382.66
2025-10-19,Oil_Filter_B,14.09,266,4.82,3747.94,2465.8199999999997
2025-10-20,Oil_Filter_B,13.97,280,4.96,3911.6000000000004,2522.8000000000006
2025-10-21,Oil_Filter_B,16.96,250,4.82,4240.0,3035.0
2025-10-22,Oil_Filter_B,13.03,320,4.76,4169.599999999999,2646.3999999999996
2025-10-23,Oil_Filter_B,14.46,294,4.77,4251.240000000001,2848.8600000000006
2025-10-24,Oil_Filter_B,16.77,249,5.23,4175.73,2873.4599999999996
2025-10-25,Oil_Filter_B,15.38,252,5.25,3875.76,2552.76
2025-10-26,Oil_Filter_B,16.67,263,4.79,4384.21,3124.4400000000005
2025-10-27,Oil_Filter_B,16.95,260,4.87,4407.0,3140.7999999999997
2025-10-28,Oil_Filter_B,15.11,271,4.83,4094.81,2785.8799999999997
2025-10-29,Oil_Filter_B,16.17,277,4.95,4479.09,3107.9400000000005
2025-10-30,Oil_Filter_B,14.29,286,4.86,4086.9399999999996,2696.98
2025-10-31,Oil_Filter_B,16.21,277,5.07,4490.17,3085.78
2025-11-01,Oil_Filter_B,14.84,277,4.89,4110.68,2756.1499999999996
2025-11-02,Oil_Filter_B,16.29,249,5.06,4056.2099999999996,2796.27
2025-11-03,Oil_Filter_B,13.37,303,5.03,4051.1099999999997,2527.02
2025-11-04,Oil_Filter_B,14.3,279,4.85,3989.7000000000003,2636.55
2025-11-05,Oil_Filter_B,14.59,245,4.9,3574.55,2374.0499999999997
2025-11-06,Oil_Filter_B,17.11,227,5.09,3883.97,2728.54
2025-11-07,Oil_Filter_B,14.73,294,5.05,4330.62,2845.92
2025-11-08,Oil_Filter_B,14.91,298,5.23,4443.18,2884.64
2025-11-09,Oil_Filter_B,14.58,262,5.03,3819.96,2502.1000000000004
2025-11-10,Oil_Filter_B,14.14,279,4.82,3945.06,2600.28
2025-11-11,Oil_Filter_B,13.79,300,5.14,4137.0,2594.9999999999995
2025-11-12,Oil_Filter_B,16.04,259,4.96,4154.36,2869.7199999999993
2025-11-13,Oil_Filter_B,17.01,279,4.98,4745.790000000001,3356.3700000000003
2025-11-14,Oil_Filter_B,12.9,281,5.02,3624.9,2214.28
2025-11-15,Oil_Filter_B,13.32,303,5.0,4035.96,2520.96
2025-11-16,Oil_Filter_B,15.32,255,4.92,3906.6,2652.0
2025-11-17,Oil_Filter_B,17.25,249,4.83,4295.25,3092.58
2025-11-18,Oil_Filter_B,16.98,257,4.95,4363.86,3091.7100000000005
2025-11-19,Oil_Filter_B,13.05,311,5.17,4058.55,2450.6800000000003
2025-11-20,Oil_Filter_B,12.94,346,5.15,4477.24,2695.3399999999997
2025-11-21,Oil_Filter_B,14.87,295,5.09,4386.65,2885.1
2025-11-22,Oil_Filter_B,16.94,256,4.92,4336.64,3077.1200000000003
2025-11-23,Oil_Filter_B,15.42,275,5.03,4240.5,2857.25
2025-11-24,Oil_Filter_B,13.01,321,4.77,4176.21,2645.04
2025-11-25,Oil_Filter_B,15.95,265,5.25,4226.75,2835.5
2025-11-26,Oil_Filter_B,14.09,278,4.85,3917.02,2568.7200000000003
2025-11-27,Oil_Filter_B,12.8,331,5.01,4236.8,2578.4900000000002
2025-11-28,Oil_Filter_B,14.95,280,5.13,4186.0,2749.6
2025-11-29,Oil_Filter_B,13.41,303,5.2,4063.23,2487.63
2025-11-30,Oil_Filter_B,16.35,254,5.01,4152.900000000001,2880.3600000000006
2025-12-01,Oil_Filter_B,13.8,275,5.05,3795.0,2406.25
2025-12-02,Oil_Filter_B,14.32,315,5.1,4510.8,2904.3
2025-12-03,Oil_Filter_B,13.52,331,4.87,4475.12,2863.1499999999996
2025-12-04,Oil_Filter_B,12.9,311,4.79,4011.9,2522.21
2025-12-05,Oil_Filter_B,15.44,311,4.91,4801.84,3274.83
2025-12-06,Oil_Filter_B,16.48,251,4.91,4136.4800000000005,2904.07
2025-12-07,Oil_Filter_B,16.55,254,4.89,4203.7,2961.64
2025-12-08,Oil_Filter_B,16.96,264,4.78,4477.4400000000005,3215.52
2025-12-09,Oil_Filter_B,14.72,286,4.87,4209.92,2817.1000000000004
2025-12-10,Oil_Filter_B,13.0,340,4.78,4420.0,2794.7999999999997
2025-12-11,Oil_Filter_B,14.99,273,4.95,4092.27,2740.9199999999996
2025-12-12,Oil_Filter_B,14.84,265,4.94,3932.6,2623.4999999999995
2025-12-13,Oil_Filter_B,13.94,335,5.08,4669.9,2968.1
2025-12-14,Oil_Filter_B,14.32,328,5.2,4696.96,2991.36
2025-12-15,Oil_Filter_B,14.83,302,5.13,4478.66,2929.3999999999996
2025-12-16,Oil_Filter_B,16.11,260,5.23,4188.599999999999,2828.7999999999997
2025-12-17,Oil_Filter_B,17.25,259,5.17,4467.75,3128.72
2025-12-18,Oil_Filter_B,14.82,293,4.89,4342.26,2909.49
2025-12-19,Oil_Filter_B,14.95,288,5.16,4305.599999999999,2819.5199999999995
2025-12-20,Oil_Filter_B,16.94,244,5.2,4133.360000000001,2864.5600000000004
2025-12-21,Oil_Filter_B,15.4,291,5.22,4481.400000000001,2962.38
2025-12-22,Oil_Filter_B,14.52,288,5.14,4181.76,2701.4399999999996
2025-12-23,Oil_Filter_B,14.81,317,4.94,4694.77,3128.7900000000004
2025-12-24,Oil_Filter_B,13.77,325,5.07,4475.25,2827.4999999999995
2025-12-25,Oil_Filter_B,13.34,302,4.89,4028.68,2551.8999999999996
2025-12-26,Oil_Filter_B,13.06,356,5.04,4649.360000000001,2855.12
2025-12-27,Oil_Filter_B,14.2,304,5.04,4316.8,2784.64
2025-12-28,Oil_Filter_B,15.4,279,4.79,4296.6,2960.19
2025-12-29,Oil_Filter_B,15.84,279,5.22,4419.36,2962.9800000000005
2025-12-30,Oil_Filter_B,16.95,251,4.87,4254.45,3032.0799999999995
2025-12-31,Oil_Filter_B,14.23,306,4.91,4354.38,2851.92
2026-01-01,Oil_Filter_B,13.43,346,4.99,4646.78,2920.24
2026-01-02,Oil_Filter_B,14.85,323,4.83,4796.55,3236.46
2026-01-03,Oil_Filter_B,12.77,327,4.78,4175.79,2612.7299999999996
2026-01-04,Oil_Filter_B,16.64,274,5.02,4559.360000000001,3183.88
2026-01-05,Oil_Filter_B,16.53,293,5.25,4843.29,3305.0400000000004
2026-01-06,Oil_Filter_B,16.25,253,4.87,4111.25,2879.14
