Project1_Price_Elasticity/data/sales_data_mock.csv
Date,Part_ID,Price,Quantity,Cost,Revenue,Margin
2026-01-07,Oil_Filter_B,15.65,252,4.76,3943.8,2744.28
2026-01-08,Oil_Filter_B,15.03,305,4.94,4584.15,3077.45
2026-01-09,Oil_Filter_B,14.35,319,4.9,4577.65,3014.5499999999997
2026-01-10,Oil_Filter_B,16.58,271,4.98,4493.179999999999,3143.5999999999995
2026-01-11,Oil_Filter_B,15.59,310,5.14,4832.9,3239.5
2026-01-12,Oil_Filter_B,14.21,320,5.22,4547.200000000001,2876.8000000000006
2026-01-13,Oil_Filter_B,15.19,301,5.09,4572.19,3040.1
2026-01-14,Oil_Filter_B,17.05,281,4.92,4791.05,3408.53
2026-01-15,Oil_Filter_B,14.19,304,5.17,4313.76,2742.08
2026-01-16,Oil_Filter_B,15.58,328,4.87,5110.24,3512.88
2026-01-17,Oil_Filter_B,16.11,323,5.24,5203.53,3511.0099999999998
2026-01-18,Oil_Filter_B,12.79,399,5.24,5103.21,3012.4499999999994
2026-01-19,Oil_Filter_B,14.61,312,4.85,4558.32,3045.12
2026-01-20,Oil_Filter_B,14.61,316,5.24,4616.76,2960.9199999999996
2026-01-21,Oil_Filter_B,15.29,301,5.06,4602.29,3079.23
2026-01-22,Oil_Filter_B,14.1,335,5.1,4723.5,3015.0
2026-01-23,Oil_Filter_B,15.79,313,5.09,4942.2699999999995,3349.1
2026-01-24,Oil_Filter_B,13.12,338,5.02,4434.5599999999995,2737.7999999999997
2026-01-25,Oil_Filter_B,14.11,340,4.96,4797.4,3110.9999999999995
2026-01-26,Oil_Filter_B,13.55,356,5.02,4823.8,3036.6800000000003
2026-01-27,Oil_Filter_B,16.16,297,5.01,4799.52,3311.55
2026-01-28,Oil_Filter_B,16.11,297,5.2,4784.67,3240.27
2026-01-29,Oil_Filter_B,14.43,345,4.89,4978.349999999999,3291.2999999999997
2026-01-30,Oil_Filter_B,13.72,341,5.25,4678.52,2888.2700000000004
2026-01-31,Oil_Filter_B,14.92,320,5.12,4774.4,3136.0
2026-02-01,Oil_Filter_B,14.99,308,4.91,4616.92,3104.64
2026-02-02,Oil_Filter_B,17.25,296,4.96,5106.0,3637.8399999999997
2026-02-03,Oil_Filter_B,16.27,278,5.08,4523.0599999999995,3110.8199999999997
2026-02-04,Oil_Filter_B,14.09,330,4.94,4649.7,3019.4999999999995
2026-02-05,Oil_Filter_B,15.08,344,5.2,5187.52,3398.72
2026-02-06,Oil_Filter_B,13.03,389,5.01,5068.67,3119.7799999999997
2026-02-07,Oil_Filter_B,14.5,324,5.0,4698.0,3078.0
2026-02-08,Oil_Filter_B,15.18,326,5.15,4948.68,3269.7799999999997
2026-02-09,Oil_Filter_B,15.05,287,4.77,4319.35,2950.36
2026-02-10,Oil_Filter_B,15.6,319,5.08,4976.4,3355.8799999999997
2026-02-11,Oil_Filter_B,15.77,334,5.18,5267.18,3537.06
2026-02-12,Oil_Filter_B,15.5,313,5.17,4851.5,3233.29
2026-02-13,Oil_Filter_B,14.78,315,5.16,4655.7,3030.2999999999997
2026-02-14,Oil_Filter_B,13.86,328,5.01,4546.08,2902.7999999999997
2026-02-15,Oil_Filter_B,16.75,322,5.13,5393.5,3741.6400000000003
2026-02-16,Oil_Filter_B,13.2,365,4.93,4818.0,3018.5499999999997
2026-02-17,Oil_Filter_B,15.92,285,5.09,4537.2,3086.55
2026-02-18,Oil_Filter_B,14.03,329,4.76,4615.87,3049.83
2026-02-19,Oil_Filter_B,13.72,359,5.04,4925.4800000000005,3116.12
2026-02-20,Oil_Filter_B,16.78,298,5.23,5000.4400000000005,3441.9
2026-02-21,Oil_Filter_B,15.31,334,4.88,5113.54,3483.62
2026-02-22,Oil_Filter_B,13.1,376,5.21,4925.599999999999,2966.64
2026-02-23,Oil_Filter_B,14.93,329,4.91,4911.97,3296.58
2026-02-24,Oil_Filter_B,16.05,293,4.82,4702.650000000001,3290.3900000000003
2026-02-25,Oil_Filter_B,12.77,350,5.11,4469.5,2680.9999999999995
2026-02-26,Oil_Filter_B,14.34,335,4.95,4803.9,3145.65
2026-02-27,Oil_Filter_B,15.55,285,4.94,4431.75,3023.85
2026-02-28,Oil_Filter_B,16.03,323,5.08,5177.6900000000005,3536.8500000000004
2026-03-01,Oil_Filter_B,14.67,323,5.14,4738.41,3078.1900000000005
2026-03-02,Oil_Filter_B,13.86,342,5.12,4740.12,2989.0799999999995
2026-03-03,Oil_Filter_B,15.27,327,5.16,4993.29,3305.97
2026-03-04,Oil_Filter_B,15.04,338,5.05,5083.5199999999995,3376.6199999999994
2026-03-05,Oil_Filter_B,12.78,357,4.76,4562.46,2863.14
2026-03-06,Oil_Filter_B,14.01,330,5.07,4623.3,2950.2
2026-03-07,Oil_Filter_B,16.0,325,5.0,5200.0,3575.0
2026-03-08,Oil_Filter_B,15.92,326,5.13,5189.92,3517.5399999999995
2026-03-09,Oil_Filter_B,16.9,280,5.24,4732.0,3264.7999999999997
2026-03-10,Oil_Filter_B,13.78,323,5.01,4450.94,2832.71
2026-03-11,Oil_Filter_B,14.84,337,4.76,5001.08,3396.96
2026-03-12,Oil_Filter_B,16.66,291,5.01,4848.06,3390.15
2026-03-13,Oil_Filter_B,15.49,330,5.1,5111.7,3428.7000000000003
2026-03-14,Oil_Filter_B,13.58,359,5.2,4875.22,3008.4199999999996
2026-03-15,Oil_Filter_B,16.61,305,4.8,5066.05,3602.0499999999997
2026-03-16,Oil_Filter_B,12.87,331,5.12,4259.969999999999,2565.2499999999995
2026-03-17,Oil_Filter_B,13.57,330,5.14,4478.1,2781.9
2026-03-18,Oil_Filter_B,14.65,339,4.8,4966.35,3339.1500000000005
2026-03-19,Oil_Filter_B,12.82,353,5.16,4525.46,2703.98
2026-03-20,Oil_Filter_B,13.11,398,4.97,5217.78,3239.7200000000003
2026-03-21,Oil_Filter_B,15.03,344,4.81,5170.32,3515.6799999999994
2026-03-22,Oil_Filter_B,16.28,284,5.14,4623.52,3163.76
2026-03-23,Oil_Filter_B,16.09,345,4.82,5551.05,3888.1499999999996
2026-03-24,Oil_Filter_B,17.19,283,4.93,4864.77,3469.5800000000004
2026-03-25,Oil_Filter_B,12.84,389,5.16,4994.76,2987.52
2026-03-26,Oil_Filter_B,13.84,339,4.98,4691.76,3003.54
2026-03-27,Oil_Filter_B,14.03,335,4.83,4700.05,3081.9999999999995
2026-03-28,Oil_Filter_B,14.36,350,4.84,5026.0,3332.0
2026-03-29,Oil_Filter_B,16.11,310,5.25,4994.099999999999,3366.6
2026-03-30,Oil_Filter_B,17.04,286,5.04,4873.44,3432.0
2026-03-31,Oil_Filter_B,16.99,305,5.09,5181.95,3629.4999999999995
2026-04-01,Oil_Filter_B,15.49,353,4.86,5467.97,3752.39
2026-04-02,Oil_Filter_B,15.32,301,5.14,4611.32,3064.18
2026-04-03,Oil_Filter_B,13.05,361,5.13,4711.05,2859.1200000000003
2026-04-04,Oil_Filter_B,15.18,309,4.84,4690.62,3195.06
2026-04-05,Oil_Filter_B,16.03,319,5.11,5113.570000000001,3483.4800000000005
2026-04-06,Oil_Filter_B,15.12,354,4.78,5352.48,3660.36
2026-04-07,Oil_Filter_B,14.84,344,5.08,5104.96,3357.44
2026-04-08,Oil_Filter_B,16.75,298,4.97,4991.5,3510.4400000000005
2026-04-09,Oil_Filter_B,15.48,315,5.09,4876.2,3272.8500000000004
2026-04-10,Oil_Filter_B,13.99,353,4.77,4938.47,3254.6600000000003
2026-04-11,Oil_Filter_B,16.67,308,4.84,5134.360000000001,3643.640000000001
2026-04-12,Oil_Filter_B,12.99,363,4.91,4715.37,2933.04
2026-04-13,Oil_Filter_B,17.18,299,4.9,5136.82,3671.72
2026-04-14,Oil_Filter_B,13.05,383,5.21,4998.150000000001,3002.7200000000003
2026-04-15,Oil_Filter_B,15.32,336,5.14,5147.52,3420.48
2026-04-16,Oil_Filter_B,16.05,327,4.86,5248.35,3659.1300000000006
2026-04-17,Oil_Filter_B,13.19,368,4.86,4853.92,3065.4399999999996
2026-04-18,Oil_Filter_B,15.71,317,5.07,4980.070000000001,3372.88
2026-04-19,Oil_Filter_B,16.48,302,4.98,4976.96,3473.0
2026-04-20,Oil_Filter_B,14.39,362,4.86,5209.18,3449.8600000000006
2026-04-21,Oil_Filter_B,16.26,308,4.97,5008.080000000001,3477.3200000000006
2026-04-22,Oil_Filter_B,16.23,340,5.06,5518.2,3797.8000000000006
2026-04-23,Oil_Filter_B,13.68,358,5.07,4897.44,3082.3799999999997
2026-04-24,Oil_Filter_B,16.34,310,4.78,5065.4,3583.5999999999995
2026-04-25,Oil_Filter_B,14.44,352,5.13,5082.88,3277.1199999999994
2026-04-26,Oil_Filter_B,16.67,283,5.08,4717.610000000001,3279.9700000000003
2026-04-27,Oil_Filter_B,16.82,302,4.88,5079.64,3605.8800000000006
2026-04-28,Oil_Filter_B,15.08,300,4.82,4524.0,3078.0
2026-04-29,Oil_Filter_B,15.98,305,4.92,4873.900000000001,3373.3
2026-04-30,Oil_Filter_B,13.47,383,5.12,5159.01,3198.0500000000006
2026-05-01,Oil_Filter_B,16.26,313,4.94,5089.38,3543.1600000000003
2026-05-02,Oil_Filter_B,14.19,352,5.16,4994.88,3178.56
2026-05-03,Oil_Filter_B,13.21,368,5.07,4861.280000000001,2995.5200000000004
2026-05-04,Oil_Filter_B,17.07,305,4.86,5206.35,3724.05
2026-05-05,Oil_Filter_B,13.86,347,5.1,4809.42,3039.72
2026-05-06,Oil_Filter_B,15.5,338,5.0,5239.0,3549.0
2026-05-07,Oil_Filter_B,15.83,311,4.95,4923.13,3383.68
2026-05-08,Oil_Filter_B,17.1,309,5.11,5283.900000000001,3704.9100000000008
2026-05-09,Oil_Filter_B,15.0,350,4.89,5250.0,3538.5
2026-05-10,Oil_Filter_B,13.76,334,5.08,4595.84,2899.12
2026-05-11,Oil_Filter_B,13.68,364,5.16,4979.5199999999995,3101.2799999999997
2026-05-12,Oil_Filter_B,15.86,334,5.24,5297.24,3547.08
2026-05-13,Oil_Filter_B,13.76,333,5.2,4582.08,2850.4799999999996
2026-05-14,Oil_Filter_B,16.99,295,5.18,5012.049999999999,3483.95
2026-05-15,Oil_Filter_B,13.81,361,4.97,4985.41,3191.24
2026-05-16,Oil_Filter_B,14.33,305,4.98,4370.65,2851.75
2026-05-17,Oil_Filter_B,15.06,306,5.03,4608.360000000001,3069.1800000000003
2026-05-18,Oil_Filter_B,12.88,369,5.21,4752.72,2830.2300000000005
2026-05-19,Oil_Filter_B,17.12,266,5.1,4553.92,3197.32
2026-05-20,Oil_Filter_B,15.01,306,5.1,4593.0599999999995,3032.46
2026-05-21,Oil_Filter_B,16.79,293,4.78,4919.469999999999,3518.9299999999994
2026-05-22,Oil_Filter_B,14.45,297,4.89,4291.65,2839.3199999999997
2026-05-23,Oil_Filter_B,14.23,327,5.03,4653.21,3008.3999999999996
2026-05-24,Oil_Filter_B,15.78,273,5.21,4307.94,2885.61
2026-05-25,Oil_Filter_B,13.2,375,5.13,4950.0,3026.25
2026-05-26,Oil_Filter_B,16.91,269,4.92,4548.79,3225.31
2026-05-27,Oil_Filter_B,13.44,351,4.97,4717.44,2972.97
2026-05-28,Oil_Filter_B,13.53,377,5.11,5100.8099999999995,3174.3399999999992
2026-05-29,Oil_Filter_B,16.07,326,4.98,5238.82,3615.34
2026-05-30,Oil_Filter_B,13.55,333,4.84,4512.150000000001,2900.4300000000003
2026-05-31,Oil_Filter_B,13.68,389,4.83,5321.5199999999995,3442.6499999999996
2026-06-01,Oil_Filter_B,15.17,318,4.95,4824.06,3249.9599999999996
2026-06-02,Oil_Filter_B,12.95,338,4.97,4377.099999999999,2697.24
2026-06-03,Oil_Filter_B,14.23,348,5.11,4952.04,3173.76
2026-06-04,Oil_Filter_B,13.76,375,5.02,5160.0,3277.5
2026-06-05,Oil_Filter_B,13.61,347,5.04,4722.67,2973.79
2026-06-06,Oil_Filter_B,17.06,249,4.9,4247.94,3027.8399999999997
2026-06-07,Oil_Filter_B,14.75,317,4.97,4675.75,3100.26
2026-06-08,Oil_Filter_B,13.41,329,4.92,4411.89,2793.21
2026-06-09,Oil_Filter_B,14.41,330,4.79,4755.3,3174.6000000000004
2026-06-10,Oil_Filter_B,14.48,326,4.95,4720.4800000000005,3106.78
2026-06-11,Oil_Filter_B,13.19,335,4.79,4418.65,2813.9999999999995
2026-06-12,Oil_Filter_B,16.76,311,5.08,5212.360000000001,3632.4800000000005
2026-06-13,Oil_Filter_B,14.61,309,5.12,4514.49,2932.4099999999994
2026-06-14,Oil_Filter_B,17.24,260,4.96,4482.4,3192.7999999999993
2026-06-15,Oil_Filter_B,14.23,348,5.11,4952.04,3173.76
2026-06-16,Oil_Filter_B,13.14,355,5.2,4664.7,2818.7000000000003
2026-06-17,Oil_Filter_B,17.24,268,4.94,4620.32,3296.399999999999
2026-06-18,Oil_Filter_B,13.59,321,5.09,4362.39,2728.5
2026-06-19,Oil_Filter_B,15.85,332,5.17,5262.2,3545.7599999999998
2026-06-20,Oil_Filter_B,14.89,284,5.18,4228.76,2757.6400000000003
2026-06-21,Oil_Filter_B,16.51,277,4.78,4573.27,3249.21
2026-06-22,Oil_Filter_B,13.09,343,4.81,4489.87,2840.0400000000004
2026-06-23,Oil_Filter_B,14.99,301,5.0,4511.99,3006.9900000000002
2026-06-24,Oil_Filter_B,17.18,269,5.01,4621.42,3273.73
2026-06-25,Oil_Filter_B,15.95,290,5.01,4625.5,3172.6
2026-06-26,Oil_Filter_B,16.12,270,4.92,4352.400000000001,3024.0000000000005
2026-06-27,Oil_Filter_B,16.24,315,5.15,5115.599999999999,3493.3499999999995
2026-06-28,Oil_Filter_B,13.47,332,5.18,4472.04,2752.28
2026-06-29,Oil_Filter_B,13.69,336,5.02,4599.84,2913.12
2026-06-30,Oil_Filter_B,15.47,295,5.12,4563.650000000001,3053.2500000000005
2026-07-01,Oil_Filter_B,13.14,330,5.1,4336.2,2653.2000000000003
2026-07-02,Oil_Filter_B,13.03,340,4.88,4430.2,2770.9999999999995
2026-07-03,Oil_Filter_B,14.01,296,4.98,4146.96,2672.8799999999997
2026-07-04,Oil_Filter_B,15.56,300,5.16,4668.0,3120.0
2026-07-05,Oil_Filter_B,13.81,358,5.13,4943.9800000000005,3107.44
2026-07-06,Oil_Filter_B,14.62,253,4.91,3698.8599999999997,2456.6299999999997
2026-07-07,Oil_Filter_B,16.01,276,5.16,4418.76,2994.6000000000004
2026-07-08,Oil_Filter_B,15.33,288,5.23,4415.04,2908.7999999999997
2026-07-09,Oil_Filter_B,13.49,318,4.96,4289.82,2712.5400000000004
2026-07-10,Oil_Filter_B,14.65,306,4.85,4482.900000000001,2998.8
2026-07-11,Oil_Filter_B,14.24,306,4.93,4357.4400000000005,2848.86
2026-07-12,Oil_Filter_B,16.37,257,5.09,4207.09,2898.9600000000005
2026-07-13,Oil_Filter_B,15.51,323,5.14,5009.73,3349.51
2026-07-14,Oil_Filter_B,14.99,280,4.86,4197.2,2836.3999999999996
2026-07-15,Oil_Filter_B,16.65,259,5.09,4312.349999999999,2994.0399999999995
2026-07-16,Oil_Filter_B,15.68,279,4.79,4374.72,3038.31
2026-07-17,Oil_Filter_B,16.5,265,4.92,4372.5,3068.7
2026-07-18,Oil_Filter_B,14.57,317,5.25,4618.6900000000005,2954.44
2026-07-19,Oil_Filter_B,14.22,284,5.02,4038.48,2612.8
2026-07-20,Oil_Filter_B,16.27,282,5.24,4588.14,3110.46
2026-07-21,Oil_Filter_B,16.16,262,4.78,4233.92,2981.56
2026-07-22,Oil_Filter_B,17.18,250,5.24,4295.0,2985.0
2026-07-23,Oil_Filter_B,14.08,297,4.87,4181.76,2735.3700000000003
2026-07-24,Oil_Filter_B,14.65,291,5.04,4263.150000000001,2796.5099999999998
2026-07-25,Oil_Filter_B,15.07,245,4.75,3692.15,2528.4
2026-07-26,Oil_Filter_B,13.16,298,5.21,3921.68,2369.1
2026-07-27,Oil_Filter_B,14.92,267,4.81,3983.64,2699.37
2026-07-28,Oil_Filter_B,16.28,241,5.05,3923.4800000000005,2706.4300000000003
2026-07-29,Oil_Filter_B,13.56,318,4.95,4312.08,2737.98
2026-07-30,Oil_Filter_B,13.07,310,5.12,4051.7000000000003,2464.5
2026-07-31,Oil_Filter_B,13.38,270,5.15,3612.6000000000004,2222.1
2026-08-01,Oil_Filter_B,16.46,251,4.86,4131.46,2911.6000000000004
2026-08-02,Oil_Filter_B,16.58,254,5.09,4211.32,2918.4599999999996
2026-08-03,Oil_Filter_B,15.47,287,4.76,4439.89,3073.7700000000004
2026-08-04,Oil_Filter_B,13.62,326,4.9,4440.12,2842.72
2026-08-05,Oil_Filter_B,17.1,253,4.94,4326.3,3076.48
2026-08-06,Oil_Filter_B,15.04,273,5.02,4105.92,2735.46
2026-08-07,Oil_Filter_B,15.23,266,5.01,4051.1800000000003,2718.52
2026-08-08,Oil_Filter_B,14.87,281,5.02,4178.469999999999,2767.85
2026-08-09,Oil_Filter_B,15.03,262,5.21,3937.8599999999997,2572.84
2026-08-10,Oil_Filter_B,16.54,258,5.22,4267.32,2920.56
2026-08-11,Oil_Filter_B,16.95,248,5.05,4203.599999999999,2951.2
2026-08-12,Oil_Filter_B,14.86,283,4.9,4205.38,2818.68
2026-08-13,Oil_Filter_B,17.04,285,4.86,4856.4,3471.2999999999997
2026-08-14,Oil_Filter_B,16.71,280,5.01,4678.8,3276.0000000000005
2026-08-15,Oil_Filter_B,16.9,238,4.95,4022.2,2844.1
2026-08-16,Oil_Filter_B,16.28,268,4.81,4363.04,3073.9600000000005
2026-08-17,Oil_Filter_B,15.6,281,4.8,4383.599999999999,3034.8
2026-08-18,Oil_Filter_B,15.88,300,4.92,4764.0,3288.0000000000005
2026-08-19,Oil_Filter_B,14.04,280,5.15,3931.2,2489.2
2026-08-20,Oil_Filter_B,16.3,230,5.03,3749.0,2592.1
2026-08-21,Oil_Filter_B,15.11,261,5.16,3943.71,2596.95
2026-08-22,Oil_Filter_B,17.19,261,5.13,4486.59,3147.6600000000008
2026-08-23,Oil_Filter_B,15.61,261,5.06,4074.21,2753.55
2026-08-24,Oil_Filter_B,15.77,249,4.98,3926.73,2686.7099999999996
2026-08-25,Oil_Filter_B,15.64,237,4.83,3706.6800000000003,2561.9700000000003
2026-08-26,Oil_Filter_B,17.12,253,4.76,4331.360000000001,3127.0800000000004
2026-08-27,Oil_Filter_B,15.28,224,4.79,3422.72,2349.7599999999998
2026-08-28,Oil_Filter_B,14.6,271,5.17,3956.6,2555.5299999999997
2026-08-29,Oil_Filter_B,12.85,316,5.04,4060.6,2467.96
2026-08-30,Oil_Filter_B,16.58,262,5.23,4343.959999999999,2973.6999999999994
2026-08-31,Oil_Filter_B,12.8,303,5.22,3878.4,2296.7400000000002
2026-09-01,Oil_Filter_B,14.52,291,5.11,4225.32,2738.31
2026-09-02,Oil_Filter_B,14.08,315,4.95,4435.2,2875.95
2026-09-03,Oil_Filter_B,13.29,319,5.19,4239.509999999999,2583.899999999999
2026-09-04,Oil_Filter_B,14.57,265,5.08,3861.05,2514.85
2026-09-05,Oil_Filter_B,16.97,233,4.82,3954.0099999999998,2830.95
2026-09-06,Oil_Filter_B,13.06,274,5.07,3578.44,2189.26
2026-09-07,Oil_Filter_B,16.49,270,4.83,4452.299999999999,3148.1999999999994
2026-09-08,Oil_Filter_B,12.84,310,4.85,3980.4,2476.9
2026-09-09,Oil_Filter_B,14.15,268,4.78,3792.2000000000003,2511.1600000000003
2026-09-10,Oil_Filter_B,15.73,274,5.08,4310.02,2918.1
2026-09-11,Oil_Filter_B,12.84,295,4.85,3787.8,2357.05
2026-09-12,Oil_Filter_B,14.16,262,4.75,3709.92,2465.42
2026-09-13,Oil_Filter_B,12.89,281,4.79,3622.09,2276.1000000000004
2026-09-14,Oil_Filter_B,16.62,228,5.17,3789.36,2610.6000000000004
2026-09-15,Oil_Filter_B,14.66,253,5.06,3708.98,2428.8
2026-09-16,Oil_Filter_B,15.59,270,4.84,4209.3,2902.5
2026-09-17,Oil_Filter_B,14.16,279,5.21,3950.64,2497.0499999999997
2026-09-18,Oil_Filter_B,15.1,296,5.12,4469.599999999999,2954.08
2026-09-19,Oil_Filter_B,15.66,247,4.79,3868.02,2684.8900000000003
2026-09-20,Oil_Filter_B,14.33,305,4.98,4370.65,2851.75
2026-09-21,Oil_Filter_B,12.99,296,5.13,3845.04,2326.56
2026-09-22,Oil_Filter_B,13.54,308,5.0,4170.32,2630.3199999999997
2026-09-23,Oil_Filter_B,14.06,282,4.88,3964.92,2588.7599999999998
2026-09-24,Oil_Filter_B,14.36,277,5.01,3977.72,2589.95
2026-09-25,Oil_Filter_B,13.95,288,5.21,4017.6,2517.1199999999994
2026-09-26,Oil_Filter_B,15.49,266,5.05,4120.34,2777.0400000000004
2024-01-01,Spark_Plug_C,25.76,200,8.38,5152.0,3476.0000000000005
2024-01-02,Spark_Plug_C,25.69,160,7.74,4110.400000000001,2872.0000000000005
2024-01-03,Spark_Plug_C,28.52,184,8.34,5247.68,3713.12
2024-01-04,Spark_Plug_C,26.55,193,7.66,5124.150000000001,3645.77
2024-01-05,Spark_Plug_C,27.03,179,7.94,4838.37,3417.11
2024-01-06,Spark_Plug_C,27.28,164,8.03,4473.92,3157.0
2024-01-07,Spark_Plug_C,25.14,209,8.38,5254.26,3502.8399999999997
2024-01-08,Spark_Plug_C,23.03,240,8.11,5527.200000000001,3580.8
2024-01-09,Spark_Plug_C,23.81,198,8.3,4714.38,3070.9799999999996
2024-01-10,Spark_Plug_C,26.07,168,8.32,4379.76,2982.0
2024-01-11,Spark_Plug_C,21.95,241,7.8,5289.95,3410.1499999999996
2024-01-12,Spark_Plug_C,24.46,228,7.91,5576.88,3773.4
2024-01-13,Spark_Plug_C,27.32,192,8.33,5245.4400000000005,3646.0800000000004
2024-01-14,Spark_Plug_C,27.02,170,7.67,4593.4,3289.5000000000005
2024-01-15,Spark_Plug_C,22.42,229,8.17,5134.18,3263.2500000000005
2024-01-16,Spark_Plug_C,24.94,205,7.95,5112.7,3482.9500000000003
2024-01-17,Spark_Plug_C,24.16,223,8.04,5387.68,3594.76
2024-01-18,Spark_Plug_C,25.97,213,8.24,5531.61,3776.4899999999993
2024-01-19,Spark_Plug_C,25.04,221,8.32,5533.84,3695.12
2024-01-20,Spark_Plug_C,21.68,258,8.31,5593.44,3449.4599999999996
2024-01-21,Spark_Plug_C,28.65,179,7.67,5128.349999999999,3755.4199999999996
2024-01-22,Spark_Plug_C,23.39,249,8.37,5824.110000000001,3739.9800000000005
2024-01-23,Spark_Plug_C,23.33,215,7.88,5015.95,3321.75
2024-01-24,Spark_Plug_C,28.52,186,7.97,5304.72,3822.3
2024-01-25,Spark_Plug_C,25.89,192,8.14,4970.88,3408.0
