Project1_Price_Elasticity/data/sales_data_mock.csv
Date,Part_ID,Price,Quantity,Cost,Revenue,Margin
2024-01-26,Spark_Plug_C,28.03,170,8.23,4765.1,3366.0
2024-01-27,Spark_Plug_C,22.29,255,7.88,5683.95,3674.55
2024-01-28,Spark_Plug_C,21.54,277,7.67,5966.58,3841.99
2024-01-29,Spark_Plug_C,26.6,211,8.03,5612.6,3918.27
2024-01-30,Spark_Plug_C,21.9,258,8.2,5650.2,3534.6
2024-01-31,Spark_Plug_C,22.55,269,8.02,6065.95,3908.57
2024-02-01,Spark_Plug_C,25.06,198,8.09,4961.88,3360.06
2024-02-02,Spark_Plug_C,23.87,254,8.37,6062.9800000000005,3937.0000000000005
2024-02-03,Spark_Plug_C,24.19,237,7.9,5733.030000000001,3860.73
2024-02-04,Spark_Plug_C,25.9,202,8.23,5231.799999999999,3569.3399999999997
2024-02-05,Spark_Plug_C,22.97,251,8.11,5765.469999999999,3729.8599999999997
2024-02-06,Spark_Plug_C,28.24,179,8.34,5054.96,3562.1
2024-02-07,Spark_Plug_C,21.66,255,7.6,5523.3,3585.3
2024-02-08,Spark_Plug_C,25.6,210,8.13,5376.0,3668.7
2024-02-09,Spark_Plug_C,27.07,187,7.95,5062.09,3575.44
2024-02-10,Spark_Plug_C,22.98,249,7.68,5722.02,3809.7000000000003
2024-02-11,Spark_Plug_C,22.81,248,8.31,5656.88,3595.9999999999995
2024-02-12,Spark_Plug_C,27.96,193,7.62,5396.28,3925.62
2024-02-13,Spark_Plug_C,22.8,269,8.08,6133.2,3959.6800000000003
2024-02-14,Spark_Plug_C,26.64,186,7.98,4955.04,3470.76
2024-02-15,Spark_Plug_C,26.41,195,8.26,5149.95,3539.2499999999995
2024-02-16,Spark_Plug_C,23.12,241,8.39,5571.92,3549.9300000000003
2024-02-17,Spark_Plug_C,23.8,241,7.85,5735.8,3843.9500000000003
2024-02-18,Spark_Plug_C,24.85,222,8.39,5516.700000000001,3654.1200000000003
2024-02-19,Spark_Plug_C,22.89,220,8.3,5035.8,3209.8
2024-02-20,Spark_Plug_C,27.88,168,8.21,4683.84,3304.5599999999995
2024-02-21,Spark_Plug_C,21.9,259,7.81,5672.099999999999,3649.31
2024-02-22,Spark_Plug_C,27.63,203,8.27,5608.889999999999,3930.08
2024-02-23,Spark_Plug_C,21.3,264,8.38,5623.2,3410.88
2024-02-24,Spark_Plug_C,23.51,247,8.07,5806.97,3813.6800000000003
2024-02-25,Spark_Plug_C,24.45,222,8.24,5427.9,3598.6200000000003
2024-02-26,Spark_Plug_C,22.85,242,7.98,5529.700000000001,3598.5400000000004
2024-02-27,Spark_Plug_C,22.75,249,8.07,5664.75,3655.3199999999997
2024-02-28,Spark_Plug_C,22.32,257,8.16,5736.24,3639.12
2024-02-29,Spark_Plug_C,21.49,305,8.03,6554.45,4105.299999999999
2024-03-01,Spark_Plug_C,23.1,227,7.78,5243.700000000001,3477.64
2024-03-02,Spark_Plug_C,26.82,193,7.9,5176.26,3651.5600000000004
2024-03-03,Spark_Plug_C,22.6,237,7.99,5356.200000000001,3462.57
2024-03-04,Spark_Plug_C,22.52,256,8.26,5765.12,3650.56
2024-03-05,Spark_Plug_C,23.27,210,8.35,4886.7,3133.2
2024-03-06,Spark_Plug_C,24.92,226,7.62,5631.92,3909.8
2024-03-07,Spark_Plug_C,27.77,189,8.34,5248.53,3672.27
2024-03-08,Spark_Plug_C,23.7,244,8.21,5782.8,3779.5599999999995
2024-03-09,Spark_Plug_C,25.9,206,8.29,5335.4,3627.66
2024-03-10,Spark_Plug_C,21.7,302,7.68,6553.4,4234.04
2024-03-11,Spark_Plug_C,26.57,179,7.81,4756.03,3358.0400000000004
2024-03-12,Spark_Plug_C,27.1,184,7.94,4986.400000000001,3525.44
2024-03-13,Spark_Plug_C,25.71,192,7.92,4936.32,3415.68
2024-03-14,Spark_Plug_C,21.77,270,8.24,5877.9,3653.1
2024-03-15,Spark_Plug_C,22.56,265,8.03,5978.4,3850.45
2024-03-16,Spark_Plug_C,22.21,279,8.17,6196.59,3917.1600000000003
2024-03-17,Spark_Plug_C,22.12,280,8.3,6193.6,3869.6
2024-03-18,Spark_Plug_C,22.56,256,7.72,5775.36,3799.04
2024-03-19,Spark_Plug_C,27.11,193,8.4,5232.23,3611.03
2024-03-20,Spark_Plug_C,24.62,210,7.93,5170.2,3504.9
2024-03-21,Spark_Plug_C,24.66,242,7.99,5967.72,4034.1400000000003
2024-03-22,Spark_Plug_C,24.71,230,8.32,5683.3,3769.7000000000003
2024-03-23,Spark_Plug_C,23.87,249,7.75,5943.63,4013.88
2024-03-24,Spark_Plug_C,21.56,279,8.2,6015.24,3727.44
2024-03-25,Spark_Plug_C,23.39,259,8.28,6058.01,3913.4900000000002
2024-03-26,Spark_Plug_C,25.04,236,8.03,5909.44,4014.3599999999997
2024-03-27,Spark_Plug_C,25.41,225,7.75,5717.25,3973.5
2024-03-28,Spark_Plug_C,26.47,196,7.67,5188.12,3684.7999999999993
2024-03-29,Spark_Plug_C,27.14,203,8.01,5509.42,3883.3900000000003
2024-03-30,Spark_Plug_C,27.55,185,8.07,5096.75,3603.8
2024-03-31,Spark_Plug_C,24.69,223,7.66,5505.87,3797.69
2024-04-01,Spark_Plug_C,23.29,257,8.22,5985.53,3872.99
2024-04-02,Spark_Plug_C,24.39,217,8.39,5292.63,3472.0
2024-04-03,Spark_Plug_C,21.76,281,7.67,6114.56,3959.2900000000004
2024-04-04,Spark_Plug_C,22.76,241,7.86,5485.160000000001,3590.9000000000005
2024-04-05,Spark_Plug_C,22.04,273,7.9,6016.92,3860.22
2024-04-06,Spark_Plug_C,27.68,210,8.39,5812.8,4050.8999999999996
2024-04-07,Spark_Plug_C,26.01,191,7.94,4967.91,3451.37
2024-04-08,Spark_Plug_C,24.96,236,7.74,5890.56,4063.9199999999996
2024-04-09,Spark_Plug_C,26.4,176,8.28,4646.4,3189.1199999999994
2024-04-10,Spark_Plug_C,23.2,271,8.05,6287.2,4105.65
2024-04-11,Spark_Plug_C,21.39,268,7.83,5732.52,3634.08
2024-04-12,Spark_Plug_C,27.94,172,7.79,4805.68,3465.8
2024-04-13,Spark_Plug_C,27.05,199,7.95,5382.95,3800.9
2024-04-14,Spark_Plug_C,24.79,187,7.82,4635.73,3173.39
2024-04-15,Spark_Plug_C,28.24,179,8.09,5054.96,3606.85
2024-04-16,Spark_Plug_C,27.41,160,7.65,4385.6,3161.5999999999995
2024-04-17,Spark_Plug_C,25.7,234,8.3,6013.8,4071.5999999999995
2024-04-18,Spark_Plug_C,26.14,222,7.94,5803.08,4040.3999999999996
2024-04-19,Spark_Plug_C,27.93,179,7.62,4999.47,3635.49
2024-04-20,Spark_Plug_C,21.48,269,7.62,5778.12,3728.3399999999997
2024-04-21,Spark_Plug_C,26.96,211,7.84,5688.56,4034.32
2024-04-22,Spark_Plug_C,25.9,193,7.63,4998.7,3526.11
2024-04-23,Spark_Plug_C,24.88,239,7.9,5946.32,4058.2199999999993
2024-04-24,Spark_Plug_C,27.65,185,8.31,5115.25,3577.899999999999
2024-04-25,Spark_Plug_C,22.83,289,8.4,6597.87,4170.2699999999995
2024-04-26,Spark_Plug_C,21.83,263,7.65,5741.29,3729.3399999999992
2024-04-27,Spark_Plug_C,22.99,237,8.34,5448.629999999999,3472.0499999999997
2024-04-28,Spark_Plug_C,23.06,256,8.24,5903.36,3793.9199999999996
2024-04-29,Spark_Plug_C,27.55,198,7.68,5454.900000000001,3934.26
2024-04-30,Spark_Plug_C,21.28,258,8.13,5490.240000000001,3392.7000000000003
2024-05-01,Spark_Plug_C,27.01,190,8.28,5131.900000000001,3558.7000000000007
2024-05-02,Spark_Plug_C,27.93,175,7.65,4887.75,3549.0
2024-05-03,Spark_Plug_C,28.48,179,7.85,5097.92,3692.7700000000004
2024-05-04,Spark_Plug_C,26.1,216,7.97,5637.6,3916.0800000000004
2024-05-05,Spark_Plug_C,25.92,218,7.72,5650.56,3967.600000000001
2024-05-06,Spark_Plug_C,25.22,202,8.14,5094.44,3450.16
2024-05-07,Spark_Plug_C,28.45,168,8.07,4779.599999999999,3423.8399999999997
2024-05-08,Spark_Plug_C,25.49,222,7.61,5658.78,3969.3599999999997
2024-05-09,Spark_Plug_C,24.23,220,8.2,5330.6,3526.6000000000004
2024-05-10,Spark_Plug_C,21.52,252,7.83,5423.04,3449.8799999999997
2024-05-11,Spark_Plug_C,23.74,251,7.66,5958.74,4036.0799999999995
2024-05-12,Spark_Plug_C,22.21,270,7.93,5996.7,3855.6000000000004
2024-05-13,Spark_Plug_C,24.03,251,8.39,6031.530000000001,3925.6400000000003
2024-05-14,Spark_Plug_C,26.94,171,8.01,4606.74,3237.0299999999997
2024-05-15,Spark_Plug_C,27.67,192,8.05,5312.64,3767.04
2024-05-16,Spark_Plug_C,26.64,212,8.24,5647.68,3900.7999999999997
2024-05-17,Spark_Plug_C,23.55,227,7.87,5345.85,3559.36
2024-05-18,Spark_Plug_C,26.88,171,7.82,4596.48,3259.2599999999998
2024-05-19,Spark_Plug_C,26.18,174,8.36,4555.32,3100.68
2024-05-20,Spark_Plug_C,28.35,157,8.36,4450.95,3138.4300000000003
2024-05-21,Spark_Plug_C,28.58,154,7.95,4401.32,3177.02
2024-05-22,Spark_Plug_C,26.79,179,7.8,4795.41,3399.2099999999996
2024-05-23,Spark_Plug_C,23.27,230,8.13,5352.099999999999,3482.2
2024-05-24,Spark_Plug_C,28.2,157,7.93,4427.4,3182.39
2024-05-25,Spark_Plug_C,23.93,220,8.23,5264.6,3454.0
2024-05-26,Spark_Plug_C,24.54,222,8.14,5447.88,3640.7999999999997
2024-05-27,Spark_Plug_C,23.09,206,7.79,4756.54,3151.8
2024-05-28,Spark_Plug_C,23.78,209,7.77,4970.02,3346.09
2024-05-29,Spark_Plug_C,27.57,181,8.23,4990.17,3500.54
2024-05-30,Spark_Plug_C,26.11,172,8.24,4490.92,3073.6399999999994
2024-05-31,Spark_Plug_C,27.28,196,7.65,5346.88,3847.4800000000005
2024-06-01,Spark_Plug_C,27.92,181,7.73,5053.52,3654.3900000000003
2024-06-02,Spark_Plug_C,27.22,175,7.81,4763.5,3396.75
2024-06-03,Spark_Plug_C,24.01,219,7.81,5258.1900000000005,3547.8000000000006
2024-06-04,Spark_Plug_C,21.75,249,8.25,5415.75,3361.5
2024-06-05,Spark_Plug_C,27.53,185,8.1,5093.05,3594.5499999999997
2024-06-06,Spark_Plug_C,28.61,176,8.17,5035.36,3597.4399999999996
2024-06-07,Spark_Plug_C,22.6,251,8.13,5672.6,3631.9700000000003
2024-06-08,Spark_Plug_C,25.62,204,7.64,5226.4800000000005,3667.92
2024-06-09,Spark_Plug_C,27.61,152,7.65,4196.72,3033.92
2024-06-10,Spark_Plug_C,23.7,215,7.7,5095.5,3440.0
2024-06-11,Spark_Plug_C,25.61,199,8.1,5096.39,3484.49
2024-06-12,Spark_Plug_C,27.55,173,7.99,4766.150000000001,3383.8800000000006
2024-06-13,Spark_Plug_C,24.92,213,8.04,5307.96,3595.4400000000005
2024-06-14,Spark_Plug_C,24.01,194,8.28,4657.9400000000005,3051.6200000000003
2024-06-15,Spark_Plug_C,21.95,249,7.63,5465.55,3565.6800000000003
2024-06-16,Spark_Plug_C,21.48,242,8.01,5198.16,3259.7400000000002
2024-06-17,Spark_Plug_C,22.55,233,7.91,5254.150000000001,3411.1200000000003
2024-06-18,Spark_Plug_C,25.84,202,8.28,5219.68,3547.1200000000003
2024-06-19,Spark_Plug_C,28.27,156,8.34,4410.12,3109.08
2024-06-20,Spark_Plug_C,21.3,244,7.93,5197.2,3262.28
2024-06-21,Spark_Plug_C,24.95,195,7.95,4865.25,3315.0
2024-06-22,Spark_Plug_C,27.26,158,7.97,4307.08,3047.8200000000006
2024-06-23,Spark_Plug_C,26.44,185,8.09,4891.400000000001,3394.7500000000005
2024-06-24,Spark_Plug_C,24.11,228,7.91,5497.08,3693.6
2024-06-25,Spark_Plug_C,24.38,189,8.35,4607.82,3029.67
2024-06-26,Spark_Plug_C,22.43,254,7.94,5697.22,3680.4599999999996
2024-06-27,Spark_Plug_C,26.74,196,8.27,5241.04,3620.12
2024-06-28,Spark_Plug_C,28.49,161,7.88,4586.889999999999,3318.21
2024-06-29,Spark_Plug_C,22.53,231,8.32,5204.43,3282.51
2024-06-30,Spark_Plug_C,25.55,189,8.07,4828.95,3303.7200000000003
2024-07-01,Spark_Plug_C,22.93,214,8.34,4907.0199999999995,3122.2599999999998
2024-07-02,Spark_Plug_C,26.95,163,7.81,4392.849999999999,3119.82
2024-07-03,Spark_Plug_C,26.29,199,8.26,5231.71,3587.9700000000003
2024-07-04,Spark_Plug_C,24.33,204,8.05,4963.32,3321.1199999999994
2024-07-05,Spark_Plug_C,25.71,194,8.06,4987.74,3424.1
2024-07-06,Spark_Plug_C,23.74,213,7.67,5056.62,3422.91
2024-07-07,Spark_Plug_C,23.45,219,8.32,5135.55,3313.47
2024-07-08,Spark_Plug_C,28.14,171,7.92,4811.9400000000005,3457.62
2024-07-09,Spark_Plug_C,23.05,199,7.68,4586.95,3058.63
2024-07-10,Spark_Plug_C,26.45,189,8.3,4999.05,3430.35
2024-07-11,Spark_Plug_C,21.9,207,8.07,4533.299999999999,2862.8099999999995
2024-07-12,Spark_Plug_C,24.75,185,8.05,4578.75,3089.5
2024-07-13,Spark_Plug_C,25.63,161,8.0,4126.43,2838.43
2024-07-14,Spark_Plug_C,22.39,230,8.07,5149.7,3293.6
2024-07-15,Spark_Plug_C,25.49,211,7.84,5378.389999999999,3724.1499999999996
2024-07-16,Spark_Plug_C,22.18,217,7.63,4813.0599999999995,3157.3500000000004
2024-07-17,Spark_Plug_C,25.75,207,7.77,5330.25,3721.86
2024-07-18,Spark_Plug_C,25.54,174,8.08,4443.96,3038.04
2024-07-19,Spark_Plug_C,22.34,230,7.66,5138.2,3376.4
2024-07-20,Spark_Plug_C,22.52,206,8.01,4639.12,2989.06
2024-07-21,Spark_Plug_C,23.03,195,8.24,4490.85,2884.05
2024-07-22,Spark_Plug_C,22.61,238,8.18,5381.18,3434.34
2024-07-23,Spark_Plug_C,22.81,214,7.99,4881.34,3171.4799999999996
2024-07-24,Spark_Plug_C,25.51,199,8.09,5076.490000000001,3466.5800000000004
2024-07-25,Spark_Plug_C,21.94,239,7.93,5243.66,3348.3900000000003
2024-07-26,Spark_Plug_C,23.1,207,8.07,4781.700000000001,3111.21
2024-07-27,Spark_Plug_C,26.22,185,8.4,4850.7,3296.7000000000003
2024-07-28,Spark_Plug_C,24.33,205,7.84,4987.65,3380.45
2024-07-29,Spark_Plug_C,24.29,189,8.23,4590.8099999999995,3035.3399999999997
2024-07-30,Spark_Plug_C,27.68,174,8.15,4816.32,3398.2200000000003
2024-07-31,Spark_Plug_C,28.34,150,7.71,4251.0,3094.5
2024-08-01,Spark_Plug_C,25.08,193,8.26,4840.44,3246.26
2024-08-02,Spark_Plug_C,28.32,149,7.91,4219.68,3041.09
2024-08-03,Spark_Plug_C,27.4,170,7.97,4658.0,3303.1
2024-08-04,Spark_Plug_C,22.15,198,8.34,4385.7,2734.3799999999997
2024-08-05,Spark_Plug_C,26.32,175,8.29,4606.0,3155.25
2024-08-06,Spark_Plug_C,23.78,218,7.85,5184.04,3472.7400000000002
2024-08-07,Spark_Plug_C,23.49,199,8.23,4674.509999999999,3036.74
2024-08-08,Spark_Plug_C,27.02,180,7.76,4863.6,3466.7999999999997
2024-08-09,Spark_Plug_C,24.08,195,7.82,4695.599999999999,3170.7
2024-08-10,Spark_Plug_C,28.13,175,8.25,4922.75,3479.0
2024-08-11,Spark_Plug_C,23.97,214,7.98,5129.58,3421.8599999999997
2024-08-12,Spark_Plug_C,21.92,252,7.99,5523.84,3510.3600000000006
2024-08-13,Spark_Plug_C,26.95,160,8.19,4312.0,3001.5999999999995
2024-08-14,Spark_Plug_C,26.97,179,7.95,4827.63,3404.58
2024-08-15,Spark_Plug_C,22.65,227,7.76,5141.549999999999,3380.0299999999997
2024-08-16,Spark_Plug_C,28.58,142,8.27,4058.3599999999997,2884.02
2024-08-17,Spark_Plug_C,27.66,153,7.67,4231.9800000000005,3058.4700000000003
2024-08-18,Spark_Plug_C,28.4,154,7.64,4373.599999999999,3197.0399999999995
2024-08-19,Spark_Plug_C,24.92,187,8.02,4660.04,3160.3
2024-08-20,Spark_Plug_C,24.81,180,7.61,4465.8,3096.0
2024-08-21,Spark_Plug_C,27.02,139,7.7,3755.7799999999997,2685.48
2024-08-22,Spark_Plug_C,27.0,180,8.16,4860.0,3391.2
2024-08-23,Spark_Plug_C,25.44,180,7.61,4579.2,3209.4000000000005
2024-08-24,Spark_Plug_C,23.57,212,7.84,4996.84,3334.76
2024-08-25,Spark_Plug_C,24.59,202,7.67,4967.18,3417.84
2024-08-26,Spark_Plug_C,22.79,225,7.65,5127.75,3406.4999999999995
2024-08-27,Spark_Plug_C,22.96,178,7.98,4086.88,2666.44
2024-08-28,Spark_Plug_C,28.59,147,8.33,4202.73,2978.22
2024-08-29,Spark_Plug_C,22.78,226,7.64,5148.280000000001,3421.6400000000003
2024-08-30,Spark_Plug_C,28.66,148,8.31,4241.68,3011.8
2024-08-31,Spark_Plug_C,24.83,180,8.32,4469.4,2971.7999999999997
2024-09-01,Spark_Plug_C,24.55,188,7.85,4615.400000000001,3139.6000000000004
2024-09-02,Spark_Plug_C,24.62,194,8.4,4776.28,3146.68
2024-09-03,Spark_Plug_C,24.13,186,8.23,4488.179999999999,2957.3999999999996
2024-09-04,Spark_Plug_C,27.76,158,7.9,4386.08,3137.88
2024-09-05,Spark_Plug_C,21.62,221,7.85,4778.02,3043.17
2024-09-06,Spark_Plug_C,25.72,184,8.27,4732.48,3210.7999999999997
2024-09-07,Spark_Plug_C,26.53,154,7.91,4085.6200000000003,2867.48
2024-09-08,Spark_Plug_C,23.72,204,7.84,4838.88,3239.52
2024-09-09,Spark_Plug_C,25.52,181,7.64,4619.12,3236.2799999999997
2024-09-10,Spark_Plug_C,22.1,224,8.06,4950.400000000001,3144.96
2024-09-11,Spark_Plug_C,25.21,177,8.12,4462.17,3024.9300000000007
2024-09-12,Spark_Plug_C,23.31,207,8.4,4825.17,3086.3699999999994
2024-09-13,Spark_Plug_C,24.45,186,8.11,4547.7,3039.24
2024-09-14,Spark_Plug_C,27.77,172,7.97,4776.44,3405.6
2024-09-15,Spark_Plug_C,25.35,156,8.07,3954.6000000000004,2695.6800000000003
2024-09-16,Spark_Plug_C,25.94,174,8.14,4513.56,3097.2000000000003
2024-09-17,Spark_Plug_C,27.63,147,7.85,4061.6099999999997,2907.6600000000003
2024-09-18,Spark_Plug_C,26.38,170,7.85,4484.599999999999,3150.1000000000004
2024-09-19,Spark_Plug_C,24.65,213,7.84,5250.45,3580.5299999999997
2024-09-20,Spark_Plug_C,26.17,170,8.15,4448.900000000001,3063.4000000000005
2024-09-21,Spark_Plug_C,22.05,212,7.94,4674.6,2991.3199999999997
2024-09-22,Spark_Plug_C,21.46,221,7.72,4742.66,3036.5400000000004
2024-09-23,Spark_Plug_C,22.27,198,7.68,4409.46,2888.82
2024-09-24,Spark_Plug_C,27.57,153,8.19,4218.21,2965.1400000000003
2024-09-25,Spark_Plug_C,21.95,207,8.19,4543.65,2848.32
2024-09-26,Spark_Plug_C,26.74,152,8.07,4064.4799999999996,2837.8399999999997
2024-09-27,Spark_Plug_C,27.26,156,8.07,4252.56,2993.6400000000003
2024-09-28,Spark_Plug_C,22.9,189,8.34,4328.099999999999,2751.8399999999997
2024-09-29,Spark_Plug_C,25.86,190,7.86,4913.4,3420.0
2024-09-30,Spark_Plug_C,27.18,163,8.1,4430.34,3110.0399999999995
2024-10-01,Spark_Plug_C,21.62,206,8.06,4453.72,2793.36
2024-10-02,Spark_Plug_C,24.89,165,7.74,4106.85,2829.7499999999995
2024-10-03,Spark_Plug_C,24.38,203,7.68,4949.139999999999,3390.1
2024-10-04,Spark_Plug_C,25.7,155,7.73,3983.5,2785.35
2024-10-05,Spark_Plug_C,24.28,181,8.06,4394.68,2935.8199999999997
2024-10-06,Spark_Plug_C,24.6,223,7.81,5485.8,3744.1700000000005
2024-10-07,Spark_Plug_C,23.64,218,7.74,5153.52,3466.2000000000003
2024-10-08,Spark_Plug_C,21.28,243,7.84,5171.04,3265.9200000000005
2024-10-09,Spark_Plug_C,27.12,146,7.99,3959.52,2792.9800000000005
2024-10-10,Spark_Plug_C,23.16,202,8.39,4678.32,2983.54
2024-10-11,Spark_Plug_C,21.41,242,7.84,5181.22,3283.94
2024-10-12,Spark_Plug_C,21.93,252,7.87,5526.36,3543.12
2024-10-13,Spark_Plug_C,22.04,223,8.39,4914.92,3043.95
2024-10-14,Spark_Plug_C,26.93,165,8.24,4443.45,3083.8499999999995
2024-10-15,Spark_Plug_C,23.88,219,8.04,5229.719999999999,3468.96
2024-10-16,Spark_Plug_C,22.32,210,7.86,4687.2,3036.6000000000004
2024-10-17,Spark_Plug_C,23.96,194,7.82,4648.24,3131.1600000000003
2024-10-18,Spark_Plug_C,23.07,215,7.75,4960.05,3293.8
2024-10-19,Spark_Plug_C,25.3,176,8.14,4452.8,3020.16
2024-10-20,Spark_Plug_C,26.81,181,8.02,4852.61,3400.99
2024-10-21,Spark_Plug_C,24.55,203,8.31,4983.650000000001,3296.7200000000003
2024-10-22,Spark_Plug_C,26.96,161,7.81,4340.56,3083.1500000000005
2024-10-23,Spark_Plug_C,21.73,226,8.4,4910.9800000000005,3012.58
2024-10-24,Spark_Plug_C,26.18,183,8.38,4790.94,3257.3999999999996
2024-10-25,Spark_Plug_C,24.33,171,7.62,4160.429999999999,2857.4099999999994
2024-10-26,Spark_Plug_C,27.59,142,7.77,3917.78,2814.44
2024-10-27,Spark_Plug_C,28.5,141,7.67,4018.5,2937.0299999999997
2024-10-28,Spark_Plug_C,22.63,215,7.88,4865.45,3171.25
2024-10-29,Spark_Plug_C,26.27,166,7.64,4360.82,3092.58
2024-10-30,Spark_Plug_C,25.17,162,8.03,4077.5400000000004,2776.6800000000003
2024-10-31,Spark_Plug_C,27.39,146,8.15,3998.94,2809.0400000000004
2024-11-01,Spark_Plug_C,23.26,200,8.32,4652.0,2988.0000000000005
2024-11-02,Spark_Plug_C,27.95,165,8.2,4611.75,3258.75
2024-11-03,Spark_Plug_C,26.46,163,7.66,4312.9800000000005,3064.4
2024-11-04,Spark_Plug_C,28.22,155,8.32,4374.099999999999,3084.5
2024-11-05,Spark_Plug_C,23.78,212,7.78,5041.360000000001,3392.0
2024-11-06,Spark_Plug_C,23.53,178,7.96,4188.34,2771.46
2024-11-07,Spark_Plug_C,24.47,181,7.96,4429.07,2988.3099999999995
2024-11-08,Spark_Plug_C,24.76,179,8.02,4432.04,2996.4600000000005
