Project1_Price_Elasticity/data/sales_data_mock.csv
Date,Part_ID,Price,Quantity,Cost,Revenue,Margin
2024-11-09,Spark_Plug_C,23.02,236,8.17,5432.72,3504.6
2024-11-10,Spark_Plug_C,24.0,201,8.37,4824.0,3141.63
2024-11-11,Spark_Plug_C,25.96,166,8.11,4309.360000000001,2963.1000000000004
2024-11-12,Spark_Plug_C,22.7,200,7.81,4540.0,2978.0
2024-11-13,Spark_Plug_C,27.3,160,7.76,4368.0,3126.3999999999996
2024-11-14,Spark_Plug_C,28.26,126,8.05,3560.76,2546.46
2024-11-15,Spark_Plug_C,26.3,142,8.21,3734.6,2568.78
2024-11-16,Spark_Plug_C,28.4,159,7.7,4515.599999999999,3291.2999999999997
2024-11-17,Spark_Plug_C,28.26,169,7.84,4775.9400000000005,3450.9800000000005
2024-11-18,Spark_Plug_C,27.48,173,7.9,4754.04,3387.3399999999997
2024-11-19,Spark_Plug_C,21.55,216,7.83,4654.8,2963.52
2024-11-20,Spark_Plug_C,22.79,215,8.02,4899.849999999999,3175.5499999999997
2024-11-21,Spark_Plug_C,23.99,197,7.66,4726.03,3217.0099999999998
2024-11-22,Spark_Plug_C,21.93,255,7.7,5592.15,3628.65
2024-11-23,Spark_Plug_C,26.65,193,7.75,5143.45,3647.7
2024-11-24,Spark_Plug_C,23.37,207,7.73,4837.59,3237.48
2024-11-25,Spark_Plug_C,28.47,173,8.26,4925.3099999999995,3496.33
2024-11-26,Spark_Plug_C,21.98,242,8.0,5319.16,3383.1600000000003
2024-11-27,Spark_Plug_C,22.23,258,7.71,5735.34,3746.16
2024-11-28,Spark_Plug_C,22.24,217,8.38,4826.08,3007.6199999999994
2024-11-29,Spark_Plug_C,22.15,229,7.64,5072.349999999999,3322.7899999999995
2024-11-30,Spark_Plug_C,26.27,153,7.91,4019.31,2809.08
2024-12-01,Spark_Plug_C,25.34,178,8.27,4510.5199999999995,3038.46
2024-12-02,Spark_Plug_C,27.17,169,7.89,4591.7300000000005,3258.32
2024-12-03,Spark_Plug_C,28.32,159,7.79,4502.88,3264.27
2024-12-04,Spark_Plug_C,24.97,193,8.21,4819.21,3234.68
2024-12-05,Spark_Plug_C,22.0,237,7.66,5214.0,3398.58
2024-12-06,Spark_Plug_C,22.47,247,7.8,5550.09,3623.4899999999993
2024-12-07,Spark_Plug_C,23.54,195,8.17,4590.3,2997.1499999999996
2024-12-08,Spark_Plug_C,22.83,208,7.7,4748.639999999999,3147.04
2024-12-09,Spark_Plug_C,25.81,180,7.81,4645.8,3240.0
2024-12-10,Spark_Plug_C,26.26,177,7.71,4648.02,3283.35
2024-12-11,Spark_Plug_C,22.85,229,8.27,5232.650000000001,3338.8200000000006
2024-12-12,Spark_Plug_C,24.02,206,8.18,4948.12,3263.04
2024-12-13,Spark_Plug_C,22.69,195,8.39,4424.55,2788.5
2024-12-14,Spark_Plug_C,22.1,244,8.32,5392.400000000001,3362.32
2024-12-15,Spark_Plug_C,24.38,212,7.66,5168.5599999999995,3544.64
2024-12-16,Spark_Plug_C,23.6,208,7.96,4908.8,3253.12
2024-12-17,Spark_Plug_C,26.26,149,8.1,3912.7400000000002,2705.8400000000006
2024-12-18,Spark_Plug_C,26.62,185,8.11,4924.7,3424.3500000000004
2024-12-19,Spark_Plug_C,26.87,213,7.64,5723.31,4095.9900000000002
2024-12-20,Spark_Plug_C,24.36,212,7.82,5164.32,3506.48
2024-12-21,Spark_Plug_C,24.44,230,8.2,5621.200000000001,3735.2000000000003
2024-12-22,Spark_Plug_C,25.78,173,7.84,4459.9400000000005,3103.6200000000003
2024-12-23,Spark_Plug_C,25.85,165,8.17,4265.25,2917.2
2024-12-24,Spark_Plug_C,27.84,168,8.34,4677.12,3276.0
2024-12-25,Spark_Plug_C,26.65,196,7.62,5223.4,3729.8799999999997
2024-12-26,Spark_Plug_C,28.33,158,7.68,4476.139999999999,3262.7
2024-12-27,Spark_Plug_C,27.49,172,7.61,4728.28,3419.3599999999997
2024-12-28,Spark_Plug_C,22.7,223,7.61,5062.099999999999,3365.07
2024-12-29,Spark_Plug_C,23.62,213,8.0,5031.06,3327.0600000000004
2024-12-30,Spark_Plug_C,27.85,167,7.64,4650.95,3375.07
2024-12-31,Spark_Plug_C,27.41,186,7.87,5098.26,3634.44
2025-01-01,Spark_Plug_C,27.95,170,8.27,4751.5,3345.6
2025-01-02,Spark_Plug_C,24.54,219,7.96,5374.26,3631.0199999999995
2025-01-03,Spark_Plug_C,25.51,189,7.81,4821.39,3345.3000000000006
2025-01-04,Spark_Plug_C,27.45,164,8.24,4501.8,3150.44
2025-01-05,Spark_Plug_C,27.78,156,7.74,4333.68,3126.24
2025-01-06,Spark_Plug_C,27.5,165,8.07,4537.5,3205.95
2025-01-07,Spark_Plug_C,25.24,222,7.75,5603.28,3882.7799999999997
2025-01-08,Spark_Plug_C,26.73,172,8.02,4597.56,3218.1200000000003
2025-01-09,Spark_Plug_C,26.09,185,7.62,4826.65,3416.95
2025-01-10,Spark_Plug_C,24.07,209,8.15,5030.63,3327.28
2025-01-11,Spark_Plug_C,23.42,207,8.35,4847.9400000000005,3119.4900000000002
2025-01-12,Spark_Plug_C,26.23,179,7.65,4695.17,3325.8199999999997
2025-01-13,Spark_Plug_C,23.87,221,7.7,5275.27,3573.57
2025-01-14,Spark_Plug_C,23.75,229,8.07,5438.75,3590.72
2025-01-15,Spark_Plug_C,23.82,199,8.07,4740.18,3134.25
2025-01-16,Spark_Plug_C,25.88,201,8.26,5201.88,3541.6199999999994
2025-01-17,Spark_Plug_C,27.75,186,8.0,5161.5,3673.5
2025-01-18,Spark_Plug_C,28.31,170,8.23,4812.7,3413.6
2025-01-19,Spark_Plug_C,27.35,163,7.96,4458.05,3160.57
2025-01-20,Spark_Plug_C,25.11,190,8.28,4770.9,3197.7
2025-01-21,Spark_Plug_C,24.99,234,8.03,5847.66,3968.6400000000003
2025-01-22,Spark_Plug_C,25.54,190,7.61,4852.599999999999,3406.7
2025-01-23,Spark_Plug_C,26.16,191,8.15,4996.56,3439.9099999999994
2025-01-24,Spark_Plug_C,23.28,220,8.02,5121.6,3357.2000000000003
2025-01-25,Spark_Plug_C,21.94,254,7.74,5572.76,3606.8
2025-01-26,Spark_Plug_C,28.12,166,8.12,4667.92,3320.0
2025-01-27,Spark_Plug_C,28.07,188,7.86,5277.16,3799.48
2025-01-28,Spark_Plug_C,26.11,192,8.14,5013.12,3450.24
2025-01-29,Spark_Plug_C,23.4,221,7.66,5171.4,3478.5399999999995
2025-01-30,Spark_Plug_C,25.22,201,8.12,5069.219999999999,3437.1000000000004
2025-01-31,Spark_Plug_C,28.44,153,7.73,4351.320000000001,3168.63
2025-02-01,Spark_Plug_C,27.25,183,8.08,4986.75,3508.11
2025-02-02,Spark_Plug_C,25.28,194,8.3,4904.320000000001,3294.12
2025-02-03,Spark_Plug_C,25.25,190,8.25,4797.5,3230.0
2025-02-04,Spark_Plug_C,24.78,217,8.26,5377.26,3584.8400000000006
2025-02-05,Spark_Plug_C,27.88,180,8.2,5018.4,3542.4
2025-02-06,Spark_Plug_C,25.75,199,7.64,5124.25,3603.89
2025-02-07,Spark_Plug_C,25.17,232,8.24,5839.4400000000005,3927.7599999999998
2025-02-08,Spark_Plug_C,25.5,205,8.19,5227.5,3548.5500000000006
2025-02-09,Spark_Plug_C,26.4,212,8.21,5596.799999999999,3856.2799999999997
2025-02-10,Spark_Plug_C,26.13,192,7.81,5016.96,3517.44
2025-02-11,Spark_Plug_C,28.15,177,8.15,4982.55,3540.0
2025-02-12,Spark_Plug_C,28.13,162,7.6,4557.0599999999995,3325.86
2025-02-13,Spark_Plug_C,23.29,237,7.71,5519.73,3692.4599999999996
2025-02-14,Spark_Plug_C,21.88,261,8.26,5710.679999999999,3554.8199999999997
2025-02-15,Spark_Plug_C,25.82,210,8.31,5422.2,3677.0999999999995
2025-02-16,Spark_Plug_C,23.79,223,8.28,5305.17,3458.73
2025-02-17,Spark_Plug_C,23.72,242,7.87,5740.24,3835.6999999999994
2025-02-18,Spark_Plug_C,22.49,253,7.95,5689.969999999999,3678.62
2025-02-19,Spark_Plug_C,23.29,259,7.84,6032.11,4001.5499999999997
2025-02-20,Spark_Plug_C,22.34,243,7.62,5428.62,3576.9599999999996
2025-02-21,Spark_Plug_C,25.03,214,8.0,5356.42,3644.42
2025-02-22,Spark_Plug_C,23.72,214,8.38,5076.08,3282.7599999999998
2025-02-23,Spark_Plug_C,22.34,272,8.17,6076.48,3854.24
2025-02-24,Spark_Plug_C,24.37,229,8.36,5580.7300000000005,3666.2900000000004
2025-02-25,Spark_Plug_C,23.91,227,8.04,5427.57,3602.4900000000002
2025-02-26,Spark_Plug_C,27.65,171,7.83,4728.15,3389.2200000000003
2025-02-27,Spark_Plug_C,28.4,192,7.67,5452.799999999999,3980.1599999999994
2025-02-28,Spark_Plug_C,21.43,265,8.33,5678.95,3471.5
2025-03-01,Spark_Plug_C,21.39,249,8.15,5326.110000000001,3296.76
2025-03-02,Spark_Plug_C,23.07,228,7.7,5259.96,3504.36
2025-03-03,Spark_Plug_C,23.43,242,7.66,5670.0599999999995,3816.3399999999997
2025-03-04,Spark_Plug_C,27.82,164,8.0,4562.4800000000005,3250.48
2025-03-05,Spark_Plug_C,26.11,214,8.31,5587.54,3809.1999999999994
2025-03-06,Spark_Plug_C,23.58,236,8.03,5564.879999999999,3669.7999999999997
2025-03-07,Spark_Plug_C,27.66,195,8.26,5393.7,3782.9999999999995
2025-03-08,Spark_Plug_C,27.82,178,7.84,4951.96,3556.44
2025-03-09,Spark_Plug_C,26.4,192,7.84,5068.799999999999,3563.5199999999995
2025-03-10,Spark_Plug_C,28.18,184,7.92,5185.12,3727.8399999999997
2025-03-11,Spark_Plug_C,22.53,232,7.9,5226.96,3394.1600000000003
2025-03-12,Spark_Plug_C,26.77,197,8.36,5273.69,3626.77
2025-03-13,Spark_Plug_C,27.99,190,7.75,5318.099999999999,3845.6
2025-03-14,Spark_Plug_C,24.08,230,8.09,5538.4,3677.7
2025-03-15,Spark_Plug_C,21.81,267,7.68,5823.2699999999995,3772.7099999999996
2025-03-16,Spark_Plug_C,23.76,214,7.63,5084.64,3451.8200000000006
2025-03-17,Spark_Plug_C,24.09,225,8.31,5420.25,3550.5
2025-03-18,Spark_Plug_C,28.33,195,7.93,5524.349999999999,3977.9999999999995
2025-03-19,Spark_Plug_C,26.15,217,7.99,5674.549999999999,3940.7199999999993
2025-03-20,Spark_Plug_C,25.72,229,7.91,5889.88,4078.49
2025-03-21,Spark_Plug_C,23.12,233,8.05,5386.96,3511.31
2025-03-22,Spark_Plug_C,24.16,214,8.06,5170.24,3445.4
2025-03-23,Spark_Plug_C,24.45,229,8.19,5599.05,3723.5399999999995
2025-03-24,Spark_Plug_C,24.86,222,7.82,5518.92,3782.8799999999997
2025-03-25,Spark_Plug_C,26.85,202,7.61,5423.700000000001,3886.4800000000005
2025-03-26,Spark_Plug_C,22.91,239,8.39,5475.49,3470.2799999999997
2025-03-27,Spark_Plug_C,25.28,221,7.91,5586.88,3838.7700000000004
2025-03-28,Spark_Plug_C,24.36,257,7.76,6260.5199999999995,4266.200000000001
2025-03-29,Spark_Plug_C,26.34,190,8.23,5004.6,3440.9
2025-03-30,Spark_Plug_C,27.61,184,8.0,5080.24,3608.24
2025-03-31,Spark_Plug_C,24.46,213,7.74,5209.9800000000005,3561.3599999999997
2025-04-01,Spark_Plug_C,27.93,200,7.84,5586.0,4018.0
2025-04-02,Spark_Plug_C,27.59,212,8.09,5849.08,4134.0
2025-04-03,Spark_Plug_C,22.96,227,8.14,5211.92,3364.14
2025-04-04,Spark_Plug_C,26.81,209,7.79,5603.29,3975.18
2025-04-05,Spark_Plug_C,24.89,227,8.08,5650.03,3815.8700000000003
2025-04-06,Spark_Plug_C,24.23,217,7.87,5257.91,3550.12
2025-04-07,Spark_Plug_C,22.58,280,8.14,6322.4,4043.1999999999994
2025-04-08,Spark_Plug_C,26.93,195,7.93,5251.35,3705.0
2025-04-09,Spark_Plug_C,28.27,196,7.84,5540.92,4004.2799999999997
2025-04-10,Spark_Plug_C,24.04,251,7.91,6034.04,4048.6299999999997
2025-04-11,Spark_Plug_C,22.02,271,8.2,5967.42,3745.2200000000003
2025-04-12,Spark_Plug_C,21.49,274,7.92,5888.259999999999,3718.1799999999994
2025-04-13,Spark_Plug_C,24.81,217,7.7,5383.7699999999995,3712.87
2025-04-14,Spark_Plug_C,24.16,226,8.0,5460.16,3652.16
2025-04-15,Spark_Plug_C,23.54,232,7.76,5461.28,3660.96
2025-04-16,Spark_Plug_C,28.49,170,8.04,4843.3,3476.5
2025-04-17,Spark_Plug_C,24.82,214,8.37,5311.4800000000005,3520.3000000000006
2025-04-18,Spark_Plug_C,23.58,237,7.95,5588.46,3704.31
2025-04-19,Spark_Plug_C,25.17,225,8.38,5663.25,3777.75
2025-04-20,Spark_Plug_C,24.83,208,7.75,5164.639999999999,3552.6399999999994
2025-04-21,Spark_Plug_C,22.2,265,8.16,5883.0,3720.6
2025-04-22,Spark_Plug_C,27.85,204,7.9,5681.400000000001,4069.8000000000006
2025-04-23,Spark_Plug_C,23.16,230,8.38,5326.8,3399.3999999999996
2025-04-24,Spark_Plug_C,28.55,163,8.07,4653.650000000001,3338.2400000000002
2025-04-25,Spark_Plug_C,23.68,254,8.27,6014.72,3914.14
2025-04-26,Spark_Plug_C,24.82,243,7.97,6031.26,4094.55
2025-04-27,Spark_Plug_C,26.6,196,7.64,5213.6,3716.1600000000003
2025-04-28,Spark_Plug_C,25.21,219,7.63,5520.99,3850.0200000000004
2025-04-29,Spark_Plug_C,26.8,205,8.14,5494.0,3825.3
2025-04-30,Spark_Plug_C,22.03,268,8.21,5904.04,3703.76
2025-05-01,Spark_Plug_C,22.13,302,7.78,6683.259999999999,4333.699999999999
2025-05-02,Spark_Plug_C,24.32,229,7.86,5569.28,3769.34
2025-05-03,Spark_Plug_C,26.21,225,7.77,5897.25,4149.0
2025-05-04,Spark_Plug_C,25.86,213,8.02,5508.18,3799.92
2025-05-05,Spark_Plug_C,22.86,220,8.28,5029.2,3207.6
2025-05-06,Spark_Plug_C,21.28,263,7.68,5596.64,3576.8
2025-05-07,Spark_Plug_C,24.67,193,7.79,4761.31,3257.8400000000006
2025-05-08,Spark_Plug_C,26.22,181,7.83,4745.82,3328.59
2025-05-09,Spark_Plug_C,23.98,248,8.09,5947.04,3940.7200000000003
2025-05-10,Spark_Plug_C,24.45,228,8.12,5574.599999999999,3723.24
2025-05-11,Spark_Plug_C,24.79,227,7.76,5627.33,3865.8100000000004
2025-05-12,Spark_Plug_C,27.4,170,7.87,4658.0,3320.0999999999995
2025-05-13,Spark_Plug_C,22.13,276,8.06,6107.88,3883.3199999999997
2025-05-14,Spark_Plug_C,25.05,235,7.98,5886.75,4011.4500000000003
2025-05-15,Spark_Plug_C,26.57,178,8.08,4729.46,3291.2200000000003
2025-05-16,Spark_Plug_C,24.62,221,8.35,5441.02,3595.6700000000005
2025-05-17,Spark_Plug_C,21.75,249,7.85,5415.75,3461.1
2025-05-18,Spark_Plug_C,22.05,258,7.82,5688.900000000001,3671.34
2025-05-19,Spark_Plug_C,28.03,167,7.62,4681.01,3408.47
2025-05-20,Spark_Plug_C,25.43,225,8.02,5721.75,3917.25
2025-05-21,Spark_Plug_C,24.68,220,8.07,5429.6,3654.2
2025-05-22,Spark_Plug_C,25.25,191,7.85,4822.75,3323.3999999999996
2025-05-23,Spark_Plug_C,26.52,194,8.05,5144.88,3583.18
2025-05-24,Spark_Plug_C,21.55,260,7.73,5603.0,3593.2000000000003
2025-05-25,Spark_Plug_C,21.62,256,8.03,5534.72,3479.0400000000004
2025-05-26,Spark_Plug_C,24.63,230,7.87,5664.9,3854.7999999999997
2025-05-27,Spark_Plug_C,21.48,262,8.3,5627.76,3453.16
2025-05-28,Spark_Plug_C,23.68,237,7.73,5612.16,3780.1499999999996
2025-05-29,Spark_Plug_C,24.01,220,7.85,5282.200000000001,3555.2000000000007
2025-05-30,Spark_Plug_C,28.33,177,8.38,5014.41,3531.149999999999
2025-05-31,Spark_Plug_C,24.91,241,7.91,6003.31,4097.0
2025-06-01,Spark_Plug_C,24.47,214,7.92,5236.58,3541.6999999999994
2025-06-02,Spark_Plug_C,24.72,203,8.3,5018.16,3333.2599999999998
2025-06-03,Spark_Plug_C,27.97,168,7.84,4698.96,3381.8399999999997
2025-06-04,Spark_Plug_C,23.22,226,8.17,5247.719999999999,3401.2999999999997
2025-06-05,Spark_Plug_C,22.06,252,8.36,5559.12,3452.3999999999996
2025-06-06,Spark_Plug_C,22.49,247,7.74,5555.03,3643.2499999999995
2025-06-07,Spark_Plug_C,22.08,278,8.07,6138.24,3894.7799999999993
2025-06-08,Spark_Plug_C,26.83,186,7.76,4990.38,3547.02
2025-06-09,Spark_Plug_C,26.98,193,8.04,5207.14,3655.42
2025-06-10,Spark_Plug_C,28.19,168,8.02,4735.92,3388.5600000000004
2025-06-11,Spark_Plug_C,24.97,234,8.23,5842.98,3917.16
2025-06-12,Spark_Plug_C,28.04,191,7.66,5355.639999999999,3892.58
2025-06-13,Spark_Plug_C,25.78,192,8.06,4949.76,3402.24
2025-06-14,Spark_Plug_C,23.56,246,7.87,5795.759999999999,3859.7399999999993
2025-06-15,Spark_Plug_C,26.39,164,8.21,4327.96,2981.52
2025-06-16,Spark_Plug_C,24.63,207,8.36,5098.41,3367.89
2025-06-17,Spark_Plug_C,27.31,170,8.0,4642.7,3282.7
2025-06-18,Spark_Plug_C,26.05,199,7.64,5183.95,3663.59
2025-06-19,Spark_Plug_C,23.89,202,7.91,4825.78,3227.96
2025-06-20,Spark_Plug_C,26.95,182,7.93,4904.9,3461.64
2025-06-21,Spark_Plug_C,21.37,274,8.06,5855.38,3646.94
2025-06-22,Spark_Plug_C,23.78,201,8.32,4779.780000000001,3107.46
2025-06-23,Spark_Plug_C,27.04,205,7.87,5543.2,3929.8499999999995
2025-06-24,Spark_Plug_C,26.42,183,7.92,4834.860000000001,3385.5
2025-06-25,Spark_Plug_C,23.55,220,8.17,5181.0,3383.6000000000004
2025-06-26,Spark_Plug_C,26.78,170,8.01,4552.6,3190.9000000000005
2025-06-27,Spark_Plug_C,28.65,157,8.04,4498.05,3235.77
2025-06-28,Spark_Plug_C,22.94,228,7.92,5230.320000000001,3424.5600000000004
2025-06-29,Spark_Plug_C,26.92,172,8.13,4630.240000000001,3231.8799999999997
2025-06-30,Spark_Plug_C,21.95,227,8.07,4982.65,3150.7599999999998
2025-07-01,Spark_Plug_C,21.86,240,8.1,5246.4,3302.4
2025-07-02,Spark_Plug_C,22.18,239,7.84,5301.0199999999995,3427.2599999999998
2025-07-03,Spark_Plug_C,28.11,182,7.78,5116.0199999999995,3700.0599999999995
2025-07-04,Spark_Plug_C,21.93,222,8.29,4868.46,3028.08
2025-07-05,Spark_Plug_C,25.36,193,7.68,4894.48,3412.24
2025-07-06,Spark_Plug_C,23.32,204,8.36,4757.28,3051.84
2025-07-07,Spark_Plug_C,22.83,232,8.27,5296.5599999999995,3377.9199999999996
2025-07-08,Spark_Plug_C,23.04,241,7.77,5552.639999999999,3680.0699999999997
2025-07-09,Spark_Plug_C,27.33,170,8.05,4646.099999999999,3277.5999999999995
2025-07-10,Spark_Plug_C,22.67,230,8.21,5214.1,3325.8
2025-07-11,Spark_Plug_C,22.58,249,8.13,5622.419999999999,3598.0499999999993
2025-07-12,Spark_Plug_C,27.17,184,7.96,4999.280000000001,3534.6400000000003
2025-07-13,Spark_Plug_C,25.76,173,8.12,4456.4800000000005,3051.7200000000003
2025-07-14,Spark_Plug_C,23.83,215,8.2,5123.45,3360.45
2025-07-15,Spark_Plug_C,26.52,183,7.95,4853.16,3398.31
2025-07-16,Spark_Plug_C,25.88,183,8.15,4736.04,3244.5899999999992
2025-07-17,Spark_Plug_C,27.04,193,8.39,5218.72,3599.45
2025-07-18,Spark_Plug_C,25.25,188,7.68,4747.0,3303.16
2025-07-19,Spark_Plug_C,22.85,218,8.21,4981.3,3191.52
2025-07-20,Spark_Plug_C,28.08,154,8.37,4324.32,3035.34
2025-07-21,Spark_Plug_C,22.76,236,7.69,5371.360000000001,3556.52
2025-07-22,Spark_Plug_C,24.75,210,8.23,5197.5,3469.2
2025-07-23,Spark_Plug_C,25.82,168,7.88,4337.76,3013.92
2025-07-24,Spark_Plug_C,26.92,170,7.81,4576.400000000001,3248.7000000000007
2025-07-25,Spark_Plug_C,28.53,175,8.38,4992.75,3526.2499999999995
2025-07-26,Spark_Plug_C,24.88,186,7.8,4627.679999999999,3176.8799999999997
2025-07-27,Spark_Plug_C,22.54,237,7.8,5341.98,3493.3799999999997
2025-07-28,Spark_Plug_C,22.9,189,7.77,4328.099999999999,2859.5699999999997
2025-07-29,Spark_Plug_C,26.24,210,8.29,5510.4,3769.5
2025-07-30,Spark_Plug_C,21.65,228,8.06,4936.2,3098.5199999999995
2025-07-31,Spark_Plug_C,23.42,217,8.02,5082.14,3341.8000000000006
2025-08-01,Spark_Plug_C,25.71,176,8.03,4524.96,3111.68
2025-08-02,Spark_Plug_C,23.33,209,7.91,4875.969999999999,3222.7799999999997
2025-08-03,Spark_Plug_C,26.77,158,7.79,4229.66,2998.84
2025-08-04,Spark_Plug_C,26.98,165,7.76,4451.7,3171.2999999999997
2025-08-05,Spark_Plug_C,27.52,174,7.68,4788.48,3452.16
2025-08-06,Spark_Plug_C,26.05,163,7.94,4246.150000000001,2951.93
2025-08-07,Spark_Plug_C,22.61,233,7.86,5268.13,3436.75
2025-08-08,Spark_Plug_C,27.34,178,7.84,4866.5199999999995,3471.0
2025-08-09,Spark_Plug_C,21.93,240,7.9,5263.2,3367.2
2025-08-10,Spark_Plug_C,25.96,203,7.89,5269.88,3668.21
2025-08-11,Spark_Plug_C,21.52,228,7.74,4906.5599999999995,3141.8399999999997
2025-08-12,Spark_Plug_C,24.86,192,8.07,4773.12,3223.68
2025-08-13,Spark_Plug_C,24.07,177,7.74,4260.39,2890.41
2025-08-14,Spark_Plug_C,21.88,228,7.93,4988.639999999999,3180.6
2025-08-15,Spark_Plug_C,25.64,186,8.31,4769.04,3223.3799999999997
2025-08-16,Spark_Plug_C,22.51,196,8.3,4411.96,2785.1600000000003
2025-08-17,Spark_Plug_C,24.16,200,8.01,4832.0,3229.9999999999995
2025-08-18,Spark_Plug_C,25.44,152,7.83,3866.88,2676.72
2025-08-19,Spark_Plug_C,28.55,170,8.4,4853.5,3425.4999999999995
2025-08-20,Spark_Plug_C,22.51,227,8.01,5109.77,3291.5000000000005
2025-08-21,Spark_Plug_C,28.6,186,7.74,5319.6,3879.96
2025-08-22,Spark_Plug_C,23.54,196,7.68,4613.84,3108.56
