Project1_Price_Elasticity/data/sales_data_mock.csv
Date,Part_ID,Price,Quantity,Cost,Revenue,Margin
2025-08-23,Spark_Plug_C,28.21,157,8.07,4428.97,3161.98
2025-08-24,Spark_Plug_C,27.38,166,8.36,4545.08,3157.3199999999997
2025-08-25,Spark_Plug_C,26.59,173,8.33,4600.07,3158.9799999999996
2025-08-26,Spark_Plug_C,22.04,225,7.76,4959.0,3213.0
2025-08-27,Spark_Plug_C,23.06,178,7.7,4104.679999999999,2734.08
2025-08-28,Spark_Plug_C,22.9,219,7.94,5015.099999999999,3276.2399999999993
2025-08-29,Spark_Plug_C,25.44,179,7.75,4553.76,3166.51
2025-08-30,Spark_Plug_C,23.6,206,7.89,4861.6,3236.26
2025-08-31,Spark_Plug_C,28.56,182,7.68,5197.92,3800.16
2025-09-01,Spark_Plug_C,21.52,213,7.86,4583.76,2909.58
2025-09-02,Spark_Plug_C,27.04,137,7.79,3704.48,2637.25
2025-09-03,Spark_Plug_C,25.87,178,8.34,4604.860000000001,3120.34
2025-09-04,Spark_Plug_C,26.19,141,7.84,3692.79,2587.3500000000004
2025-09-05,Spark_Plug_C,25.49,174,7.76,4435.259999999999,3085.0199999999995
2025-09-06,Spark_Plug_C,22.48,230,7.98,5170.400000000001,3335.0
2025-09-07,Spark_Plug_C,25.81,160,7.74,4129.599999999999,2891.2
2025-09-08,Spark_Plug_C,22.63,227,7.77,5137.01,3373.22
2025-09-09,Spark_Plug_C,23.43,201,8.37,4709.43,3027.06
2025-09-10,Spark_Plug_C,24.41,203,7.69,4955.2300000000005,3394.16
2025-09-11,Spark_Plug_C,21.94,228,8.29,5002.320000000001,3112.2000000000003
2025-09-12,Spark_Plug_C,24.03,201,8.13,4830.030000000001,3195.9
2025-09-13,Spark_Plug_C,23.18,193,7.79,4473.74,2970.27
2025-09-14,Spark_Plug_C,27.51,149,8.3,4098.99,2862.29
2025-09-15,Spark_Plug_C,21.93,221,7.89,4846.53,3102.8399999999997
2025-09-16,Spark_Plug_C,22.4,194,8.21,4345.599999999999,2752.8599999999997
2025-09-17,Spark_Plug_C,24.79,182,7.72,4511.78,3106.7400000000002
2025-09-18,Spark_Plug_C,24.65,181,7.63,4461.65,3080.62
2025-09-19,Spark_Plug_C,26.64,169,8.15,4502.16,3124.8100000000004
2025-09-20,Spark_Plug_C,27.97,168,7.62,4698.96,3418.7999999999997
2025-09-21,Spark_Plug_C,26.97,147,7.67,3964.5899999999997,2837.0999999999995
2025-09-22,Spark_Plug_C,27.14,142,7.77,3853.88,2750.54
2025-09-23,Spark_Plug_C,26.68,177,8.3,4722.36,3253.2599999999998
2025-09-24,Spark_Plug_C,22.63,208,7.99,4707.04,3045.12
2025-09-25,Spark_Plug_C,26.57,143,8.15,3799.51,2634.0600000000004
2025-09-26,Spark_Plug_C,27.29,144,7.8,3929.7599999999998,2806.56
2025-09-27,Spark_Plug_C,24.22,204,8.19,4940.88,3270.1200000000003
2025-09-28,Spark_Plug_C,21.79,241,7.93,5251.389999999999,3340.2599999999998
2025-09-29,Spark_Plug_C,25.12,173,8.36,4345.76,2899.4800000000005
2025-09-30,Spark_Plug_C,25.73,155,8.25,3988.15,2709.4
2025-10-01,Spark_Plug_C,23.1,185,7.75,4273.5,2839.7500000000005
2025-10-02,Spark_Plug_C,21.84,217,8.32,4739.28,2933.8399999999997
2025-10-03,Spark_Plug_C,27.17,146,7.87,3966.82,2817.8
2025-10-04,Spark_Plug_C,28.12,151,8.2,4246.12,3007.92
2025-10-05,Spark_Plug_C,23.88,180,7.88,4298.4,2880.0
2025-10-06,Spark_Plug_C,22.67,202,7.75,4579.34,3013.84
2025-10-07,Spark_Plug_C,25.34,163,8.35,4130.42,2769.3700000000003
2025-10-08,Spark_Plug_C,28.42,145,8.38,4120.900000000001,2905.7999999999997
2025-10-09,Spark_Plug_C,27.47,160,8.03,4395.2,3110.3999999999996
2025-10-10,Spark_Plug_C,24.5,184,7.85,4508.0,3063.6
2025-10-11,Spark_Plug_C,24.32,173,8.27,4207.36,2776.65
2025-10-12,Spark_Plug_C,26.3,185,8.07,4865.5,3372.55
2025-10-13,Spark_Plug_C,22.4,225,8.05,5040.0,3228.7499999999995
2025-10-14,Spark_Plug_C,23.12,202,8.39,4670.24,2975.46
2025-10-15,Spark_Plug_C,26.94,142,8.2,3825.48,2661.0800000000004
2025-10-16,Spark_Plug_C,28.37,142,7.94,4028.54,2901.06
2025-10-17,Spark_Plug_C,27.08,150,7.61,4061.9999999999995,2920.5
2025-10-18,Spark_Plug_C,22.95,201,7.95,4612.95,3015.0
2025-10-19,Spark_Plug_C,22.11,206,8.37,4554.66,2830.44
2025-10-20,Spark_Plug_C,28.62,142,8.27,4064.04,2889.7000000000003
2025-10-21,Spark_Plug_C,27.47,171,8.12,4697.37,3308.8500000000004
2025-10-22,Spark_Plug_C,21.55,231,7.95,4978.05,3141.6000000000004
2025-10-23,Spark_Plug_C,25.35,198,8.29,5019.3,3377.8800000000006
2025-10-24,Spark_Plug_C,27.9,140,8.38,3906.0,2732.7999999999993
2025-10-25,Spark_Plug_C,21.9,240,8.02,5256.0,3331.2
2025-10-26,Spark_Plug_C,26.62,161,7.96,4285.82,3004.26
2025-10-27,Spark_Plug_C,24.21,176,7.98,4260.96,2856.48
2025-10-28,Spark_Plug_C,25.84,163,7.86,4211.92,2930.7400000000002
2025-10-29,Spark_Plug_C,24.99,184,7.63,4598.16,3194.24
2025-10-30,Spark_Plug_C,24.86,150,7.94,3729.0,2537.9999999999995
2025-10-31,Spark_Plug_C,25.1,190,8.27,4769.0,3197.7000000000003
2025-11-01,Spark_Plug_C,26.17,153,8.22,4004.01,2746.3500000000004
2025-11-02,Spark_Plug_C,27.42,161,8.03,4414.62,3121.79
2025-11-03,Spark_Plug_C,26.12,167,8.3,4362.04,2975.94
2025-11-04,Spark_Plug_C,27.3,166,7.84,4531.8,3230.36
2025-11-05,Spark_Plug_C,25.25,164,8.32,4141.0,2776.52
2025-11-06,Spark_Plug_C,25.31,199,7.89,5036.69,3466.5799999999995
2025-11-07,Spark_Plug_C,26.68,185,7.92,4935.8,3470.5999999999995
2025-11-08,Spark_Plug_C,27.85,159,8.22,4428.150000000001,3121.1700000000005
2025-11-09,Spark_Plug_C,23.43,219,8.38,5131.17,3295.95
2025-11-10,Spark_Plug_C,25.06,192,8.24,4811.5199999999995,3229.44
2025-11-11,Spark_Plug_C,23.98,193,8.18,4628.14,3049.4
2025-11-12,Spark_Plug_C,22.71,210,8.19,4769.1,3049.2000000000003
2025-11-13,Spark_Plug_C,21.95,239,7.65,5246.05,3417.7
2025-11-14,Spark_Plug_C,26.8,171,7.69,4582.8,3267.81
2025-11-15,Spark_Plug_C,25.46,174,8.35,4430.04,2977.14
2025-11-16,Spark_Plug_C,25.69,187,8.27,4804.030000000001,3257.5400000000004
2025-11-17,Spark_Plug_C,21.57,235,7.76,5068.95,3245.35
2025-11-18,Spark_Plug_C,26.94,172,7.64,4633.68,3319.6
2025-11-19,Spark_Plug_C,25.09,194,8.15,4867.46,3286.3599999999997
2025-11-20,Spark_Plug_C,24.13,196,7.93,4729.48,3175.2
2025-11-21,Spark_Plug_C,23.02,209,7.72,4811.18,3197.7000000000003
2025-11-22,Spark_Plug_C,21.83,225,7.98,4911.75,3116.2499999999995
2025-11-23,Spark_Plug_C,26.27,147,8.05,3861.69,2678.3399999999997
2025-11-24,Spark_Plug_C,25.1,191,7.82,4794.1,3300.48
2025-11-25,Spark_Plug_C,26.58,153,8.28,4066.74,2799.8999999999996
2025-11-26,Spark_Plug_C,25.61,194,7.69,4968.34,3476.4799999999996
2025-11-27,Spark_Plug_C,22.86,218,7.66,4983.48,3313.6
2025-11-28,Spark_Plug_C,22.25,201,8.03,4472.25,2858.2200000000003
2025-11-29,Spark_Plug_C,22.65,225,7.97,5096.25,3303.0
2025-11-30,Spark_Plug_C,22.73,231,8.34,5250.63,3324.09
2025-12-01,Spark_Plug_C,23.97,214,7.99,5129.58,3419.72
2025-12-02,Spark_Plug_C,23.69,194,7.91,4595.860000000001,3061.32
2025-12-03,Spark_Plug_C,26.93,174,8.2,4685.82,3259.02
2025-12-04,Spark_Plug_C,26.54,170,7.6,4511.8,3219.7999999999997
2025-12-05,Spark_Plug_C,27.9,133,7.67,3710.7,2690.5899999999997
2025-12-06,Spark_Plug_C,21.35,250,7.8,5337.5,3387.5
2025-12-07,Spark_Plug_C,23.63,201,8.05,4749.63,3131.5799999999995
2025-12-08,Spark_Plug_C,27.73,156,8.38,4325.88,3018.6000000000004
2025-12-09,Spark_Plug_C,28.66,157,7.98,4499.62,3246.7599999999998
2025-12-10,Spark_Plug_C,25.06,169,8.04,4235.139999999999,2876.38
2025-12-11,Spark_Plug_C,24.18,217,7.62,5247.0599999999995,3593.5199999999995
2025-12-12,Spark_Plug_C,24.73,201,8.39,4970.7300000000005,3284.34
2025-12-13,Spark_Plug_C,25.26,195,7.84,4925.700000000001,3396.9000000000005
2025-12-14,Spark_Plug_C,25.2,180,7.77,4536.0,3137.4
2025-12-15,Spark_Plug_C,28.32,158,8.04,4474.56,3204.2400000000002
2025-12-16,Spark_Plug_C,25.71,200,7.77,5142.0,3588.0000000000005
2025-12-17,Spark_Plug_C,27.29,180,7.86,4912.2,3497.4
2025-12-18,Spark_Plug_C,23.12,250,8.26,5780.0,3715.0000000000005
2025-12-19,Spark_Plug_C,25.33,163,8.15,4128.79,2800.34
2025-12-20,Spark_Plug_C,22.58,237,7.67,5351.46,3533.6699999999996
2025-12-21,Spark_Plug_C,22.0,257,8.31,5654.0,3518.33
2025-12-22,Spark_Plug_C,28.17,160,7.89,4507.200000000001,3244.8
2025-12-23,Spark_Plug_C,28.07,180,7.81,5052.6,3646.8
2025-12-24,Spark_Plug_C,21.5,256,7.91,5504.0,3479.04
2025-12-25,Spark_Plug_C,25.52,190,7.69,4848.8,3387.7
2025-12-26,Spark_Plug_C,21.88,231,8.05,5054.28,3194.7299999999996
2025-12-27,Spark_Plug_C,26.66,192,7.96,5118.72,3590.3999999999996
2025-12-28,Spark_Plug_C,27.25,198,7.87,5395.5,3837.24
2025-12-29,Spark_Plug_C,21.53,249,8.07,5360.97,3351.5400000000004
2025-12-30,Spark_Plug_C,28.25,176,7.68,4972.0,3620.32
2025-12-31,Spark_Plug_C,27.91,155,8.3,4326.05,3039.5499999999997
2026-01-01,Spark_Plug_C,25.28,168,8.23,4247.04,2864.4
2026-01-02,Spark_Plug_C,26.18,205,8.11,5366.9,3704.35
2026-01-03,Spark_Plug_C,25.17,194,7.87,4882.9800000000005,3356.2000000000003
2026-01-04,Spark_Plug_C,24.11,227,7.91,5472.97,3677.3999999999996
2026-01-05,Spark_Plug_C,24.51,189,7.83,4632.39,3152.52
2026-01-06,Spark_Plug_C,23.08,245,8.3,5654.599999999999,3621.0999999999995
2026-01-07,Spark_Plug_C,27.09,173,8.24,4686.57,3261.05
2026-01-08,Spark_Plug_C,28.06,168,8.34,4714.08,3312.96
2026-01-09,Spark_Plug_C,25.63,193,7.65,4946.59,3470.1399999999994
2026-01-10,Spark_Plug_C,25.48,181,8.33,4611.88,3104.1499999999996
2026-01-11,Spark_Plug_C,22.95,205,7.83,4704.75,3099.6
2026-01-12,Spark_Plug_C,22.33,266,8.26,5939.78,3742.6199999999994
2026-01-13,Spark_Plug_C,26.43,156,7.93,4123.08,2886.0
2026-01-14,Spark_Plug_C,24.11,222,7.74,5352.42,3634.1399999999994
2026-01-15,Spark_Plug_C,23.19,222,8.33,5148.18,3298.92
2026-01-16,Spark_Plug_C,22.7,237,8.18,5379.9,3441.24
2026-01-17,Spark_Plug_C,23.84,214,7.91,5101.76,3409.02
2026-01-18,Spark_Plug_C,21.68,259,8.27,5615.12,3473.19
2026-01-19,Spark_Plug_C,22.41,242,8.36,5423.22,3400.1000000000004
2026-01-20,Spark_Plug_C,21.59,294,8.24,6347.46,3924.9
2026-01-21,Spark_Plug_C,26.71,181,7.81,4834.51,3420.9000000000005
2026-01-22,Spark_Plug_C,26.37,187,7.8,4931.1900000000005,3472.59
2026-01-23,Spark_Plug_C,21.57,277,8.16,5974.89,3714.57
2026-01-24,Spark_Plug_C,24.04,234,7.95,5625.36,3765.06
2026-01-25,Spark_Plug_C,23.04,230,7.88,5299.2,3486.8
2026-01-26,Spark_Plug_C,25.41,209,8.14,5310.69,3609.43
2026-01-27,Spark_Plug_C,28.69,142,7.67,4073.98,2984.8400000000006
2026-01-28,Spark_Plug_C,25.18,198,7.75,4985.64,3451.14
2026-01-29,Spark_Plug_C,21.58,255,8.24,5502.9,3401.6999999999994
2026-01-30,Spark_Plug_C,22.76,243,8.02,5530.68,3581.8200000000006
2026-01-31,Spark_Plug_C,25.5,194,8.08,4947.0,3379.4800000000005
2026-02-01,Spark_Plug_C,21.48,265,7.6,5692.2,3678.2000000000003
2026-02-02,Spark_Plug_C,25.89,193,7.92,4996.77,3468.2099999999996
2026-02-03,Spark_Plug_C,26.37,194,7.66,5115.78,3629.7400000000002
2026-02-04,Spark_Plug_C,25.9,212,8.25,5490.799999999999,3741.7999999999997
2026-02-05,Spark_Plug_C,22.89,243,7.69,5562.27,3693.6
2026-02-06,Spark_Plug_C,27.28,174,7.79,4746.72,3391.26
2026-02-07,Spark_Plug_C,24.96,216,8.09,5391.360000000001,3643.92
2026-02-08,Spark_Plug_C,27.87,211,7.66,5880.570000000001,4264.31
2026-02-09,Spark_Plug_C,22.05,259,7.62,5710.95,3737.37
2026-02-10,Spark_Plug_C,23.71,225,7.61,5334.75,3622.5000000000005
2026-02-11,Spark_Plug_C,25.16,216,7.95,5434.56,3717.36
2026-02-12,Spark_Plug_C,26.53,202,7.89,5359.06,3765.28
2026-02-13,Spark_Plug_C,26.21,183,8.18,4796.43,3299.4900000000002
2026-02-14,Spark_Plug_C,26.72,193,7.7,5156.96,3670.86
2026-02-15,Spark_Plug_C,26.8,200,8.15,5360.0,3729.9999999999995
2026-02-16,Spark_Plug_C,28.41,193,7.61,5483.13,4014.4
2026-02-17,Spark_Plug_C,27.92,180,8.29,5025.6,3533.4000000000005
2026-02-18,Spark_Plug_C,27.17,182,8.24,4944.9400000000005,3445.2599999999998
2026-02-19,Spark_Plug_C,25.53,232,7.71,5922.96,4134.24
2026-02-20,Spark_Plug_C,26.86,210,8.04,5640.599999999999,3952.2000000000003
2026-02-21,Spark_Plug_C,25.22,251,8.15,6330.219999999999,4284.57
2026-02-22,Spark_Plug_C,26.73,210,8.1,5613.3,3912.3000000000006
2026-02-23,Spark_Plug_C,24.33,240,7.78,5839.2,3971.999999999999
2026-02-24,Spark_Plug_C,25.04,220,7.87,5508.8,3777.3999999999996
2026-02-25,Spark_Plug_C,24.44,215,8.27,5254.6,3476.55
2026-02-26,Spark_Plug_C,22.02,263,8.23,5791.26,3626.77
2026-02-27,Spark_Plug_C,22.24,278,7.88,6182.719999999999,3992.08
2026-02-28,Spark_Plug_C,22.87,244,8.36,5580.280000000001,3540.4400000000005
2026-03-01,Spark_Plug_C,21.42,286,7.91,6126.120000000001,3863.8600000000006
2026-03-02,Spark_Plug_C,22.16,246,7.89,5451.36,3510.42
2026-03-03,Spark_Plug_C,25.76,219,8.04,5641.4400000000005,3880.6800000000007
2026-03-04,Spark_Plug_C,27.98,180,7.6,5036.4,3668.4000000000005
2026-03-05,Spark_Plug_C,26.74,205,7.81,5481.7,3880.65
2026-03-06,Spark_Plug_C,25.49,197,8.37,5021.53,3372.6399999999994
2026-03-07,Spark_Plug_C,23.88,247,7.98,5898.36,3927.2999999999997
2026-03-08,Spark_Plug_C,27.06,201,7.99,5439.0599999999995,3833.07
2026-03-09,Spark_Plug_C,24.03,221,8.4,5310.63,3454.23
2026-03-10,Spark_Plug_C,23.66,234,7.73,5536.44,3727.62
2026-03-11,Spark_Plug_C,28.64,173,7.86,4954.72,3594.94
2026-03-12,Spark_Plug_C,27.63,214,7.61,5912.82,4284.28
2026-03-13,Spark_Plug_C,22.55,275,7.92,6201.25,4023.25
2026-03-14,Spark_Plug_C,27.88,186,7.92,5185.679999999999,3712.56
2026-03-15,Spark_Plug_C,24.2,218,7.72,5275.599999999999,3592.64
2026-03-16,Spark_Plug_C,25.01,213,8.19,5327.13,3582.66
2026-03-17,Spark_Plug_C,23.7,245,8.01,5806.5,3844.0499999999997
2026-03-18,Spark_Plug_C,21.5,280,8.39,6020.0,3670.7999999999997
2026-03-19,Spark_Plug_C,23.34,244,7.68,5694.96,3821.04
2026-03-20,Spark_Plug_C,28.55,162,8.02,4625.1,3325.86
2026-03-21,Spark_Plug_C,25.68,255,8.28,6548.4,4437.0
2026-03-22,Spark_Plug_C,24.38,205,8.19,4997.9,3318.9499999999994
2026-03-23,Spark_Plug_C,25.31,221,8.08,5593.509999999999,3807.8299999999995
2026-03-24,Spark_Plug_C,26.79,189,7.93,5063.3099999999995,3564.54
2026-03-25,Spark_Plug_C,26.56,216,7.75,5736.96,4062.9599999999996
2026-03-26,Spark_Plug_C,24.19,241,7.62,5829.79,3993.37
2026-03-27,Spark_Plug_C,21.73,260,7.7,5649.8,3647.8
2026-03-28,Spark_Plug_C,21.32,278,7.79,5926.96,3761.34
2026-03-29,Spark_Plug_C,25.39,224,8.04,5687.360000000001,3886.4000000000005
2026-03-30,Spark_Plug_C,23.03,237,7.94,5458.110000000001,3576.33
2026-03-31,Spark_Plug_C,22.04,287,7.91,6325.48,4055.3099999999995
2026-04-01,Spark_Plug_C,24.03,249,8.31,5983.47,3914.28
2026-04-02,Spark_Plug_C,26.17,204,8.3,5338.68,3645.48
2026-04-03,Spark_Plug_C,23.67,269,8.37,6367.2300000000005,4115.700000000001
2026-04-04,Spark_Plug_C,24.54,241,7.72,5914.139999999999,4053.62
2026-04-05,Spark_Plug_C,26.44,217,7.92,5737.4800000000005,4018.8400000000006
2026-04-06,Spark_Plug_C,24.82,212,8.37,5261.84,3487.4000000000005
2026-04-07,Spark_Plug_C,25.35,235,7.65,5957.25,4159.500000000001
2026-04-08,Spark_Plug_C,21.87,293,8.4,6407.91,3946.71
2026-04-09,Spark_Plug_C,23.71,236,8.33,5595.56,3629.6800000000003
2026-04-10,Spark_Plug_C,24.1,238,7.85,5735.8,3867.5
2026-04-11,Spark_Plug_C,26.4,212,7.95,5596.799999999999,3911.3999999999996
2026-04-12,Spark_Plug_C,25.97,214,8.32,5557.58,3777.1
2026-04-13,Spark_Plug_C,26.45,227,7.67,6004.15,4263.06
2026-04-14,Spark_Plug_C,24.01,241,7.79,5786.410000000001,3909.0200000000004
2026-04-15,Spark_Plug_C,23.37,227,8.06,5304.99,3475.37
2026-04-16,Spark_Plug_C,22.69,258,7.86,5854.02,3826.1400000000003
2026-04-17,Spark_Plug_C,22.54,226,7.97,5094.04,3292.82
2026-04-18,Spark_Plug_C,22.42,254,8.23,5694.68,3604.26
2026-04-19,Spark_Plug_C,27.51,196,8.37,5391.96,3751.44
2026-04-20,Spark_Plug_C,28.26,195,8.4,5510.700000000001,3872.7
2026-04-21,Spark_Plug_C,24.16,216,8.04,5218.56,3481.92
2026-04-22,Spark_Plug_C,22.33,259,7.7,5783.469999999999,3789.1699999999996
2026-04-23,Spark_Plug_C,21.69,272,8.21,5899.68,3666.56
2026-04-24,Spark_Plug_C,27.87,201,8.09,5601.87,3975.78
2026-04-25,Spark_Plug_C,26.8,201,8.22,5386.8,3734.5799999999995
2026-04-26,Spark_Plug_C,24.77,221,8.24,5474.17,3653.13
2026-04-27,Spark_Plug_C,25.81,211,8.39,5445.91,3675.6199999999994
2026-04-28,Spark_Plug_C,26.36,196,7.92,5166.5599999999995,3614.24
2026-04-29,Spark_Plug_C,21.78,260,8.36,5662.8,3489.2000000000003
2026-04-30,Spark_Plug_C,27.1,230,8.09,6233.0,4372.3
2026-05-01,Spark_Plug_C,22.29,280,8.21,6241.2,3942.3999999999996
2026-05-02,Spark_Plug_C,26.96,180,8.13,4852.8,3389.3999999999996
2026-05-03,Spark_Plug_C,27.51,189,7.77,5199.39,3730.8600000000006
2026-05-04,Spark_Plug_C,28.57,170,8.17,4856.9,3467.9999999999995
2026-05-05,Spark_Plug_C,23.77,223,8.22,5300.71,3467.6499999999996
2026-05-06,Spark_Plug_C,28.5,207,8.24,5899.5,4193.82
2026-05-07,Spark_Plug_C,27.71,178,8.19,4932.38,3474.5600000000004
2026-05-08,Spark_Plug_C,25.27,238,8.24,6014.26,4053.1400000000003
2026-05-09,Spark_Plug_C,28.12,177,7.86,4977.24,3586.0200000000004
2026-05-10,Spark_Plug_C,21.38,259,7.87,5537.42,3499.0899999999997
2026-05-11,Spark_Plug_C,24.8,203,8.19,5034.400000000001,3371.83
2026-05-12,Spark_Plug_C,25.09,230,7.94,5770.7,3944.4999999999995
2026-05-13,Spark_Plug_C,26.33,204,8.26,5371.32,3686.28
2026-05-14,Spark_Plug_C,27.07,162,7.96,4385.34,3095.8199999999997
2026-05-15,Spark_Plug_C,21.42,263,7.67,5633.46,3616.2500000000005
2026-05-16,Spark_Plug_C,24.98,216,8.13,5395.68,3639.6000000000004
2026-05-17,Spark_Plug_C,28.75,179,7.99,5146.25,3716.0399999999995
2026-05-18,Spark_Plug_C,25.0,223,8.21,5575.0,3744.1699999999996
2026-05-19,Spark_Plug_C,23.19,263,8.25,6098.97,3929.2200000000003
2026-05-20,Spark_Plug_C,23.93,248,8.17,5934.64,3908.48
2026-05-21,Spark_Plug_C,22.96,231,8.24,5303.76,3400.32
2026-05-22,Spark_Plug_C,21.32,256,7.7,5457.92,3486.7200000000003
2026-05-23,Spark_Plug_C,28.19,171,8.01,4820.49,3450.7799999999997
2026-05-24,Spark_Plug_C,25.98,198,7.75,5144.04,3609.54
2026-05-25,Spark_Plug_C,22.87,248,8.32,5671.76,3608.4
2026-05-26,Spark_Plug_C,24.7,206,7.62,5088.2,3518.4799999999996
2026-05-27,Spark_Plug_C,28.62,164,8.11,4693.68,3363.6400000000003
2026-05-28,Spark_Plug_C,22.08,243,7.76,5365.44,3479.7599999999998
2026-05-29,Spark_Plug_C,22.63,239,7.64,5408.57,3582.6099999999997
2026-05-30,Spark_Plug_C,21.42,258,7.63,5526.360000000001,3557.8200000000006
2026-05-31,Spark_Plug_C,25.02,210,8.19,5254.2,3534.2999999999997
2026-06-01,Spark_Plug_C,23.65,227,7.89,5368.549999999999,3577.5199999999995
2026-06-02,Spark_Plug_C,28.16,178,7.93,5012.4800000000005,3600.94
2026-06-03,Spark_Plug_C,28.73,160,8.04,4596.8,3310.4
2026-06-04,Spark_Plug_C,21.82,246,8.29,5367.72,3328.38
2026-06-05,Spark_Plug_C,26.33,171,7.92,4502.429999999999,3148.109999999999
2026-06-06,Spark_Plug_C,21.54,273,8.18,5880.42,3647.2799999999997
2026-06-07,Spark_Plug_C,27.96,188,8.09,5256.4800000000005,3735.5600000000004
