Project1_Price_Elasticity/data/sales_data_mock.csv
Date,Part_ID,Price,Quantity,Cost,Revenue,Margin
2026-06-08,Spark_Plug_C,25.51,171,7.89,4362.21,3013.02
2026-06-09,Spark_Plug_C,23.71,222,8.22,5263.62,3438.78
2026-06-10,Spark_Plug_C,25.49,190,7.62,4843.099999999999,3395.2999999999997
2026-06-11,Spark_Plug_C,22.39,206,8.29,4612.34,2904.6000000000004
2026-06-12,Spark_Plug_C,22.49,239,7.91,5375.11,3484.6199999999994
2026-06-13,Spark_Plug_C,25.8,188,8.04,4850.400000000001,3338.88
2026-06-14,Spark_Plug_C,27.89,185,7.61,5159.650000000001,3751.8
2026-06-15,Spark_Plug_C,21.87,255,8.38,5576.85,3439.9500000000003
2026-06-16,Spark_Plug_C,25.54,210,7.72,5363.4,3742.2000000000003
2026-06-17,Spark_Plug_C,26.42,192,7.66,5072.64,3601.92
2026-06-18,Spark_Plug_C,26.4,195,7.68,5148.0,3650.3999999999996
2026-06-19,Spark_Plug_C,25.63,180,7.99,4613.4,3175.2000000000003
2026-06-20,Spark_Plug_C,27.76,181,8.08,5024.56,3562.08
2026-06-21,Spark_Plug_C,21.57,250,7.76,5392.5,3452.5
2026-06-22,Spark_Plug_C,24.75,185,8.26,4578.75,3050.6500000000005
2026-06-23,Spark_Plug_C,25.21,208,7.9,5243.68,3600.4800000000005
2026-06-24,Spark_Plug_C,26.12,182,8.38,4753.84,3228.6800000000003
2026-06-25,Spark_Plug_C,23.68,225,8.1,5328.0,3505.5
2026-06-26,Spark_Plug_C,28.35,143,8.08,4054.05,2898.6100000000006
2026-06-27,Spark_Plug_C,24.99,197,8.01,4923.03,3345.0599999999995
2026-06-28,Spark_Plug_C,26.51,151,7.66,4003.01,2846.3500000000004
2026-06-29,Spark_Plug_C,26.15,192,7.67,5020.799999999999,3548.1599999999994
2026-06-30,Spark_Plug_C,25.57,210,7.61,5369.7,3771.6000000000004
2026-07-01,Spark_Plug_C,27.78,183,7.68,5083.74,3678.3
2026-07-02,Spark_Plug_C,28.07,197,8.2,5529.79,3914.3900000000003
2026-07-03,Spark_Plug_C,25.16,230,8.08,5786.8,3928.3999999999996
2026-07-04,Spark_Plug_C,25.37,213,8.29,5403.81,3638.0400000000004
2026-07-05,Spark_Plug_C,21.92,242,8.3,5304.64,3296.0400000000004
2026-07-06,Spark_Plug_C,23.81,236,8.38,5619.16,3641.4799999999996
2026-07-07,Spark_Plug_C,25.6,180,7.64,4608.0,3232.8
2026-07-08,Spark_Plug_C,22.97,232,8.06,5329.04,3459.1199999999994
2026-07-09,Spark_Plug_C,26.47,181,8.24,4791.07,3299.6299999999997
2026-07-10,Spark_Plug_C,28.04,138,7.83,3869.52,2788.98
2026-07-11,Spark_Plug_C,26.47,183,7.75,4844.01,3425.7599999999998
2026-07-12,Spark_Plug_C,26.14,188,7.78,4914.32,3451.68
2026-07-13,Spark_Plug_C,24.0,198,8.25,4752.0,3118.5
2026-07-14,Spark_Plug_C,26.56,144,8.09,3824.64,2659.68
2026-07-15,Spark_Plug_C,25.74,173,7.64,4453.0199999999995,3131.2999999999997
2026-07-16,Spark_Plug_C,25.27,185,8.22,4674.95,3154.2499999999995
2026-07-17,Spark_Plug_C,24.55,205,8.36,5032.75,3318.9500000000003
2026-07-18,Spark_Plug_C,27.15,163,7.87,4425.45,3142.6399999999994
2026-07-19,Spark_Plug_C,27.66,145,7.83,4010.7,2875.35
2026-07-20,Spark_Plug_C,25.81,185,8.32,4774.849999999999,3235.6499999999996
2026-07-21,Spark_Plug_C,27.8,167,7.69,4642.6,3358.37
2026-07-22,Spark_Plug_C,22.25,230,7.9,5117.5,3300.5
2026-07-23,Spark_Plug_C,28.15,164,7.64,4616.599999999999,3363.64
2026-07-24,Spark_Plug_C,26.55,173,8.18,4593.150000000001,3178.01
2026-07-25,Spark_Plug_C,28.1,158,8.28,4439.8,3131.56
2026-07-26,Spark_Plug_C,27.7,171,8.1,4736.7,3351.6000000000004
2026-07-27,Spark_Plug_C,22.75,188,8.25,4277.0,2726.0
2026-07-28,Spark_Plug_C,26.67,208,7.62,5547.360000000001,3962.4
2026-07-29,Spark_Plug_C,23.59,208,8.22,4906.72,3196.96
2026-07-30,Spark_Plug_C,26.06,191,7.63,4977.46,3520.13
2026-07-31,Spark_Plug_C,25.83,184,7.87,4752.719999999999,3304.6399999999994
2026-08-01,Spark_Plug_C,24.64,214,7.9,5272.96,3582.3600000000006
2026-08-02,Spark_Plug_C,24.2,208,7.72,5033.599999999999,3427.84
2026-08-03,Spark_Plug_C,28.23,184,8.15,5194.32,3694.72
2026-08-04,Spark_Plug_C,21.33,249,8.12,5311.169999999999,3289.29
2026-08-05,Spark_Plug_C,21.83,227,7.83,4955.41,3177.9999999999995
2026-08-06,Spark_Plug_C,23.74,199,8.13,4724.259999999999,3106.3899999999994
2026-08-07,Spark_Plug_C,21.98,240,7.92,5275.2,3374.4
2026-08-08,Spark_Plug_C,24.64,154,7.77,3794.56,2597.98
2026-08-09,Spark_Plug_C,27.57,165,7.67,4549.05,3283.4999999999995
2026-08-10,Spark_Plug_C,27.96,132,8.2,3690.7200000000003,2608.32
2026-08-11,Spark_Plug_C,25.19,205,7.83,5163.95,3558.7999999999997
2026-08-12,Spark_Plug_C,28.5,145,8.39,4132.5,2915.95
2026-08-13,Spark_Plug_C,25.24,172,8.09,4341.28,2949.7999999999997
2026-08-14,Spark_Plug_C,26.2,176,8.08,4611.2,3189.1199999999994
2026-08-15,Spark_Plug_C,27.5,168,8.33,4620.0,3220.5600000000004
2026-08-16,Spark_Plug_C,26.57,174,8.18,4623.18,3199.86
2026-08-17,Spark_Plug_C,23.95,182,8.11,4358.9,2882.88
2026-08-18,Spark_Plug_C,27.66,160,7.87,4425.6,3166.3999999999996
2026-08-19,Spark_Plug_C,22.31,194,8.04,4328.139999999999,2768.38
2026-08-20,Spark_Plug_C,28.35,131,7.73,3713.8500000000004,2701.2200000000003
2026-08-21,Spark_Plug_C,24.22,197,8.15,4771.34,3165.79
2026-08-22,Spark_Plug_C,28.43,141,7.97,4008.63,2884.86
2026-08-23,Spark_Plug_C,22.25,208,7.66,4628.0,3034.72
2026-08-24,Spark_Plug_C,28.09,129,8.11,3623.61,2577.42
2026-08-25,Spark_Plug_C,24.42,204,8.1,4981.68,3329.28
2026-08-26,Spark_Plug_C,27.12,140,8.06,3796.8,2668.4000000000005
2026-08-27,Spark_Plug_C,26.82,149,7.86,3996.18,2825.04
2026-08-28,Spark_Plug_C,21.73,217,7.73,4715.41,3038.0
2026-08-29,Spark_Plug_C,22.85,186,8.18,4250.1,2728.6200000000003
2026-08-30,Spark_Plug_C,24.63,169,8.12,4162.47,2790.1899999999996
2026-08-31,Spark_Plug_C,28.31,139,7.73,3935.0899999999997,2860.62
2026-09-01,Spark_Plug_C,28.55,151,7.75,4311.05,3140.8
2026-09-02,Spark_Plug_C,21.96,213,7.75,4677.4800000000005,3026.73
2026-09-03,Spark_Plug_C,28.67,152,8.2,4357.84,3111.4400000000005
2026-09-04,Spark_Plug_C,25.01,188,7.62,4701.88,3269.32
2026-09-05,Spark_Plug_C,26.78,161,8.3,4311.58,2975.28
2026-09-06,Spark_Plug_C,22.84,219,8.34,5001.96,3175.5
2026-09-07,Spark_Plug_C,25.98,180,8.18,4676.4,3204.0
2026-09-08,Spark_Plug_C,24.89,187,8.22,4654.43,3117.2900000000004
2026-09-09,Spark_Plug_C,26.51,167,7.84,4427.17,3117.8900000000003
2026-09-10,Spark_Plug_C,27.0,164,8.33,4428.0,3061.88
2026-09-11,Spark_Plug_C,21.91,231,8.35,5061.21,3132.36
2026-09-12,Spark_Plug_C,27.49,148,8.15,4068.52,2862.3199999999993
2026-09-13,Spark_Plug_C,25.77,189,8.24,4870.53,3313.17
2026-09-14,Spark_Plug_C,26.56,178,8.14,4727.679999999999,3278.7599999999998
2026-09-15,Spark_Plug_C,25.81,160,8.29,4129.599999999999,2803.2
2026-09-16,Spark_Plug_C,25.78,145,8.04,3738.1000000000004,2572.3
2026-09-17,Spark_Plug_C,21.91,239,7.85,5236.49,3360.34
2026-09-18,Spark_Plug_C,26.76,144,7.65,3853.44,2751.84
2026-09-19,Spark_Plug_C,24.92,192,7.87,4784.64,3273.6000000000004
2026-09-20,Spark_Plug_C,27.07,135,8.26,3654.45,2539.3500000000004
2026-09-21,Spark_Plug_C,28.01,145,8.29,4061.4500000000003,2859.4000000000005
2026-09-22,Spark_Plug_C,26.09,190,7.64,4957.1,3505.5
2026-09-23,Spark_Plug_C,21.61,227,7.76,4905.47,3143.95
2026-09-24,Spark_Plug_C,28.63,148,7.62,4237.24,3109.4799999999996
2026-09-25,Spark_Plug_C,26.52,162,7.94,4296.24,3009.9599999999996
2026-09-26,Spark_Plug_C,28.74,172,8.24,4943.28,3526.0
2024-01-01,Air_Filter_D,21.99,214,6.78,4705.86,3254.9399999999996
2024-01-02,Air_Filter_D,17.39,305,6.72,5303.95,3254.3500000000004
2024-01-03,Air_Filter_D,17.53,270,6.88,4733.1,2875.5000000000005
2024-01-04,Air_Filter_D,19.15,240,7.09,4596.0,2894.3999999999996
2024-01-05,Air_Filter_D,17.15,269,7.1,4613.349999999999,2703.45
2024-01-06,Air_Filter_D,21.84,254,6.73,5547.36,3837.94
2024-01-07,Air_Filter_D,22.77,211,6.86,4804.47,3357.01
2024-01-08,Air_Filter_D,20.8,245,7.23,5096.0,3324.65
2024-01-09,Air_Filter_D,18.55,281,7.04,5212.55,3234.3100000000004
2024-01-10,Air_Filter_D,20.64,254,6.76,5242.56,3525.52
2024-01-11,Air_Filter_D,22.84,218,7.09,4979.12,3433.5
2024-01-12,Air_Filter_D,22.11,222,7.04,4908.42,3345.54
2024-01-13,Air_Filter_D,20.07,255,7.1,5117.85,3307.3500000000004
2024-01-14,Air_Filter_D,17.31,297,7.1,5141.07,3032.37
2024-01-15,Air_Filter_D,20.96,256,7.08,5365.76,3553.28
2024-01-16,Air_Filter_D,19.39,270,6.68,5235.3,3431.7000000000003
2024-01-17,Air_Filter_D,22.65,222,7.28,5028.299999999999,3412.1399999999994
2024-01-18,Air_Filter_D,18.69,258,7.21,4822.02,2961.84
2024-01-19,Air_Filter_D,19.34,241,7.32,4660.94,2896.8199999999997
2024-01-20,Air_Filter_D,19.11,248,7.18,4739.28,2958.64
2024-01-21,Air_Filter_D,21.66,241,7.28,5220.06,3465.58
2024-01-22,Air_Filter_D,17.07,358,7.27,6111.06,3508.4
2024-01-23,Air_Filter_D,20.5,255,7.22,5227.5,3386.4
2024-01-24,Air_Filter_D,19.49,256,7.26,4989.44,3130.8799999999997
2024-01-25,Air_Filter_D,20.12,272,7.25,5472.64,3500.6400000000003
2024-01-26,Air_Filter_D,19.38,275,7.31,5329.5,3319.25
2024-01-27,Air_Filter_D,22.38,232,6.77,5192.16,3621.52
2024-01-28,Air_Filter_D,22.24,262,6.84,5826.879999999999,4034.7999999999997
2024-01-29,Air_Filter_D,17.64,294,6.82,5186.16,3181.08
2024-01-30,Air_Filter_D,19.59,246,6.9,4819.14,3121.74
2024-01-31,Air_Filter_D,19.46,265,7.26,5156.900000000001,3233.0000000000005
2024-02-01,Air_Filter_D,18.73,285,6.99,5338.05,3345.9
2024-02-02,Air_Filter_D,17.75,279,7.17,4952.25,2951.82
2024-02-03,Air_Filter_D,19.78,257,7.0,5083.46,3284.4600000000005
2024-02-04,Air_Filter_D,17.91,285,7.17,5104.35,3060.9
2024-02-05,Air_Filter_D,21.16,252,6.89,5332.32,3596.04
2024-02-06,Air_Filter_D,21.24,231,7.07,4906.44,3273.2699999999995
2024-02-07,Air_Filter_D,19.0,274,7.29,5206.0,3208.5400000000004
2024-02-08,Air_Filter_D,18.07,339,6.94,6125.7300000000005,3773.0699999999997
2024-02-09,Air_Filter_D,19.4,277,6.78,5373.799999999999,3495.7399999999993
2024-02-10,Air_Filter_D,21.8,228,6.82,4970.400000000001,3415.44
2024-02-11,Air_Filter_D,21.9,236,6.92,5168.4,3535.2799999999997
2024-02-12,Air_Filter_D,18.61,289,6.83,5378.29,3404.4199999999996
2024-02-13,Air_Filter_D,20.6,267,7.29,5500.200000000001,3553.7700000000004
2024-02-14,Air_Filter_D,20.98,286,6.8,6000.28,4055.48
2024-02-15,Air_Filter_D,21.8,255,7.06,5559.0,3758.7000000000007
2024-02-16,Air_Filter_D,22.66,264,7.05,5982.24,4121.04
2024-02-17,Air_Filter_D,20.24,280,7.09,5667.2,3681.9999999999995
2024-02-18,Air_Filter_D,21.61,245,7.17,5294.45,3537.7999999999997
2024-02-19,Air_Filter_D,22.67,236,6.77,5350.120000000001,3752.4000000000005
2024-02-20,Air_Filter_D,21.18,236,6.81,4998.48,3391.32
2024-02-21,Air_Filter_D,21.34,252,6.8,5377.68,3664.08
2024-02-22,Air_Filter_D,21.18,263,7.18,5570.34,3682.0
2024-02-23,Air_Filter_D,20.79,248,7.03,5155.92,3412.4799999999996
2024-02-24,Air_Filter_D,19.08,289,7.26,5514.12,3415.9799999999996
2024-02-25,Air_Filter_D,21.16,242,7.13,5120.72,3395.26
2024-02-26,Air_Filter_D,22.81,222,7.19,5063.82,3467.6399999999994
2024-02-27,Air_Filter_D,18.61,307,6.97,5713.2699999999995,3573.48
2024-02-28,Air_Filter_D,20.36,267,6.9,5436.12,3593.8199999999997
2024-02-29,Air_Filter_D,21.25,276,7.21,5865.0,3875.04
2024-03-01,Air_Filter_D,22.86,230,7.2,5257.8,3601.8
2024-03-02,Air_Filter_D,22.93,241,7.16,5526.13,3800.5699999999997
2024-03-03,Air_Filter_D,18.48,317,7.01,5858.16,3635.9900000000002
2024-03-04,Air_Filter_D,19.59,265,7.14,5191.35,3299.25
2024-03-05,Air_Filter_D,17.24,292,7.3,5034.08,2902.4799999999996
2024-03-06,Air_Filter_D,18.85,300,7.12,5655.0,3519.0
2024-03-07,Air_Filter_D,21.14,267,7.11,5644.38,3746.01
2024-03-08,Air_Filter_D,21.79,248,6.73,5403.92,3734.8799999999997
2024-03-09,Air_Filter_D,20.11,271,6.89,5449.8099999999995,3582.62
2024-03-10,Air_Filter_D,19.92,262,6.87,5219.040000000001,3419.1000000000004
2024-03-11,Air_Filter_D,22.78,239,7.04,5444.42,3761.8600000000006
2024-03-12,Air_Filter_D,21.01,235,6.97,4937.35,3299.4000000000005
2024-03-13,Air_Filter_D,19.57,291,7.34,5694.87,3558.9300000000003
2024-03-14,Air_Filter_D,18.4,300,7.11,5520.0,3386.9999999999995
2024-03-15,Air_Filter_D,17.58,309,6.89,5432.219999999999,3303.209999999999
2024-03-16,Air_Filter_D,17.22,308,6.9,5303.759999999999,3178.5599999999995
2024-03-17,Air_Filter_D,22.21,262,6.86,5819.02,4021.7000000000003
2024-03-18,Air_Filter_D,19.21,254,6.74,4879.34,3167.38
2024-03-19,Air_Filter_D,17.35,302,6.73,5239.700000000001,3207.2400000000002
2024-03-20,Air_Filter_D,21.97,261,6.66,5734.17,3995.91
2024-03-21,Air_Filter_D,17.9,298,6.98,5334.2,3254.1599999999994
2024-03-22,Air_Filter_D,20.82,269,7.01,5600.58,3714.8900000000003
2024-03-23,Air_Filter_D,18.04,278,7.19,5015.12,3016.2999999999993
2024-03-24,Air_Filter_D,21.87,259,6.89,5664.33,3879.82
2024-03-25,Air_Filter_D,22.51,232,6.97,5222.320000000001,3605.2800000000007
2024-03-26,Air_Filter_D,20.54,268,7.05,5504.719999999999,3615.3199999999997
2024-03-27,Air_Filter_D,19.13,302,6.65,5777.259999999999,3768.9599999999996
2024-03-28,Air_Filter_D,20.53,267,6.7,5481.51,3692.6100000000006
2024-03-29,Air_Filter_D,19.64,260,6.95,5106.400000000001,3299.4000000000005
2024-03-30,Air_Filter_D,18.11,297,6.67,5378.67,3397.68
2024-03-31,Air_Filter_D,21.37,257,7.16,5492.09,3651.9700000000003
2024-04-01,Air_Filter_D,17.39,316,6.69,5495.24,3381.2
2024-04-02,Air_Filter_D,18.54,304,7.05,5636.16,3492.9599999999996
2024-04-03,Air_Filter_D,19.75,278,7.31,5490.5,3458.32
2024-04-04,Air_Filter_D,21.54,256,7.26,5514.24,3655.68
2024-04-05,Air_Filter_D,21.65,298,7.02,6451.7,4359.74
2024-04-06,Air_Filter_D,17.84,291,7.28,5191.44,3072.9599999999996
2024-04-07,Air_Filter_D,17.97,307,7.27,5516.79,3284.8999999999996
2024-04-08,Air_Filter_D,21.27,275,6.82,5849.25,3973.75
2024-04-09,Air_Filter_D,18.36,319,7.1,5856.84,3591.94
2024-04-10,Air_Filter_D,17.67,308,7.26,5442.360000000001,3206.2800000000007
2024-04-11,Air_Filter_D,22.24,225,7.03,5004.0,3422.2499999999995
2024-04-12,Air_Filter_D,21.77,253,7.23,5507.8099999999995,3678.62
2024-04-13,Air_Filter_D,20.64,272,7.14,5614.08,3672.0
2024-04-14,Air_Filter_D,22.83,233,6.79,5319.389999999999,3737.3199999999997
2024-04-15,Air_Filter_D,17.68,302,7.26,5339.36,3146.84
2024-04-16,Air_Filter_D,20.62,275,6.92,5670.5,3767.5000000000005
2024-04-17,Air_Filter_D,21.34,235,6.7,5014.9,3440.4
2024-04-18,Air_Filter_D,21.04,249,7.2,5238.96,3446.16
2024-04-19,Air_Filter_D,20.87,269,6.7,5614.030000000001,3811.7300000000005
2024-04-20,Air_Filter_D,21.54,252,7.28,5428.08,3593.5199999999995
2024-04-21,Air_Filter_D,18.56,278,6.89,5159.679999999999,3244.2599999999993
2024-04-22,Air_Filter_D,19.85,277,7.32,5498.450000000001,3470.8100000000004
2024-04-23,Air_Filter_D,18.71,276,6.92,5163.96,3254.0400000000004
2024-04-24,Air_Filter_D,17.37,339,7.01,5888.43,3512.0400000000004
2024-04-25,Air_Filter_D,21.06,276,6.66,5812.5599999999995,3974.3999999999996
2024-04-26,Air_Filter_D,19.09,261,7.31,4982.49,3074.5800000000004
2024-04-27,Air_Filter_D,19.43,307,6.98,5965.01,3822.1499999999996
2024-04-28,Air_Filter_D,20.32,269,7.19,5466.08,3531.97
2024-04-29,Air_Filter_D,19.16,272,6.87,5211.52,3342.8799999999997
2024-04-30,Air_Filter_D,22.8,248,6.72,5654.400000000001,3987.8400000000006
2024-05-01,Air_Filter_D,18.27,305,7.27,5572.349999999999,3355.0
2024-05-02,Air_Filter_D,17.67,308,7.23,5442.360000000001,3215.5200000000004
2024-05-03,Air_Filter_D,21.64,264,7.33,5712.96,3777.84
2024-05-04,Air_Filter_D,19.39,270,6.81,5235.3,3396.6000000000004
2024-05-05,Air_Filter_D,21.87,254,7.12,5554.9800000000005,3746.5
2024-05-06,Air_Filter_D,17.46,298,6.97,5203.08,3126.0200000000004
2024-05-07,Air_Filter_D,17.44,292,7.29,5092.4800000000005,2963.8000000000006
2024-05-08,Air_Filter_D,17.05,309,6.81,5268.45,3164.1600000000008
2024-05-09,Air_Filter_D,22.51,275,6.9,6190.25,4292.75
2024-05-10,Air_Filter_D,22.7,241,7.06,5470.7,3769.2400000000002
2024-05-11,Air_Filter_D,17.41,345,6.94,6006.45,3612.1499999999996
2024-05-12,Air_Filter_D,20.14,253,6.86,5095.42,3359.84
2024-05-13,Air_Filter_D,21.53,245,7.11,5274.85,3532.9000000000005
2024-05-14,Air_Filter_D,19.22,311,7.14,5977.42,3756.8799999999997
2024-05-15,Air_Filter_D,22.68,236,6.76,5352.48,3757.12
2024-05-16,Air_Filter_D,20.32,259,7.26,5262.88,3382.54
2024-05-17,Air_Filter_D,21.4,245,7.2,5243.0,3479.0
2024-05-18,Air_Filter_D,19.59,273,7.33,5348.07,3346.98
2024-05-19,Air_Filter_D,18.78,257,7.09,4826.46,3004.3300000000004
2024-05-20,Air_Filter_D,21.42,271,7.06,5804.820000000001,3891.560000000001
2024-05-21,Air_Filter_D,17.56,316,6.95,5548.96,3352.7599999999998
2024-05-22,Air_Filter_D,17.38,304,7.07,5283.5199999999995,3134.24
2024-05-23,Air_Filter_D,21.72,242,6.82,5256.24,3605.7999999999997
2024-05-24,Air_Filter_D,20.93,242,6.76,5065.0599999999995,3429.14
2024-05-25,Air_Filter_D,18.85,272,7.0,5127.200000000001,3223.2000000000003
2024-05-26,Air_Filter_D,18.08,302,6.73,5460.16,3427.6999999999994
2024-05-27,Air_Filter_D,18.32,291,6.95,5331.12,3308.67
2024-05-28,Air_Filter_D,19.35,297,7.01,5746.950000000001,3664.9800000000005
2024-05-29,Air_Filter_D,19.71,250,7.27,4927.5,3110.0000000000005
2024-05-30,Air_Filter_D,19.6,260,6.9,5096.0,3302.0000000000005
2024-05-31,Air_Filter_D,21.6,247,7.18,5335.200000000001,3561.7400000000002
2024-06-01,Air_Filter_D,19.84,275,6.79,5456.0,3588.75
2024-06-02,Air_Filter_D,22.63,237,6.84,5363.3099999999995,3742.23
2024-06-03,Air_Filter_D,17.2,328,7.04,5641.599999999999,3332.48
2024-06-04,Air_Filter_D,22.15,196,6.74,4341.4,3020.3599999999997
2024-06-05,Air_Filter_D,22.19,239,7.34,5303.41,3549.1500000000005
2024-06-06,Air_Filter_D,20.56,219,7.12,4502.639999999999,2943.3599999999997
2024-06-07,Air_Filter_D,22.02,219,7.2,4822.38,3245.58
2024-06-08,Air_Filter_D,17.19,298,7.07,5122.620000000001,3015.76
2024-06-09,Air_Filter_D,22.85,242,7.31,5529.700000000001,3760.6800000000007
2024-06-10,Air_Filter_D,18.54,272,6.69,5042.88,3223.1999999999994
2024-06-11,Air_Filter_D,18.64,276,6.97,5144.64,3220.9200000000005
2024-06-12,Air_Filter_D,21.45,240,7.24,5148.0,3410.3999999999996
2024-06-13,Air_Filter_D,19.23,275,7.05,5288.25,3349.5
2024-06-14,Air_Filter_D,21.78,220,6.8,4791.6,3295.6
2024-06-15,Air_Filter_D,18.75,258,7.29,4837.5,2956.6800000000003
2024-06-16,Air_Filter_D,20.69,273,7.0,5648.370000000001,3737.3700000000003
2024-06-17,Air_Filter_D,21.5,217,6.82,4665.5,3185.56
2024-06-18,Air_Filter_D,22.68,246,6.84,5579.28,3896.64
2024-06-19,Air_Filter_D,17.37,266,7.07,4620.42,2739.8
2024-06-20,Air_Filter_D,19.41,285,7.29,5531.85,3454.2000000000003
2024-06-21,Air_Filter_D,17.99,259,7.28,4659.41,2773.8899999999994
2024-06-22,Air_Filter_D,17.71,254,7.17,4498.34,2677.1600000000003
