Project1_Price_Elasticity/data/sales_data_mock.csv
Date,Part_ID,Price,Quantity,Cost,Revenue,Margin
2024-06-23,Air_Filter_D,18.52,277,7.23,5130.04,3127.33
2024-06-24,Air_Filter_D,19.75,246,6.73,4858.5,3202.92
2024-06-25,Air_Filter_D,20.97,213,7.04,4466.61,2967.09
2024-06-26,Air_Filter_D,18.01,303,6.81,5457.030000000001,3393.600000000001
2024-06-27,Air_Filter_D,20.24,267,6.92,5404.08,3556.4399999999996
2024-06-28,Air_Filter_D,21.03,234,6.84,4921.02,3320.4600000000005
2024-06-29,Air_Filter_D,17.5,281,6.66,4917.5,3046.04
2024-06-30,Air_Filter_D,17.07,309,6.68,5274.63,3210.51
2024-07-01,Air_Filter_D,17.57,282,7.26,4954.74,2907.42
2024-07-02,Air_Filter_D,19.17,256,6.69,4907.52,3194.88
2024-07-03,Air_Filter_D,19.38,238,6.9,4612.44,2970.24
2024-07-04,Air_Filter_D,22.1,233,7.04,5149.3,3508.9800000000005
2024-07-05,Air_Filter_D,19.57,243,6.81,4755.51,3100.6800000000003
2024-07-06,Air_Filter_D,18.55,263,6.77,4878.650000000001,3098.1400000000003
2024-07-07,Air_Filter_D,21.75,235,7.31,5111.25,3393.4
2024-07-08,Air_Filter_D,21.37,244,6.65,5214.280000000001,3591.6800000000003
2024-07-09,Air_Filter_D,18.06,274,7.35,4948.44,2934.54
2024-07-10,Air_Filter_D,20.0,257,6.78,5140.0,3397.5399999999995
2024-07-11,Air_Filter_D,20.27,229,7.22,4641.83,2988.4500000000003
2024-07-12,Air_Filter_D,19.15,282,6.87,5400.299999999999,3462.959999999999
2024-07-13,Air_Filter_D,17.97,270,6.93,4851.9,2980.7999999999997
2024-07-14,Air_Filter_D,19.41,244,6.92,4736.04,3047.56
2024-07-15,Air_Filter_D,17.86,253,7.07,4518.58,2729.87
2024-07-16,Air_Filter_D,19.43,251,7.31,4876.93,3042.1200000000003
2024-07-17,Air_Filter_D,19.66,264,6.9,5190.24,3368.64
2024-07-18,Air_Filter_D,21.58,226,7.12,4877.08,3267.9599999999996
2024-07-19,Air_Filter_D,20.44,240,7.04,4905.6,3216.0000000000005
2024-07-20,Air_Filter_D,18.48,242,7.04,4472.16,2768.4800000000005
2024-07-21,Air_Filter_D,21.07,231,7.3,4867.17,3180.87
2024-07-22,Air_Filter_D,19.52,250,7.21,4880.0,3077.4999999999995
2024-07-23,Air_Filter_D,19.51,240,7.05,4682.400000000001,2990.4
2024-07-24,Air_Filter_D,19.93,221,6.94,4404.53,2870.7899999999995
2024-07-25,Air_Filter_D,20.13,261,6.67,5253.929999999999,3513.06
2024-07-26,Air_Filter_D,19.56,250,6.71,4890.0,3212.4999999999995
2024-07-27,Air_Filter_D,21.32,215,6.68,4583.8,3147.6
2024-07-28,Air_Filter_D,21.69,232,7.33,5032.08,3331.5200000000004
2024-07-29,Air_Filter_D,22.46,207,7.28,4649.22,3142.2599999999998
2024-07-30,Air_Filter_D,22.67,218,7.0,4942.06,3416.0600000000004
2024-07-31,Air_Filter_D,21.23,235,6.83,4989.05,3384.0
2024-08-01,Air_Filter_D,21.98,225,7.24,4945.5,3316.5
2024-08-02,Air_Filter_D,17.84,259,7.01,4620.56,2804.97
2024-08-03,Air_Filter_D,18.54,267,6.87,4950.179999999999,3115.8899999999994
2024-08-04,Air_Filter_D,19.58,220,6.89,4307.599999999999,2791.7999999999993
2024-08-05,Air_Filter_D,17.06,291,7.34,4964.46,2828.5199999999995
2024-08-06,Air_Filter_D,18.45,242,6.78,4464.9,2824.1399999999994
2024-08-07,Air_Filter_D,17.73,271,6.7,4804.83,2989.13
2024-08-08,Air_Filter_D,18.71,241,6.93,4509.110000000001,2838.9800000000005
2024-08-09,Air_Filter_D,22.73,240,6.68,5455.2,3852.0
2024-08-10,Air_Filter_D,17.41,261,7.09,4544.01,2693.52
2024-08-11,Air_Filter_D,21.81,199,7.27,4340.19,2893.46
2024-08-12,Air_Filter_D,17.74,254,6.76,4505.96,2788.9199999999996
2024-08-13,Air_Filter_D,20.58,247,6.83,5083.259999999999,3396.2499999999995
2024-08-14,Air_Filter_D,22.09,205,7.31,4528.45,3029.9
2024-08-15,Air_Filter_D,18.75,260,6.8,4875.0,3107.0
2024-08-16,Air_Filter_D,20.3,211,7.07,4283.3,2791.53
2024-08-17,Air_Filter_D,21.66,231,6.95,5003.46,3398.01
2024-08-18,Air_Filter_D,21.36,197,7.02,4207.92,2824.98
2024-08-19,Air_Filter_D,18.19,270,6.71,4911.3,3099.6
2024-08-20,Air_Filter_D,20.32,238,6.71,4836.16,3239.18
2024-08-21,Air_Filter_D,17.22,245,6.96,4218.9,2513.6999999999994
2024-08-22,Air_Filter_D,18.71,252,6.99,4714.92,2953.44
2024-08-23,Air_Filter_D,22.78,197,6.71,4487.66,3165.79
2024-08-24,Air_Filter_D,18.1,266,6.81,4814.6,3003.140000000001
2024-08-25,Air_Filter_D,20.23,252,7.23,5097.96,3276.0
2024-08-26,Air_Filter_D,19.32,227,7.34,4385.64,2719.46
2024-08-27,Air_Filter_D,18.01,248,6.69,4466.4800000000005,2807.36
2024-08-28,Air_Filter_D,21.3,218,7.26,4643.400000000001,3060.7200000000003
2024-08-29,Air_Filter_D,22.83,201,6.98,4588.83,3185.8499999999995
2024-08-30,Air_Filter_D,19.76,197,7.15,3892.7200000000003,2484.17
2024-08-31,Air_Filter_D,19.01,245,7.32,4657.450000000001,2864.05
2024-09-01,Air_Filter_D,17.52,251,7.31,4397.5199999999995,2562.71
2024-09-02,Air_Filter_D,18.73,245,6.93,4588.85,2891.0
2024-09-03,Air_Filter_D,19.91,243,6.89,4838.13,3163.8599999999997
2024-09-04,Air_Filter_D,17.55,257,7.26,4510.35,2644.53
2024-09-05,Air_Filter_D,19.95,220,6.87,4389.0,2877.5999999999995
2024-09-06,Air_Filter_D,17.18,283,6.8,4861.94,2937.5399999999995
2024-09-07,Air_Filter_D,22.86,187,6.87,4274.82,2990.1299999999997
2024-09-08,Air_Filter_D,21.87,198,7.16,4330.26,2912.5800000000004
2024-09-09,Air_Filter_D,18.4,246,6.78,4526.4,2858.5199999999995
2024-09-10,Air_Filter_D,20.88,215,6.67,4489.2,3055.1499999999996
2024-09-11,Air_Filter_D,22.21,219,6.7,4863.99,3396.6900000000005
2024-09-12,Air_Filter_D,18.58,233,6.67,4329.139999999999,2775.0299999999997
2024-09-13,Air_Filter_D,18.87,241,7.33,4547.67,2781.1400000000003
2024-09-14,Air_Filter_D,17.46,267,6.82,4661.820000000001,2840.88
2024-09-15,Air_Filter_D,18.12,233,6.69,4221.96,2663.19
2024-09-16,Air_Filter_D,18.24,241,6.74,4395.839999999999,2771.4999999999995
2024-09-17,Air_Filter_D,22.75,183,6.77,4163.25,2924.34
2024-09-18,Air_Filter_D,19.69,225,6.85,4430.25,2889.0000000000005
2024-09-19,Air_Filter_D,18.13,239,6.75,4333.07,2719.8199999999997
2024-09-20,Air_Filter_D,20.77,206,6.97,4278.62,2842.8
2024-09-21,Air_Filter_D,19.63,221,7.31,4338.23,2722.7200000000003
2024-09-22,Air_Filter_D,21.94,193,6.93,4234.42,2896.9300000000003
2024-09-23,Air_Filter_D,18.63,258,6.71,4806.54,3075.3599999999997
2024-09-24,Air_Filter_D,18.04,243,6.7,4383.719999999999,2755.62
2024-09-25,Air_Filter_D,18.92,238,7.32,4502.96,2760.8
2024-09-26,Air_Filter_D,18.26,234,7.23,4272.84,2581.0200000000004
2024-09-27,Air_Filter_D,19.95,211,6.82,4209.45,2770.43
2024-09-28,Air_Filter_D,21.26,208,6.71,4422.08,3026.4
2024-09-29,Air_Filter_D,18.49,254,6.8,4696.46,2969.2599999999993
2024-09-30,Air_Filter_D,18.85,233,7.22,4392.05,2709.7900000000004
2024-10-01,Air_Filter_D,20.87,180,6.66,3756.6000000000004,2557.8
2024-10-02,Air_Filter_D,22.23,207,7.32,4601.61,3086.37
2024-10-03,Air_Filter_D,17.54,245,6.74,4297.3,2645.9999999999995
2024-10-04,Air_Filter_D,21.2,224,7.0,4748.8,3180.7999999999997
2024-10-05,Air_Filter_D,18.43,259,6.88,4773.37,2991.4500000000003
2024-10-06,Air_Filter_D,18.46,242,6.79,4467.320000000001,2824.1400000000003
2024-10-07,Air_Filter_D,19.96,200,7.31,3992.0,2530.0000000000005
2024-10-08,Air_Filter_D,17.91,241,7.18,4316.31,2585.9300000000003
2024-10-09,Air_Filter_D,20.75,249,7.03,5166.75,3416.2799999999997
2024-10-10,Air_Filter_D,17.34,240,7.09,4161.6,2460.0
2024-10-11,Air_Filter_D,17.81,234,7.1,4167.54,2506.14
2024-10-12,Air_Filter_D,19.41,198,6.74,3843.18,2508.66
2024-10-13,Air_Filter_D,21.68,203,7.29,4401.04,2921.17
2024-10-14,Air_Filter_D,21.32,188,6.77,4008.16,2735.4
2024-10-15,Air_Filter_D,20.55,226,6.91,4644.3,3082.6400000000003
2024-10-16,Air_Filter_D,22.21,223,6.71,4952.83,3456.5
2024-10-17,Air_Filter_D,18.67,272,7.05,5078.240000000001,3160.6400000000003
2024-10-18,Air_Filter_D,19.76,219,7.1,4327.4400000000005,2772.5400000000004
2024-10-19,Air_Filter_D,17.39,259,6.98,4504.01,2696.19
2024-10-20,Air_Filter_D,17.17,251,7.09,4309.67,2530.0800000000004
2024-10-21,Air_Filter_D,18.22,270,7.27,4919.4,2956.5
2024-10-22,Air_Filter_D,19.62,244,7.06,4787.280000000001,3064.6400000000003
2024-10-23,Air_Filter_D,19.58,224,6.78,4385.92,2867.1999999999994
2024-10-24,Air_Filter_D,21.28,239,6.73,5085.92,3477.4500000000003
2024-10-25,Air_Filter_D,18.33,262,6.71,4802.459999999999,3044.439999999999
2024-10-26,Air_Filter_D,21.76,194,7.35,4221.4400000000005,2795.5400000000004
2024-10-27,Air_Filter_D,20.35,224,6.96,4558.400000000001,2999.36
2024-10-28,Air_Filter_D,21.18,218,6.94,4617.24,3104.3199999999997
2024-10-29,Air_Filter_D,18.15,266,6.86,4827.9,3003.14
2024-10-30,Air_Filter_D,22.62,194,7.18,4388.28,2995.36
2024-10-31,Air_Filter_D,20.34,234,6.75,4759.56,3180.06
2024-11-01,Air_Filter_D,21.11,235,7.26,4960.849999999999,3254.75
2024-11-02,Air_Filter_D,17.91,235,7.22,4208.85,2512.15
2024-11-03,Air_Filter_D,21.74,198,7.21,4304.5199999999995,2876.9399999999996
2024-11-04,Air_Filter_D,17.59,247,7.23,4344.73,2558.92
2024-11-05,Air_Filter_D,22.6,197,7.04,4452.200000000001,3065.3200000000006
2024-11-06,Air_Filter_D,22.02,200,6.76,4404.0,3052.0
2024-11-07,Air_Filter_D,22.94,170,6.99,3899.8,2711.5
2024-11-08,Air_Filter_D,17.34,242,6.98,4196.28,2507.12
2024-11-09,Air_Filter_D,19.89,233,7.33,4634.37,2926.48
2024-11-10,Air_Filter_D,22.49,190,6.71,4273.099999999999,2998.1999999999994
2024-11-11,Air_Filter_D,17.43,291,6.7,5072.13,3122.4300000000003
2024-11-12,Air_Filter_D,21.6,201,6.98,4341.6,2938.6200000000003
2024-11-13,Air_Filter_D,17.23,276,6.69,4755.4800000000005,2909.04
2024-11-14,Air_Filter_D,20.69,231,7.1,4779.39,3139.2900000000004
2024-11-15,Air_Filter_D,17.82,247,6.66,4401.54,2756.52
2024-11-16,Air_Filter_D,22.06,205,6.98,4522.3,3091.3999999999996
2024-11-17,Air_Filter_D,19.58,237,6.67,4640.46,3059.6699999999996
2024-11-18,Air_Filter_D,20.2,217,7.21,4383.4,2818.8299999999995
2024-11-19,Air_Filter_D,20.51,232,7.24,4758.320000000001,3078.6400000000003
2024-11-20,Air_Filter_D,22.58,207,6.73,4674.0599999999995,3280.9499999999994
2024-11-21,Air_Filter_D,20.02,218,7.1,4364.36,2816.56
2024-11-22,Air_Filter_D,19.14,249,6.68,4765.860000000001,3102.5400000000004
2024-11-23,Air_Filter_D,20.1,258,6.7,5185.8,3457.2000000000007
2024-11-24,Air_Filter_D,19.92,248,7.09,4940.160000000001,3181.8400000000006
2024-11-25,Air_Filter_D,20.11,233,7.06,4685.63,3040.65
2024-11-26,Air_Filter_D,18.4,252,7.19,4636.799999999999,2824.919999999999
2024-11-27,Air_Filter_D,20.11,219,6.93,4404.09,2886.42
2024-11-28,Air_Filter_D,22.16,193,6.95,4276.88,2935.53
2024-11-29,Air_Filter_D,21.01,245,7.22,5147.450000000001,3378.5500000000006
2024-11-30,Air_Filter_D,19.91,232,7.32,4619.12,2920.88
2024-12-01,Air_Filter_D,21.33,197,6.99,4202.009999999999,2824.9799999999996
2024-12-02,Air_Filter_D,17.4,282,7.31,4906.799999999999,2845.38
2024-12-03,Air_Filter_D,17.3,264,7.02,4567.2,2713.92
2024-12-04,Air_Filter_D,22.91,240,7.26,5498.4,3756.0
2024-12-05,Air_Filter_D,20.16,233,6.71,4697.28,3133.85
2024-12-06,Air_Filter_D,17.39,285,6.93,4956.150000000001,2981.1000000000004
2024-12-07,Air_Filter_D,18.18,274,6.94,4981.32,3079.7599999999998
2024-12-08,Air_Filter_D,20.84,204,7.1,4251.36,2802.96
2024-12-09,Air_Filter_D,19.88,237,6.91,4711.5599999999995,3073.89
2024-12-10,Air_Filter_D,19.64,246,7.13,4831.4400000000005,3077.4600000000005
2024-12-11,Air_Filter_D,17.75,251,7.31,4455.25,2620.4400000000005
2024-12-12,Air_Filter_D,19.13,259,7.03,4954.67,3133.8999999999996
2024-12-13,Air_Filter_D,18.0,257,7.14,4626.0,2791.02
2024-12-14,Air_Filter_D,22.52,177,7.03,3986.04,2741.7299999999996
2024-12-15,Air_Filter_D,18.15,287,7.28,5209.049999999999,3119.689999999999
2024-12-16,Air_Filter_D,18.92,255,7.05,4824.6,3026.8500000000004
2024-12-17,Air_Filter_D,17.34,274,6.83,4751.16,2879.74
2024-12-18,Air_Filter_D,17.23,290,7.0,4996.7,2966.7000000000003
2024-12-19,Air_Filter_D,22.63,218,6.99,4933.34,3409.5199999999995
2024-12-20,Air_Filter_D,22.98,225,6.9,5170.5,3617.9999999999995
2024-12-21,Air_Filter_D,22.42,201,6.95,4506.42,3109.4700000000007
2024-12-22,Air_Filter_D,19.78,254,7.17,5024.12,3202.9400000000005
2024-12-23,Air_Filter_D,20.96,241,6.91,5051.360000000001,3386.05
2024-12-24,Air_Filter_D,17.15,293,6.8,5024.95,3032.5499999999993
2024-12-25,Air_Filter_D,18.34,236,6.95,4328.24,2688.04
2024-12-26,Air_Filter_D,18.2,269,7.26,4895.8,2942.8599999999997
2024-12-27,Air_Filter_D,18.82,274,6.86,5156.68,3277.0400000000004
2024-12-28,Air_Filter_D,22.04,248,7.03,5465.92,3722.4799999999996
2024-12-29,Air_Filter_D,21.81,226,7.24,4929.0599999999995,3292.8199999999997
2024-12-30,Air_Filter_D,17.01,280,6.73,4762.8,2878.4000000000005
2024-12-31,Air_Filter_D,18.58,247,7.06,4589.259999999999,2845.44
2025-01-01,Air_Filter_D,17.9,271,6.98,4850.9,2959.3199999999997
2025-01-02,Air_Filter_D,21.75,248,6.81,5394.0,3705.1200000000003
2025-01-03,Air_Filter_D,21.16,235,6.8,4972.6,3374.6
2025-01-04,Air_Filter_D,19.12,270,6.73,5162.400000000001,3345.3
2025-01-05,Air_Filter_D,22.76,230,6.93,5234.8,3640.9000000000005
2025-01-06,Air_Filter_D,19.22,262,6.75,5035.639999999999,3267.14
2025-01-07,Air_Filter_D,19.64,261,7.34,5126.04,3210.3
2025-01-08,Air_Filter_D,18.74,277,7.11,5190.98,3221.5099999999998
2025-01-09,Air_Filter_D,18.82,298,6.83,5608.36,3573.02
2025-01-10,Air_Filter_D,19.62,243,7.21,4767.66,3015.63
2025-01-11,Air_Filter_D,20.12,247,6.93,4969.64,3257.9300000000003
2025-01-12,Air_Filter_D,18.83,252,7.18,4745.16,2935.7999999999997
2025-01-13,Air_Filter_D,20.54,250,6.97,5135.0,3392.5
2025-01-14,Air_Filter_D,22.48,287,7.09,6451.76,4416.93
2025-01-15,Air_Filter_D,20.12,267,6.95,5372.04,3516.3900000000003
2025-01-16,Air_Filter_D,21.73,225,6.8,4889.25,3359.25
2025-01-17,Air_Filter_D,17.79,299,6.96,5319.21,3238.1699999999996
2025-01-18,Air_Filter_D,21.93,237,6.98,5197.41,3543.1499999999996
2025-01-19,Air_Filter_D,20.1,270,7.2,5427.0,3483.0000000000005
2025-01-20,Air_Filter_D,18.55,278,6.88,5156.900000000001,3244.2600000000007
2025-01-21,Air_Filter_D,19.73,247,6.82,4873.31,3188.77
2025-01-22,Air_Filter_D,17.78,282,7.34,5013.96,2944.0800000000004
2025-01-23,Air_Filter_D,20.39,274,7.2,5586.860000000001,3614.0600000000004
2025-01-24,Air_Filter_D,18.77,266,6.77,4992.82,3192.0
2025-01-25,Air_Filter_D,21.86,219,7.31,4787.34,3186.4500000000003
2025-01-26,Air_Filter_D,21.28,254,6.83,5405.12,3670.3
2025-01-27,Air_Filter_D,17.82,317,7.26,5648.9400000000005,3347.52
2025-01-28,Air_Filter_D,17.4,305,7.23,5307.0,3101.8499999999995
2025-01-29,Air_Filter_D,21.07,232,6.69,4888.24,3336.16
2025-01-30,Air_Filter_D,19.51,279,6.76,5443.290000000001,3557.2500000000005
2025-01-31,Air_Filter_D,22.98,213,7.24,4894.74,3352.62
2025-02-01,Air_Filter_D,21.96,236,6.84,5182.56,3568.32
2025-02-02,Air_Filter_D,19.6,265,7.0,5194.0,3339.0000000000005
2025-02-03,Air_Filter_D,18.06,297,7.06,5363.82,3267.0
2025-02-04,Air_Filter_D,18.94,265,7.0,5019.1,3164.1000000000004
2025-02-05,Air_Filter_D,18.32,283,7.16,5184.56,3158.28
2025-02-06,Air_Filter_D,20.1,264,6.72,5306.400000000001,3532.3200000000006
2025-02-07,Air_Filter_D,21.75,223,6.77,4850.25,3340.54
2025-02-08,Air_Filter_D,17.53,312,6.69,5469.360000000001,3382.08
2025-02-09,Air_Filter_D,17.24,285,6.93,4913.4,2938.3499999999995
2025-02-10,Air_Filter_D,19.06,275,7.01,5241.5,3313.7499999999995
2025-02-11,Air_Filter_D,19.89,246,6.7,4892.9400000000005,3244.7400000000002
2025-02-12,Air_Filter_D,22.55,215,6.88,4848.25,3369.05
2025-02-13,Air_Filter_D,18.93,286,7.31,5413.98,3323.32
2025-02-14,Air_Filter_D,19.66,275,6.68,5406.5,3569.5
2025-02-15,Air_Filter_D,19.34,268,6.92,5183.12,3328.56
2025-02-16,Air_Filter_D,20.66,279,7.01,5764.14,3808.35
2025-02-17,Air_Filter_D,21.53,256,7.04,5511.68,3709.4400000000005
2025-02-18,Air_Filter_D,20.78,251,7.05,5215.780000000001,3446.23
2025-02-19,Air_Filter_D,20.11,262,6.73,5268.82,3505.56
2025-02-20,Air_Filter_D,19.38,281,7.01,5445.78,3475.97
2025-02-21,Air_Filter_D,17.18,291,7.18,4999.38,2910.0
2025-02-22,Air_Filter_D,18.36,299,6.7,5489.639999999999,3486.34
2025-02-23,Air_Filter_D,22.66,239,6.97,5415.74,3749.9100000000003
2025-02-24,Air_Filter_D,18.47,306,6.84,5651.82,3558.7799999999997
2025-02-25,Air_Filter_D,20.26,267,7.0,5409.42,3540.4200000000005
2025-02-26,Air_Filter_D,18.63,311,6.7,5793.929999999999,3710.23
2025-02-27,Air_Filter_D,21.43,256,6.96,5486.08,3704.3199999999997
2025-02-28,Air_Filter_D,22.08,225,7.06,4968.0,3379.5
2025-03-01,Air_Filter_D,19.01,295,7.14,5607.950000000001,3501.65
2025-03-02,Air_Filter_D,19.72,276,7.09,5442.719999999999,3485.8799999999997
2025-03-03,Air_Filter_D,19.51,314,6.71,6126.14,4019.2000000000003
2025-03-04,Air_Filter_D,22.08,247,6.75,5453.759999999999,3786.5099999999998
2025-03-05,Air_Filter_D,20.7,260,7.31,5382.0,3481.4
2025-03-06,Air_Filter_D,22.06,260,7.35,5735.599999999999,3824.6
2025-03-07,Air_Filter_D,19.52,263,7.0,5133.76,3292.7599999999998
2025-03-08,Air_Filter_D,20.47,261,7.26,5342.67,3447.81
2025-03-09,Air_Filter_D,18.0,299,7.02,5382.0,3283.02
2025-03-10,Air_Filter_D,22.69,254,7.24,5763.26,3924.3
2025-03-11,Air_Filter_D,19.86,286,6.87,5679.96,3715.1399999999994
2025-03-12,Air_Filter_D,22.55,267,6.9,6020.85,4178.55
2025-03-13,Air_Filter_D,17.6,304,6.68,5350.400000000001,3319.6800000000003
2025-03-14,Air_Filter_D,18.73,273,7.02,5113.29,3196.8300000000004
2025-03-15,Air_Filter_D,22.93,273,7.3,6259.89,4266.99
2025-03-16,Air_Filter_D,19.82,316,7.31,6263.12,3953.1600000000003
2025-03-17,Air_Filter_D,19.98,292,6.72,5834.16,3871.9200000000005
2025-03-18,Air_Filter_D,19.13,302,6.74,5777.259999999999,3741.7799999999997
2025-03-19,Air_Filter_D,18.23,313,6.82,5705.99,3571.33
2025-03-20,Air_Filter_D,17.95,316,7.12,5672.2,3422.2799999999993
2025-03-21,Air_Filter_D,22.67,227,7.22,5146.09,3507.1500000000005
2025-03-22,Air_Filter_D,22.69,213,6.88,4832.97,3367.5300000000007
2025-03-23,Air_Filter_D,20.19,288,6.8,5814.72,3856.32
2025-03-24,Air_Filter_D,18.02,316,6.97,5694.32,3491.8
2025-03-25,Air_Filter_D,18.87,298,6.67,5623.26,3635.6000000000004
2025-03-26,Air_Filter_D,18.18,306,6.75,5563.08,3497.58
2025-03-27,Air_Filter_D,21.17,292,7.19,6181.64,4082.1600000000003
2025-03-28,Air_Filter_D,17.79,318,7.2,5657.219999999999,3367.62
2025-03-29,Air_Filter_D,19.85,279,7.11,5538.150000000001,3554.4600000000005
2025-03-30,Air_Filter_D,20.88,318,7.05,6639.839999999999,4397.94
2025-03-31,Air_Filter_D,18.72,295,6.8,5522.4,3516.3999999999996
2025-04-01,Air_Filter_D,21.3,231,7.15,4920.3,3268.65
2025-04-02,Air_Filter_D,19.71,312,6.8,6149.52,4027.92
2025-04-03,Air_Filter_D,22.25,213,7.11,4739.25,3224.82
2025-04-04,Air_Filter_D,20.53,271,7.03,5563.63,3658.5
