Project1_Price_Elasticity/data/sales_data_mock.csv
Date,Part_ID,Price,Quantity,Cost,Revenue,Margin
2025-04-05,Air_Filter_D,18.87,319,7.04,6019.530000000001,3773.7700000000004
2025-04-06,Air_Filter_D,18.06,310,7.26,5598.599999999999,3347.9999999999995
2025-04-07,Air_Filter_D,17.03,349,6.89,5943.47,3538.86
2025-04-08,Air_Filter_D,20.15,272,7.19,5480.799999999999,3525.1199999999994
2025-04-09,Air_Filter_D,22.9,229,6.96,5244.099999999999,3650.2599999999993
2025-04-10,Air_Filter_D,20.53,278,6.77,5707.34,3825.2800000000007
2025-04-11,Air_Filter_D,17.12,307,7.15,5255.84,3060.7900000000004
2025-04-12,Air_Filter_D,20.75,279,7.01,5789.25,3833.46
2025-04-13,Air_Filter_D,19.51,274,6.97,5345.740000000001,3435.960000000001
2025-04-14,Air_Filter_D,22.09,269,6.75,5942.21,4126.46
2025-04-15,Air_Filter_D,21.73,235,7.09,5106.55,3440.4
2025-04-16,Air_Filter_D,21.24,273,6.83,5798.5199999999995,3933.9299999999994
2025-04-17,Air_Filter_D,17.96,292,6.93,5244.320000000001,3220.76
2025-04-18,Air_Filter_D,22.88,239,7.23,5468.32,3740.3499999999995
2025-04-19,Air_Filter_D,22.24,240,7.24,5337.599999999999,3599.9999999999995
2025-04-20,Air_Filter_D,20.32,256,6.81,5201.92,3458.5600000000004
2025-04-21,Air_Filter_D,22.43,241,7.3,5405.63,3646.33
2025-04-22,Air_Filter_D,21.91,243,7.07,5324.13,3606.12
2025-04-23,Air_Filter_D,22.21,269,7.03,5974.49,4083.42
2025-04-24,Air_Filter_D,20.66,245,7.2,5061.7,3297.7000000000003
2025-04-25,Air_Filter_D,17.92,275,6.98,4928.000000000001,3008.5000000000005
2025-04-26,Air_Filter_D,18.51,288,7.02,5330.88,3309.120000000001
2025-04-27,Air_Filter_D,19.92,267,7.14,5318.64,3412.26
2025-04-28,Air_Filter_D,17.22,307,6.95,5286.54,3152.89
2025-04-29,Air_Filter_D,22.24,242,7.18,5382.08,3644.5199999999995
2025-04-30,Air_Filter_D,22.43,238,7.26,5338.34,3610.46
2025-05-01,Air_Filter_D,17.28,325,6.95,5616.0,3357.2500000000005
2025-05-02,Air_Filter_D,17.45,337,6.75,5880.65,3605.8999999999996
2025-05-03,Air_Filter_D,20.89,281,7.26,5870.09,3830.03
2025-05-04,Air_Filter_D,18.25,298,7.17,5438.5,3301.84
2025-05-05,Air_Filter_D,22.96,244,7.23,5602.24,3838.12
2025-05-06,Air_Filter_D,22.45,227,6.78,5096.15,3557.0899999999997
2025-05-07,Air_Filter_D,21.35,238,7.22,5081.3,3362.9400000000005
2025-05-08,Air_Filter_D,22.64,197,6.79,4460.08,3122.4500000000003
2025-05-09,Air_Filter_D,19.19,266,6.99,5104.54,3245.2000000000003
2025-05-10,Air_Filter_D,17.92,308,7.18,5519.360000000001,3307.9200000000005
2025-05-11,Air_Filter_D,18.28,308,6.79,5630.240000000001,3538.9200000000005
2025-05-12,Air_Filter_D,19.45,269,6.72,5232.05,3424.37
2025-05-13,Air_Filter_D,22.34,250,6.95,5585.0,3847.5
2025-05-14,Air_Filter_D,22.13,241,6.85,5333.33,3682.48
2025-05-15,Air_Filter_D,22.7,229,7.0,5198.3,3595.2999999999997
2025-05-16,Air_Filter_D,19.25,250,7.07,4812.5,3045.0
2025-05-17,Air_Filter_D,20.09,271,7.11,5444.39,3517.58
2025-05-18,Air_Filter_D,21.3,255,6.67,5431.5,3730.65
2025-05-19,Air_Filter_D,20.73,265,6.87,5493.45,3672.8999999999996
2025-05-20,Air_Filter_D,19.91,261,6.77,5196.51,3429.54
2025-05-21,Air_Filter_D,22.27,233,6.8,5188.91,3604.5099999999998
2025-05-22,Air_Filter_D,17.31,346,7.26,5989.259999999999,3477.2999999999997
2025-05-23,Air_Filter_D,17.9,295,6.66,5280.5,3315.7999999999997
2025-05-24,Air_Filter_D,17.14,287,7.21,4919.18,2849.91
2025-05-25,Air_Filter_D,18.61,312,6.68,5806.32,3722.16
2025-05-26,Air_Filter_D,19.82,258,7.23,5113.56,3248.22
2025-05-27,Air_Filter_D,22.57,235,6.96,5303.95,3668.35
2025-05-28,Air_Filter_D,18.86,305,7.34,5752.3,3513.6
2025-05-29,Air_Filter_D,22.66,217,7.12,4917.22,3372.18
2025-05-30,Air_Filter_D,20.85,277,7.06,5775.450000000001,3819.830000000001
2025-05-31,Air_Filter_D,20.64,267,7.29,5510.88,3564.4500000000003
2025-06-01,Air_Filter_D,21.59,269,6.95,5807.71,3938.1600000000003
2025-06-02,Air_Filter_D,18.03,287,7.19,5174.610000000001,3111.08
2025-06-03,Air_Filter_D,20.67,250,7.28,5167.5,3347.5
2025-06-04,Air_Filter_D,20.53,246,7.16,5050.38,3289.0200000000004
2025-06-05,Air_Filter_D,22.67,244,6.97,5531.4800000000005,3830.8000000000006
2025-06-06,Air_Filter_D,22.16,231,6.77,5118.96,3555.09
2025-06-07,Air_Filter_D,21.62,238,6.91,5145.56,3500.98
2025-06-08,Air_Filter_D,19.55,279,7.13,5454.45,3465.1800000000003
2025-06-09,Air_Filter_D,17.88,288,6.94,5149.44,3150.7199999999993
2025-06-10,Air_Filter_D,21.22,233,7.02,4944.259999999999,3308.6
2025-06-11,Air_Filter_D,18.78,278,6.96,5220.84,3285.96
2025-06-12,Air_Filter_D,20.76,241,6.67,5003.160000000001,3395.6900000000005
2025-06-13,Air_Filter_D,17.99,282,6.93,5073.179999999999,3118.9199999999996
2025-06-14,Air_Filter_D,20.26,272,6.76,5510.72,3672.0000000000005
2025-06-15,Air_Filter_D,17.66,310,7.13,5474.6,3264.3
2025-06-16,Air_Filter_D,20.29,290,7.16,5884.099999999999,3807.7
2025-06-17,Air_Filter_D,17.6,304,6.96,5350.400000000001,3234.5600000000004
2025-06-18,Air_Filter_D,21.71,244,7.28,5297.24,3520.92
2025-06-19,Air_Filter_D,22.42,215,7.33,4820.3,3244.3500000000004
2025-06-20,Air_Filter_D,22.57,250,7.27,5642.5,3825.0
2025-06-21,Air_Filter_D,17.44,274,7.08,4778.56,2838.6400000000003
2025-06-22,Air_Filter_D,17.22,280,7.08,4821.599999999999,2839.2
2025-06-23,Air_Filter_D,19.79,285,6.71,5640.15,3727.7999999999997
2025-06-24,Air_Filter_D,17.46,300,6.87,5238.0,3177.0
2025-06-25,Air_Filter_D,20.74,250,6.85,5185.0,3472.4999999999995
2025-06-26,Air_Filter_D,21.86,231,6.73,5049.66,3495.0299999999997
2025-06-27,Air_Filter_D,22.15,235,7.04,5205.25,3550.85
2025-06-28,Air_Filter_D,18.06,272,7.35,4912.32,2913.12
2025-06-29,Air_Filter_D,19.62,271,6.85,5317.02,3460.6700000000005
2025-06-30,Air_Filter_D,22.32,240,7.33,5356.8,3597.6
2025-07-01,Air_Filter_D,21.95,258,6.95,5663.099999999999,3870.0
2025-07-02,Air_Filter_D,17.4,312,6.74,5428.799999999999,3325.9199999999996
2025-07-03,Air_Filter_D,17.59,305,6.66,5364.95,3333.65
2025-07-04,Air_Filter_D,22.55,237,6.84,5344.35,3723.27
2025-07-05,Air_Filter_D,18.55,281,6.87,5212.55,3282.08
2025-07-06,Air_Filter_D,17.6,272,6.87,4787.200000000001,2918.56
2025-07-07,Air_Filter_D,18.05,244,7.05,4404.2,2684.0
2025-07-08,Air_Filter_D,20.74,232,6.97,4811.679999999999,3194.64
2025-07-09,Air_Filter_D,22.71,231,7.1,5246.01,3605.9100000000003
2025-07-10,Air_Filter_D,20.49,246,6.8,5040.54,3367.7399999999993
2025-07-11,Air_Filter_D,19.44,268,7.24,5209.92,3269.6000000000004
2025-07-12,Air_Filter_D,20.57,266,7.34,5471.62,3519.1800000000003
2025-07-13,Air_Filter_D,17.17,273,6.99,4687.410000000001,2779.1400000000003
2025-07-14,Air_Filter_D,20.32,234,7.27,4754.88,3053.7000000000003
2025-07-15,Air_Filter_D,20.56,241,6.96,4954.96,3277.5999999999995
2025-07-16,Air_Filter_D,17.61,268,6.7,4719.48,2923.88
2025-07-17,Air_Filter_D,17.62,306,6.73,5391.72,3332.34
2025-07-18,Air_Filter_D,21.66,219,6.9,4743.54,3232.44
2025-07-19,Air_Filter_D,21.58,215,6.66,4639.7,3207.7999999999997
2025-07-20,Air_Filter_D,18.03,279,7.13,5030.37,3041.100000000001
2025-07-21,Air_Filter_D,22.47,201,7.34,4516.469999999999,3041.1299999999997
2025-07-22,Air_Filter_D,17.39,261,7.25,4538.79,2646.54
2025-07-23,Air_Filter_D,18.69,276,6.93,5158.4400000000005,3245.76
2025-07-24,Air_Filter_D,21.1,259,7.26,5464.900000000001,3584.5600000000004
2025-07-25,Air_Filter_D,17.86,244,7.05,4357.84,2637.64
2025-07-26,Air_Filter_D,22.0,223,6.81,4906.0,3387.3700000000003
2025-07-27,Air_Filter_D,18.31,241,7.07,4412.71,2708.8399999999997
2025-07-28,Air_Filter_D,19.36,216,7.21,4181.76,2624.3999999999996
2025-07-29,Air_Filter_D,18.93,253,6.95,4789.29,3030.94
2025-07-30,Air_Filter_D,20.97,237,6.71,4969.889999999999,3379.6199999999994
2025-07-31,Air_Filter_D,21.1,231,7.06,4874.1,3243.2400000000007
2025-08-01,Air_Filter_D,19.33,222,7.29,4291.259999999999,2672.8799999999997
2025-08-02,Air_Filter_D,21.92,214,7.28,4690.88,3132.96
2025-08-03,Air_Filter_D,19.15,273,7.17,5227.95,3270.5399999999995
2025-08-04,Air_Filter_D,21.16,249,6.78,5268.84,3580.62
2025-08-05,Air_Filter_D,17.43,245,6.69,4270.35,2631.2999999999997
2025-08-06,Air_Filter_D,20.55,240,7.22,4932.0,3199.2000000000003
2025-08-07,Air_Filter_D,17.95,244,7.04,4379.8,2662.04
2025-08-08,Air_Filter_D,18.31,248,6.77,4540.88,2861.9199999999996
2025-08-09,Air_Filter_D,17.17,252,6.69,4326.84,2640.96
2025-08-10,Air_Filter_D,21.31,225,6.91,4794.75,3239.9999999999995
2025-08-11,Air_Filter_D,21.75,250,7.32,5437.5,3607.5
2025-08-12,Air_Filter_D,18.79,215,6.72,4039.85,2595.05
2025-08-13,Air_Filter_D,19.24,239,7.11,4598.36,2899.0699999999997
2025-08-14,Air_Filter_D,22.26,210,6.8,4674.6,3246.6000000000004
2025-08-15,Air_Filter_D,19.23,239,7.12,4595.97,2894.29
2025-08-16,Air_Filter_D,22.32,198,7.24,4419.36,2985.84
2025-08-17,Air_Filter_D,22.23,196,7.31,4357.08,2924.32
2025-08-18,Air_Filter_D,18.7,256,7.18,4787.2,2949.12
2025-08-19,Air_Filter_D,17.02,256,6.82,4357.12,2611.2
2025-08-20,Air_Filter_D,17.56,291,7.29,5109.96,2988.5699999999997
2025-08-21,Air_Filter_D,20.39,232,6.78,4730.4800000000005,3157.52
2025-08-22,Air_Filter_D,17.25,276,6.96,4761.0,2840.04
2025-08-23,Air_Filter_D,18.65,236,6.85,4401.4,2784.7999999999997
2025-08-24,Air_Filter_D,18.64,230,7.14,4287.2,2645.0
2025-08-25,Air_Filter_D,22.82,186,7.02,4244.52,2938.8
2025-08-26,Air_Filter_D,21.01,203,6.94,4265.030000000001,2856.21
2025-08-27,Air_Filter_D,22.49,186,7.07,4183.139999999999,2868.1199999999994
2025-08-28,Air_Filter_D,18.78,243,6.68,4563.54,2940.3
2025-08-29,Air_Filter_D,17.03,269,7.23,4581.070000000001,2636.2000000000003
2025-08-30,Air_Filter_D,19.56,257,6.81,5026.92,3276.75
2025-08-31,Air_Filter_D,17.89,265,7.12,4740.85,2854.0499999999997
2025-09-01,Air_Filter_D,21.01,227,7.32,4769.27,3107.63
2025-09-02,Air_Filter_D,20.35,220,6.81,4477.0,2978.8000000000006
2025-09-03,Air_Filter_D,22.59,202,6.97,4563.18,3155.2400000000002
2025-09-04,Air_Filter_D,18.96,281,6.87,5327.76,3397.29
2025-09-05,Air_Filter_D,19.58,232,6.83,4542.5599999999995,2957.9999999999995
2025-09-06,Air_Filter_D,22.12,194,7.08,4291.28,2917.76
2025-09-07,Air_Filter_D,17.38,253,7.27,4397.139999999999,2557.83
2025-09-08,Air_Filter_D,17.22,262,7.32,4511.639999999999,2593.7999999999997
2025-09-09,Air_Filter_D,19.01,252,6.95,4790.52,3039.120000000001
2025-09-10,Air_Filter_D,22.94,183,7.18,4198.02,2884.0800000000004
2025-09-11,Air_Filter_D,21.17,191,7.34,4043.4700000000003,2641.53
2025-09-12,Air_Filter_D,17.99,218,7.3,3921.8199999999997,2330.4199999999996
2025-09-13,Air_Filter_D,17.78,274,7.25,4871.72,2885.2200000000003
2025-09-14,Air_Filter_D,17.32,284,7.12,4918.88,2896.7999999999997
2025-09-15,Air_Filter_D,20.61,222,6.95,4575.42,3032.52
2025-09-16,Air_Filter_D,18.77,224,6.82,4204.48,2676.7999999999997
2025-09-17,Air_Filter_D,19.27,243,6.95,4682.61,2993.76
2025-09-18,Air_Filter_D,22.36,182,7.11,4069.52,2775.5
2025-09-19,Air_Filter_D,19.7,217,7.04,4274.9,2747.2200000000003
2025-09-20,Air_Filter_D,17.54,260,7.27,4560.4,2670.2
2025-09-21,Air_Filter_D,22.68,190,6.74,4309.2,3028.6
2025-09-22,Air_Filter_D,20.34,235,6.71,4779.9,3203.0499999999997
2025-09-23,Air_Filter_D,18.63,215,7.11,4005.45,2476.7999999999997
2025-09-24,Air_Filter_D,17.34,259,7.06,4491.06,2662.5200000000004
2025-09-25,Air_Filter_D,18.5,231,7.18,4273.5,2614.92
2025-09-26,Air_Filter_D,18.55,242,6.73,4489.1,2860.44
2025-09-27,Air_Filter_D,17.77,254,6.76,4513.58,2796.54
2025-09-28,Air_Filter_D,18.86,229,7.27,4318.94,2654.11
2025-09-29,Air_Filter_D,19.91,224,6.72,4459.84,2954.5600000000004
2025-09-30,Air_Filter_D,20.71,234,6.91,4846.14,3229.2000000000003
2025-10-01,Air_Filter_D,17.23,265,7.28,4565.95,2636.75
2025-10-02,Air_Filter_D,22.99,204,6.93,4689.96,3276.24
2025-10-03,Air_Filter_D,17.06,248,7.24,4230.88,2435.3599999999997
2025-10-04,Air_Filter_D,17.44,232,6.99,4046.0800000000004,2424.4
2025-10-05,Air_Filter_D,20.94,193,7.22,4041.42,2647.9600000000005
2025-10-06,Air_Filter_D,22.47,196,7.06,4404.12,3020.36
2025-10-07,Air_Filter_D,17.88,258,6.73,4613.04,2876.7
2025-10-08,Air_Filter_D,21.17,222,7.33,4699.740000000001,3072.4800000000005
2025-10-09,Air_Filter_D,18.69,233,6.69,4354.77,2796.0
2025-10-10,Air_Filter_D,18.89,207,7.05,3910.23,2450.88
2025-10-11,Air_Filter_D,22.28,207,6.66,4611.96,3233.34
2025-10-12,Air_Filter_D,17.46,246,6.87,4295.16,2605.14
2025-10-13,Air_Filter_D,19.81,249,7.22,4932.69,3134.91
2025-10-14,Air_Filter_D,19.65,230,7.03,4519.5,2902.5999999999995
2025-10-15,Air_Filter_D,19.55,249,7.23,4867.95,3067.6800000000003
2025-10-16,Air_Filter_D,18.03,244,6.79,4399.320000000001,2742.5600000000004
2025-10-17,Air_Filter_D,18.3,216,7.18,3952.8,2401.92
2025-10-18,Air_Filter_D,21.66,218,6.68,4721.88,3265.64
2025-10-19,Air_Filter_D,20.47,219,6.78,4482.929999999999,2998.1099999999997
2025-10-20,Air_Filter_D,22.71,212,7.25,4814.52,3277.52
2025-10-21,Air_Filter_D,19.2,227,7.23,4358.4,2717.1899999999996
2025-10-22,Air_Filter_D,20.33,237,6.81,4818.21,3204.24
2025-10-23,Air_Filter_D,22.52,195,6.96,4391.4,3034.2
2025-10-24,Air_Filter_D,19.23,230,6.73,4422.900000000001,2875.0
2025-10-25,Air_Filter_D,22.49,189,7.04,4250.61,2920.0499999999997
2025-10-26,Air_Filter_D,19.08,236,7.28,4502.879999999999,2784.7999999999993
2025-10-27,Air_Filter_D,22.74,197,7.31,4479.78,3039.71
2025-10-28,Air_Filter_D,18.97,244,6.85,4628.679999999999,2957.2799999999997
2025-10-29,Air_Filter_D,21.33,185,7.23,3946.0499999999997,2608.4999999999995
2025-10-30,Air_Filter_D,21.68,195,6.71,4227.6,2919.1499999999996
2025-10-31,Air_Filter_D,21.06,225,7.27,4738.5,3102.75
2025-11-01,Air_Filter_D,18.14,261,6.78,4734.54,2964.96
2025-11-02,Air_Filter_D,19.23,247,7.24,4749.81,2961.53
2025-11-03,Air_Filter_D,17.65,274,6.68,4836.099999999999,3005.7799999999997
2025-11-04,Air_Filter_D,17.79,252,7.1,4483.08,2693.8799999999997
2025-11-05,Air_Filter_D,18.14,246,6.72,4462.4400000000005,2809.3200000000006
2025-11-06,Air_Filter_D,22.35,209,6.95,4671.150000000001,3218.6000000000004
2025-11-07,Air_Filter_D,22.56,198,7.34,4466.88,3013.56
2025-11-08,Air_Filter_D,21.44,216,7.3,4631.04,3054.2400000000002
2025-11-09,Air_Filter_D,18.53,248,6.82,4595.4400000000005,2904.0800000000004
2025-11-10,Air_Filter_D,19.71,235,6.95,4631.85,2998.6000000000004
2025-11-11,Air_Filter_D,21.5,201,7.25,4321.5,2864.25
2025-11-12,Air_Filter_D,21.65,218,7.3,4719.7,3128.2999999999997
2025-11-13,Air_Filter_D,20.22,212,6.95,4286.639999999999,2813.24
2025-11-14,Air_Filter_D,21.68,208,7.01,4509.44,3051.36
2025-11-15,Air_Filter_D,21.64,231,7.18,4998.84,3340.26
2025-11-16,Air_Filter_D,20.65,220,7.19,4543.0,2961.1999999999994
2025-11-17,Air_Filter_D,21.17,231,6.89,4890.27,3298.6800000000003
2025-11-18,Air_Filter_D,21.1,210,7.17,4431.0,2925.3
2025-11-19,Air_Filter_D,18.63,268,7.19,4992.84,3065.919999999999
2025-11-20,Air_Filter_D,20.21,238,7.06,4809.9800000000005,3129.7000000000007
2025-11-21,Air_Filter_D,17.55,254,7.13,4457.7,2646.6800000000003
2025-11-22,Air_Filter_D,19.3,221,6.72,4265.3,2780.1800000000003
2025-11-23,Air_Filter_D,22.2,232,6.94,5150.4,3540.3199999999997
2025-11-24,Air_Filter_D,20.84,224,6.89,4668.16,3124.7999999999997
2025-11-25,Air_Filter_D,22.73,194,7.13,4409.62,3026.4
2025-11-26,Air_Filter_D,21.5,211,7.15,4536.5,3027.85
2025-11-27,Air_Filter_D,18.7,240,6.92,4488.0,2827.2
2025-11-28,Air_Filter_D,22.15,183,7.03,4053.45,2766.9599999999996
2025-11-29,Air_Filter_D,17.62,267,7.05,4704.54,2822.19
2025-11-30,Air_Filter_D,21.7,203,7.1,4405.099999999999,2963.7999999999997
2025-12-01,Air_Filter_D,19.44,251,7.32,4879.4400000000005,3042.1200000000003
2025-12-02,Air_Filter_D,22.94,207,6.92,4748.58,3316.140000000001
2025-12-03,Air_Filter_D,17.3,300,7.04,5190.0,3078.0000000000005
2025-12-04,Air_Filter_D,21.32,241,7.04,5138.12,3441.4800000000005
2025-12-05,Air_Filter_D,22.06,215,6.93,4742.9,3252.95
2025-12-06,Air_Filter_D,19.8,265,7.23,5247.0,3331.05
2025-12-07,Air_Filter_D,22.3,207,7.18,4616.1,3129.84
2025-12-08,Air_Filter_D,20.57,244,6.69,5019.08,3386.72
2025-12-09,Air_Filter_D,22.2,219,7.22,4861.8,3280.62
2025-12-10,Air_Filter_D,22.72,197,6.8,4475.84,3136.24
2025-12-11,Air_Filter_D,17.35,288,7.31,4996.8,2891.520000000001
2025-12-12,Air_Filter_D,19.18,271,6.74,5197.78,3371.24
2025-12-13,Air_Filter_D,17.29,293,7.12,5065.969999999999,2979.8099999999995
2025-12-14,Air_Filter_D,18.6,248,6.88,4612.8,2906.5600000000004
2025-12-15,Air_Filter_D,17.66,265,6.93,4679.9,2843.4500000000003
2025-12-16,Air_Filter_D,21.7,233,7.04,5056.099999999999,3415.78
2025-12-17,Air_Filter_D,20.65,257,6.73,5307.049999999999,3577.4399999999996
2025-12-18,Air_Filter_D,18.17,249,6.82,4524.330000000001,2826.1500000000005
2025-12-19,Air_Filter_D,18.19,286,7.06,5202.34,3183.1800000000007
2025-12-20,Air_Filter_D,18.71,263,7.15,4920.7300000000005,3040.28
2025-12-21,Air_Filter_D,17.12,300,7.17,5136.0,2985.0000000000005
2025-12-22,Air_Filter_D,18.54,278,6.95,5154.12,3222.02
2025-12-23,Air_Filter_D,17.7,268,6.69,4743.599999999999,2950.6799999999994
2025-12-24,Air_Filter_D,20.88,234,6.88,4885.92,3276.0
2025-12-25,Air_Filter_D,17.85,264,6.69,4712.400000000001,2946.2400000000002
2025-12-26,Air_Filter_D,18.55,238,6.86,4414.900000000001,2782.2200000000003
2025-12-27,Air_Filter_D,18.06,283,7.28,5110.98,3050.7399999999993
2025-12-28,Air_Filter_D,18.95,264,7.29,5002.8,3078.2400000000002
2025-12-29,Air_Filter_D,18.66,262,7.27,4888.92,2984.1800000000003
2025-12-30,Air_Filter_D,22.02,223,7.05,4910.46,3338.31
2025-12-31,Air_Filter_D,19.62,244,6.75,4787.280000000001,3140.28
2026-01-01,Air_Filter_D,20.44,234,6.9,4782.96,3168.36
2026-01-02,Air_Filter_D,20.15,240,7.02,4836.0,3151.2
2026-01-03,Air_Filter_D,19.35,269,6.96,5205.150000000001,3332.9100000000003
2026-01-04,Air_Filter_D,17.66,310,7.25,5474.6,3227.1
2026-01-05,Air_Filter_D,17.32,301,6.79,5213.32,3169.53
2026-01-06,Air_Filter_D,20.87,276,7.07,5760.12,3808.8
2026-01-07,Air_Filter_D,17.28,273,6.81,4717.4400000000005,2858.310000000001
2026-01-08,Air_Filter_D,22.45,194,6.98,4355.3,3001.18
2026-01-09,Air_Filter_D,18.52,258,7.07,4778.16,2954.1
2026-01-10,Air_Filter_D,19.7,247,7.13,4865.9,3104.79
2026-01-11,Air_Filter_D,21.14,234,6.72,4946.76,3374.28
2026-01-12,Air_Filter_D,17.91,274,7.04,4907.34,2978.38
2026-01-13,Air_Filter_D,17.58,277,7.35,4869.66,2833.7099999999996
2026-01-14,Air_Filter_D,18.27,282,7.09,5152.14,3152.7599999999998
2026-01-15,Air_Filter_D,20.02,263,7.09,5265.26,3400.59
