Project1_Price_Elasticity/data/sales_data_mock.csv
Date,Part_ID,Price,Quantity,Cost,Revenue,Margin
2026-01-16,Air_Filter_D,18.45,283,7.29,5221.349999999999,3158.28
2026-01-17,Air_Filter_D,17.01,315,7.17,5358.150000000001,3099.6000000000004
2026-01-18,Air_Filter_D,19.17,257,6.91,4926.6900000000005,3150.8200000000006
2026-01-19,Air_Filter_D,17.44,301,7.01,5249.4400000000005,3139.4300000000003
2026-01-20,Air_Filter_D,19.58,262,7.28,5129.959999999999,3222.5999999999995
2026-01-21,Air_Filter_D,18.47,291,7.13,5374.7699999999995,3299.94
2026-01-22,Air_Filter_D,17.94,299,7.31,5364.06,3178.370000000001
2026-01-23,Air_Filter_D,18.35,251,6.77,4605.85,2906.5800000000004
2026-01-24,Air_Filter_D,19.29,260,6.77,5015.4,3255.2
2026-01-25,Air_Filter_D,18.29,261,6.96,4773.69,2957.1299999999997
2026-01-26,Air_Filter_D,17.65,302,6.76,5330.299999999999,3288.7799999999997
2026-01-27,Air_Filter_D,17.96,285,7.32,5118.6,3032.4
2026-01-28,Air_Filter_D,22.38,245,7.34,5483.099999999999,3684.7999999999997
2026-01-29,Air_Filter_D,20.92,248,6.69,5188.160000000001,3529.04
2026-01-30,Air_Filter_D,18.39,246,6.89,4523.9400000000005,2829.0
2026-01-31,Air_Filter_D,19.94,238,7.01,4745.72,3077.34
2026-02-01,Air_Filter_D,18.29,267,7.1,4883.429999999999,2987.73
2026-02-02,Air_Filter_D,22.58,239,7.27,5396.62,3659.0899999999997
2026-02-03,Air_Filter_D,22.11,206,7.05,4554.66,3102.3599999999997
2026-02-04,Air_Filter_D,17.19,309,6.69,5311.71,3244.5
2026-02-05,Air_Filter_D,21.77,227,7.08,4941.79,3334.63
2026-02-06,Air_Filter_D,21.56,249,7.28,5368.44,3555.7199999999993
2026-02-07,Air_Filter_D,22.27,275,6.68,6124.25,4287.25
2026-02-08,Air_Filter_D,21.09,261,6.91,5504.49,3700.98
2026-02-09,Air_Filter_D,20.44,278,6.74,5682.320000000001,3808.6000000000004
2026-02-10,Air_Filter_D,21.19,241,6.87,5106.79,3451.12
2026-02-11,Air_Filter_D,18.36,277,7.22,5085.72,3085.78
2026-02-12,Air_Filter_D,22.61,255,6.76,5765.55,4041.75
2026-02-13,Air_Filter_D,19.55,303,6.84,5923.650000000001,3851.13
2026-02-14,Air_Filter_D,22.22,272,6.89,6043.84,4169.759999999999
2026-02-15,Air_Filter_D,20.2,252,6.98,5090.4,3331.4399999999996
2026-02-16,Air_Filter_D,18.78,274,7.33,5145.72,3137.3
2026-02-17,Air_Filter_D,19.63,268,7.15,5260.84,3344.6399999999994
2026-02-18,Air_Filter_D,20.97,248,6.96,5200.5599999999995,3474.4799999999996
2026-02-19,Air_Filter_D,20.44,237,6.67,4844.280000000001,3263.4900000000002
2026-02-20,Air_Filter_D,20.69,252,6.82,5213.88,3495.2400000000002
2026-02-21,Air_Filter_D,22.77,227,7.3,5168.79,3511.6899999999996
2026-02-22,Air_Filter_D,19.56,301,6.93,5887.5599999999995,3801.6299999999997
2026-02-23,Air_Filter_D,20.7,298,7.14,6168.599999999999,4040.8799999999997
2026-02-24,Air_Filter_D,21.99,251,6.86,5519.49,3797.6299999999997
2026-02-25,Air_Filter_D,22.85,243,6.86,5552.55,3885.5700000000006
2026-02-26,Air_Filter_D,20.4,276,6.92,5630.4,3720.4799999999996
2026-02-27,Air_Filter_D,17.18,317,7.07,5446.0599999999995,3204.87
2026-02-28,Air_Filter_D,17.47,312,6.81,5450.639999999999,3325.92
2026-03-01,Air_Filter_D,21.51,247,6.77,5312.97,3640.7800000000007
2026-03-02,Air_Filter_D,19.35,296,7.0,5727.6,3655.6000000000004
2026-03-03,Air_Filter_D,17.37,284,6.69,4933.08,3033.12
2026-03-04,Air_Filter_D,20.68,279,6.84,5769.72,3861.36
2026-03-05,Air_Filter_D,19.67,285,7.14,5605.950000000001,3571.05
2026-03-06,Air_Filter_D,21.36,241,6.88,5147.76,3489.6800000000003
2026-03-07,Air_Filter_D,21.68,238,7.26,5159.84,3431.96
2026-03-08,Air_Filter_D,17.66,307,6.89,5421.62,3306.39
2026-03-09,Air_Filter_D,20.6,218,6.99,4490.8,2966.9800000000005
2026-03-10,Air_Filter_D,20.24,245,7.02,4958.799999999999,3238.8999999999996
2026-03-11,Air_Filter_D,19.85,270,6.67,5359.5,3558.6000000000004
2026-03-12,Air_Filter_D,22.53,209,7.01,4708.77,3243.6800000000003
2026-03-13,Air_Filter_D,17.45,316,7.31,5514.2,3204.2400000000002
2026-03-14,Air_Filter_D,19.81,301,7.25,5962.8099999999995,3780.5599999999995
2026-03-15,Air_Filter_D,21.14,264,6.71,5580.96,3809.52
2026-03-16,Air_Filter_D,18.93,277,7.04,5243.61,3293.53
2026-03-17,Air_Filter_D,17.11,315,6.98,5389.65,3190.95
2026-03-18,Air_Filter_D,19.9,274,7.04,5452.599999999999,3523.64
2026-03-19,Air_Filter_D,22.75,260,7.15,5915.0,4056.0
2026-03-20,Air_Filter_D,20.09,276,7.15,5544.84,3571.44
2026-03-21,Air_Filter_D,21.22,273,6.85,5793.0599999999995,3923.0099999999998
2026-03-22,Air_Filter_D,22.19,249,6.9,5525.31,3807.21
2026-03-23,Air_Filter_D,18.08,303,6.95,5478.24,3372.39
2026-03-24,Air_Filter_D,17.71,301,7.08,5330.71,3199.63
2026-03-25,Air_Filter_D,22.83,251,6.66,5730.33,4058.6699999999996
2026-03-26,Air_Filter_D,19.69,284,7.19,5591.96,3550.0
2026-03-27,Air_Filter_D,19.83,283,6.81,5611.889999999999,3684.66
2026-03-28,Air_Filter_D,17.32,314,7.15,5438.4800000000005,3193.38
2026-03-29,Air_Filter_D,22.66,225,6.76,5098.5,3577.5
2026-03-30,Air_Filter_D,18.75,310,7.11,5812.5,3608.4
2026-03-31,Air_Filter_D,17.34,311,6.66,5392.74,3321.48
2026-04-01,Air_Filter_D,17.33,354,7.11,6134.82,3617.8799999999997
2026-04-02,Air_Filter_D,20.87,257,7.05,5363.59,3551.7400000000002
2026-04-03,Air_Filter_D,18.47,291,7.21,5374.7699999999995,3276.6599999999994
2026-04-04,Air_Filter_D,21.34,241,6.99,5142.94,3458.35
2026-04-05,Air_Filter_D,19.83,288,6.84,5711.039999999999,3741.1199999999994
2026-04-06,Air_Filter_D,21.15,283,7.19,5985.45,3950.6799999999994
2026-04-07,Air_Filter_D,22.07,257,6.75,5671.99,3937.2400000000002
2026-04-08,Air_Filter_D,20.51,281,7.12,5763.31,3762.59
2026-04-09,Air_Filter_D,21.95,248,6.82,5443.599999999999,3752.24
2026-04-10,Air_Filter_D,19.51,262,6.71,5111.620000000001,3353.6000000000004
2026-04-11,Air_Filter_D,19.46,282,7.17,5487.72,3465.78
2026-04-12,Air_Filter_D,19.6,262,6.95,5135.200000000001,3314.3000000000006
2026-04-13,Air_Filter_D,22.29,272,6.91,6062.88,4183.36
2026-04-14,Air_Filter_D,20.45,271,7.18,5541.95,3596.17
2026-04-15,Air_Filter_D,21.13,251,6.69,5303.63,3624.4399999999996
2026-04-16,Air_Filter_D,17.63,323,6.77,5694.49,3507.7799999999997
2026-04-17,Air_Filter_D,21.99,225,6.86,4947.75,3404.25
2026-04-18,Air_Filter_D,21.11,268,6.89,5657.48,3810.9599999999996
2026-04-19,Air_Filter_D,17.89,319,6.78,5706.91,3544.0899999999997
2026-04-20,Air_Filter_D,21.17,240,7.13,5080.8,3369.600000000001
2026-04-21,Air_Filter_D,20.68,263,7.19,5438.84,3547.8699999999994
2026-04-22,Air_Filter_D,17.07,327,6.72,5581.89,3384.4500000000003
2026-04-23,Air_Filter_D,20.15,283,7.32,5702.45,3630.8899999999994
2026-04-24,Air_Filter_D,19.94,301,7.23,6001.9400000000005,3825.71
2026-04-25,Air_Filter_D,19.55,266,6.75,5200.3,3404.8
2026-04-26,Air_Filter_D,20.7,243,7.22,5030.099999999999,3275.6400000000003
2026-04-27,Air_Filter_D,22.29,256,6.97,5706.24,3921.92
2026-04-28,Air_Filter_D,20.77,276,7.03,5732.5199999999995,3792.24
2026-04-29,Air_Filter_D,18.88,314,6.78,5928.32,3799.399999999999
2026-04-30,Air_Filter_D,19.01,295,6.96,5607.950000000001,3554.75
2026-05-01,Air_Filter_D,20.91,260,6.88,5436.6,3647.8
2026-05-02,Air_Filter_D,21.49,237,6.82,5093.129999999999,3476.7899999999995
2026-05-03,Air_Filter_D,20.63,259,7.07,5343.17,3512.0399999999995
2026-05-04,Air_Filter_D,18.77,291,6.99,5462.07,3427.98
2026-05-05,Air_Filter_D,21.72,255,7.18,5538.599999999999,3707.7
2026-05-06,Air_Filter_D,18.06,311,6.71,5616.66,3529.8499999999995
2026-05-07,Air_Filter_D,19.16,302,7.14,5786.32,3630.04
2026-05-08,Air_Filter_D,22.89,251,6.85,5745.39,4026.04
2026-05-09,Air_Filter_D,20.98,282,6.9,5916.36,3970.56
2026-05-10,Air_Filter_D,22.31,256,6.89,5711.36,3947.5199999999995
2026-05-11,Air_Filter_D,22.32,248,7.3,5535.36,3724.96
2026-05-12,Air_Filter_D,18.52,278,7.22,5148.5599999999995,3141.4
2026-05-13,Air_Filter_D,22.27,248,7.02,5522.96,3782.0
2026-05-14,Air_Filter_D,19.31,293,7.33,5657.83,3510.1399999999994
2026-05-15,Air_Filter_D,22.33,265,7.34,5917.45,3972.3499999999995
2026-05-16,Air_Filter_D,20.87,260,6.98,5426.2,3611.4
2026-05-17,Air_Filter_D,19.13,297,7.35,5681.61,3498.66
2026-05-18,Air_Filter_D,21.33,275,6.96,5865.749999999999,3951.749999999999
2026-05-19,Air_Filter_D,19.33,296,6.75,5721.679999999999,3723.6799999999994
2026-05-20,Air_Filter_D,18.66,304,6.91,5672.64,3572.0
2026-05-21,Air_Filter_D,19.32,260,6.71,5023.2,3278.6
2026-05-22,Air_Filter_D,17.63,328,7.3,5782.639999999999,3388.2399999999993
2026-05-23,Air_Filter_D,20.03,245,6.94,4907.35,3207.05
2026-05-24,Air_Filter_D,17.4,287,6.73,4993.799999999999,3062.2899999999995
2026-05-25,Air_Filter_D,21.75,256,7.21,5568.0,3722.24
2026-05-26,Air_Filter_D,22.89,237,6.92,5424.93,3784.8900000000003
2026-05-27,Air_Filter_D,19.27,280,7.08,5395.599999999999,3413.2
2026-05-28,Air_Filter_D,17.77,283,6.97,5028.91,3056.4
2026-05-29,Air_Filter_D,21.29,250,6.84,5322.5,3612.5
2026-05-30,Air_Filter_D,19.57,306,7.17,5988.42,3794.4
2026-05-31,Air_Filter_D,19.17,257,7.04,4926.6900000000005,3117.4100000000008
2026-06-01,Air_Filter_D,22.15,196,6.74,4341.4,3020.3599999999997
2026-06-02,Air_Filter_D,19.5,275,7.19,5362.5,3385.2499999999995
2026-06-03,Air_Filter_D,18.88,282,7.03,5324.16,3341.6999999999994
2026-06-04,Air_Filter_D,20.55,279,7.33,5733.45,3688.38
2026-06-05,Air_Filter_D,21.93,256,7.28,5614.08,3750.3999999999996
2026-06-06,Air_Filter_D,21.25,247,7.06,5248.75,3504.9300000000003
2026-06-07,Air_Filter_D,22.98,231,7.19,5308.38,3647.49
2026-06-08,Air_Filter_D,20.21,254,7.28,5133.34,3284.22
2026-06-09,Air_Filter_D,19.66,287,7.06,5642.42,3616.2000000000003
2026-06-10,Air_Filter_D,18.51,253,7.19,4683.030000000001,2863.96
2026-06-11,Air_Filter_D,19.04,250,7.35,4760.0,2922.5
2026-06-12,Air_Filter_D,19.15,281,6.84,5381.15,3459.1099999999997
2026-06-13,Air_Filter_D,21.74,223,7.26,4848.0199999999995,3229.0399999999995
2026-06-14,Air_Filter_D,22.28,229,7.0,5102.12,3499.1200000000003
2026-06-15,Air_Filter_D,22.08,231,6.79,5100.48,3531.99
2026-06-16,Air_Filter_D,17.99,254,6.98,4569.46,2796.5399999999995
2026-06-17,Air_Filter_D,17.12,293,6.77,5016.16,3032.5500000000006
2026-06-18,Air_Filter_D,22.47,228,7.06,5123.16,3513.48
2026-06-19,Air_Filter_D,21.15,229,7.13,4843.349999999999,3210.58
2026-06-20,Air_Filter_D,18.22,276,7.03,5028.719999999999,3088.4399999999996
2026-06-21,Air_Filter_D,20.88,252,7.07,5261.759999999999,3480.12
2026-06-22,Air_Filter_D,22.5,212,6.84,4770.0,3319.92
2026-06-23,Air_Filter_D,19.48,254,6.97,4947.92,3177.5400000000004
2026-06-24,Air_Filter_D,22.38,217,6.91,4856.46,3356.99
2026-06-25,Air_Filter_D,18.65,275,6.7,5128.75,3286.25
2026-06-26,Air_Filter_D,18.49,287,6.66,5306.629999999999,3395.2099999999996
2026-06-27,Air_Filter_D,19.8,262,6.88,5187.6,3385.0400000000004
2026-06-28,Air_Filter_D,17.06,285,6.82,4862.099999999999,2918.3999999999996
2026-06-29,Air_Filter_D,19.13,259,6.77,4954.67,3201.24
2026-06-30,Air_Filter_D,21.14,213,7.17,4502.82,2975.61
2026-07-01,Air_Filter_D,21.26,229,7.24,4868.54,3210.5800000000004
2026-07-02,Air_Filter_D,18.43,283,6.82,5215.69,3285.6299999999997
2026-07-03,Air_Filter_D,17.77,303,7.0,5384.3099999999995,3263.31
2026-07-04,Air_Filter_D,17.12,277,6.96,4742.240000000001,2814.32
2026-07-05,Air_Filter_D,17.28,278,6.77,4803.84,2921.7800000000007
2026-07-06,Air_Filter_D,20.59,228,6.87,4694.5199999999995,3128.16
2026-07-07,Air_Filter_D,18.21,285,6.85,5189.85,3237.6000000000004
2026-07-08,Air_Filter_D,21.47,227,7.1,4873.69,3261.99
2026-07-09,Air_Filter_D,17.51,283,6.7,4955.330000000001,3059.2300000000005
2026-07-10,Air_Filter_D,20.76,217,7.23,4504.92,2936.01
2026-07-11,Air_Filter_D,21.17,204,7.12,4318.68,2866.2000000000003
2026-07-12,Air_Filter_D,19.96,268,6.69,5349.280000000001,3556.3599999999997
2026-07-13,Air_Filter_D,19.74,219,6.75,4323.0599999999995,2844.8099999999995
2026-07-14,Air_Filter_D,20.85,242,7.21,5045.700000000001,3300.88
2026-07-15,Air_Filter_D,18.44,257,6.91,4739.08,2963.2100000000005
2026-07-16,Air_Filter_D,18.69,283,6.86,5289.27,3347.8900000000003
2026-07-17,Air_Filter_D,20.44,238,7.26,4864.72,3136.84
2026-07-18,Air_Filter_D,22.06,243,6.81,5360.58,3705.75
2026-07-19,Air_Filter_D,20.93,242,6.8,5065.0599999999995,3419.4599999999996
2026-07-20,Air_Filter_D,18.46,252,7.18,4651.92,2842.5600000000004
2026-07-21,Air_Filter_D,22.68,214,6.9,4853.5199999999995,3376.92
2026-07-22,Air_Filter_D,17.67,269,6.96,4753.2300000000005,2880.9900000000002
2026-07-23,Air_Filter_D,19.06,273,6.96,5203.379999999999,3303.2999999999993
2026-07-24,Air_Filter_D,20.65,233,6.8,4811.45,3227.0499999999997
2026-07-25,Air_Filter_D,20.66,237,7.23,4896.42,3182.91
2026-07-26,Air_Filter_D,17.88,270,6.96,4827.599999999999,2948.3999999999996
2026-07-27,Air_Filter_D,20.52,238,6.89,4883.76,3243.9399999999996
2026-07-28,Air_Filter_D,20.62,222,6.99,4577.64,3025.86
2026-07-29,Air_Filter_D,17.79,282,6.74,5016.78,3116.1
2026-07-30,Air_Filter_D,22.44,237,6.99,5318.280000000001,3661.65
2026-07-31,Air_Filter_D,19.17,239,6.76,4581.63,2965.9900000000002
2026-08-01,Air_Filter_D,22.16,215,7.25,4764.4,3205.65
2026-08-02,Air_Filter_D,21.98,222,7.0,4879.56,3325.56
2026-08-03,Air_Filter_D,22.07,219,6.92,4833.33,3317.85
2026-08-04,Air_Filter_D,19.25,231,7.22,4446.75,2778.9300000000003
2026-08-05,Air_Filter_D,22.09,196,6.74,4329.64,3008.6
2026-08-06,Air_Filter_D,22.88,211,6.88,4827.679999999999,3376.0
2026-08-07,Air_Filter_D,21.83,214,6.89,4671.62,3197.1599999999994
2026-08-08,Air_Filter_D,22.2,216,7.32,4795.2,3214.08
2026-08-09,Air_Filter_D,19.82,249,6.81,4935.18,3239.4900000000002
2026-08-10,Air_Filter_D,21.13,203,7.2,4289.389999999999,2827.79
2026-08-11,Air_Filter_D,20.23,238,7.22,4814.74,3096.3800000000006
2026-08-12,Air_Filter_D,22.29,218,6.93,4859.22,3348.48
2026-08-13,Air_Filter_D,17.25,265,6.98,4571.25,2721.5499999999997
2026-08-14,Air_Filter_D,17.08,264,6.86,4509.12,2698.08
2026-08-15,Air_Filter_D,18.47,239,6.72,4414.33,2808.25
2026-08-16,Air_Filter_D,20.35,237,6.88,4822.950000000001,3192.390000000001
2026-08-17,Air_Filter_D,21.89,223,7.12,4881.47,3293.71
2026-08-18,Air_Filter_D,21.3,217,7.0,4622.1,3103.1000000000004
2026-08-19,Air_Filter_D,21.02,220,6.67,4624.4,3157.0
2026-08-20,Air_Filter_D,20.85,217,6.7,4524.450000000001,3070.5500000000006
2026-08-21,Air_Filter_D,18.85,263,6.66,4957.55,3205.9700000000003
2026-08-22,Air_Filter_D,20.45,228,7.04,4662.599999999999,3057.48
2026-08-23,Air_Filter_D,18.46,257,6.96,4744.22,2955.5
2026-08-24,Air_Filter_D,21.12,187,7.06,3949.44,2629.2200000000003
2026-08-25,Air_Filter_D,19.47,223,7.21,4341.8099999999995,2733.9799999999996
2026-08-26,Air_Filter_D,20.62,231,7.19,4763.22,3102.33
2026-08-27,Air_Filter_D,19.74,219,7.06,4323.0599999999995,2776.92
2026-08-28,Air_Filter_D,20.05,257,6.9,5152.85,3379.55
2026-08-29,Air_Filter_D,18.04,258,7.22,4654.32,2791.56
2026-08-30,Air_Filter_D,19.63,209,7.21,4102.67,2595.7799999999997
2026-08-31,Air_Filter_D,21.73,212,6.71,4606.76,3184.24
2026-09-01,Air_Filter_D,20.8,223,6.67,4638.400000000001,3150.9900000000002
2026-09-02,Air_Filter_D,21.84,199,6.94,4346.16,2965.1
2026-09-03,Air_Filter_D,18.39,230,6.89,4229.7,2645.0
2026-09-04,Air_Filter_D,17.32,264,7.09,4572.4800000000005,2700.7200000000003
2026-09-05,Air_Filter_D,20.35,216,6.85,4395.6,2916.0000000000005
2026-09-06,Air_Filter_D,18.01,265,7.05,4772.650000000001,2904.4
2026-09-07,Air_Filter_D,17.57,260,7.33,4568.2,2662.4
2026-09-08,Air_Filter_D,18.8,227,6.94,4267.6,2692.22
2026-09-09,Air_Filter_D,22.43,179,6.91,4014.97,2778.08
2026-09-10,Air_Filter_D,17.11,258,6.95,4414.38,2621.28
2026-09-11,Air_Filter_D,20.71,197,7.2,4079.8700000000003,2661.4700000000003
2026-09-12,Air_Filter_D,21.0,210,7.23,4410.0,2891.7
2026-09-13,Air_Filter_D,19.37,216,7.29,4183.92,2609.28
2026-09-14,Air_Filter_D,20.36,216,6.83,4397.76,2922.48
2026-09-15,Air_Filter_D,18.05,255,6.95,4602.75,2830.5000000000005
2026-09-16,Air_Filter_D,20.93,237,7.34,4960.41,3220.83
2026-09-17,Air_Filter_D,19.13,200,6.98,3826.0,2429.9999999999995
2026-09-18,Air_Filter_D,17.05,246,6.82,4194.3,2516.58
2026-09-19,Air_Filter_D,17.96,264,7.24,4741.4400000000005,2830.0800000000004
2026-09-20,Air_Filter_D,20.96,208,7.32,4359.68,2837.12
2026-09-21,Air_Filter_D,21.67,203,6.68,4399.01,3042.9700000000003
2026-09-22,Air_Filter_D,22.03,203,7.11,4472.09,3028.76
2026-09-23,Air_Filter_D,19.21,248,6.91,4764.08,3050.4
2026-09-24,Air_Filter_D,19.13,261,7.31,4992.929999999999,3085.02
2026-09-25,Air_Filter_D,19.79,249,6.72,4927.71,3254.4300000000003
2026-09-26,Air_Filter_D,19.12,205,6.88,3919.6000000000004,2509.2000000000003
2024-01-01,Shock_Absorber_E,112.95,57,58.75,6438.150000000001,3089.4
2024-01-02,Shock_Absorber_E,126.63,44,59.97,5571.719999999999,2933.04
2024-01-03,Shock_Absorber_E,115.99,49,59.14,5683.509999999999,2785.6499999999996
2024-01-04,Shock_Absorber_E,113.91,41,58.95,4670.3099999999995,2253.3599999999997
2024-01-05,Shock_Absorber_E,113.32,57,58.5,6459.24,3124.74
2024-01-06,Shock_Absorber_E,110.21,58,62.16,6392.179999999999,2786.8999999999996
2024-01-07,Shock_Absorber_E,112.25,58,58.67,6510.5,3107.64
2024-01-08,Shock_Absorber_E,113.55,49,60.55,5563.95,2597.0
2024-01-09,Shock_Absorber_E,121.07,44,62.38,5327.08,2582.3599999999997
2024-01-10,Shock_Absorber_E,121.75,53,58.35,6452.75,3360.2
2024-01-11,Shock_Absorber_E,130.61,43,59.96,5616.2300000000005,3037.9500000000003
2024-01-12,Shock_Absorber_E,135.7,44,57.58,5970.799999999999,3437.2799999999997
2024-01-13,Shock_Absorber_E,127.27,42,57.56,5345.34,2927.8199999999997
2024-01-14,Shock_Absorber_E,128.14,41,58.62,5253.74,2850.3199999999993
2024-01-15,Shock_Absorber_E,117.11,48,61.55,5621.28,2666.88
2024-01-16,Shock_Absorber_E,115.49,58,62.14,6698.42,3094.2999999999997
2024-01-17,Shock_Absorber_E,109.05,48,57.11,5234.4,2493.12
2024-01-18,Shock_Absorber_E,137.66,37,61.66,5093.42,2812.0
2024-01-19,Shock_Absorber_E,136.22,41,59.69,5585.0199999999995,3137.73
2024-01-20,Shock_Absorber_E,124.26,38,61.21,4721.88,2395.9
2024-01-21,Shock_Absorber_E,106.0,66,59.81,6996.0,3048.54
2024-01-22,Shock_Absorber_E,121.0,51,61.17,6171.0,3051.33
2024-01-23,Shock_Absorber_E,126.65,51,59.51,6459.150000000001,3424.140000000001
2024-01-24,Shock_Absorber_E,131.26,44,62.67,5775.44,3017.9599999999996
2024-01-25,Shock_Absorber_E,121.87,52,59.42,6337.24,3247.4
2024-01-26,Shock_Absorber_E,107.29,80,58.55,8583.2,3899.2000000000007
2024-01-27,Shock_Absorber_E,108.92,43,58.67,4683.56,2160.75
