Project1_Price_Elasticity/data/sales_data_mock.csv
Date,Part_ID,Price,Quantity,Cost,Revenue,Margin
2024-01-28,Shock_Absorber_E,131.02,49,58.26,6419.9800000000005,3565.240000000001
2024-01-29,Shock_Absorber_E,111.69,58,58.93,6478.0199999999995,3060.08
2024-01-30,Shock_Absorber_E,125.25,50,62.92,6262.5,3116.5
2024-01-31,Shock_Absorber_E,131.41,39,61.01,5124.99,2745.6000000000004
2024-02-01,Shock_Absorber_E,121.17,36,57.81,4362.12,2280.96
2024-02-02,Shock_Absorber_E,122.68,59,61.77,7238.120000000001,3593.69
2024-02-03,Shock_Absorber_E,110.36,74,60.26,8166.64,3707.4
2024-02-04,Shock_Absorber_E,103.21,73,62.26,7534.33,2989.35
2024-02-05,Shock_Absorber_E,108.54,77,59.41,8357.58,3783.0100000000007
2024-02-06,Shock_Absorber_E,117.27,69,57.68,8091.63,4111.71
2024-02-07,Shock_Absorber_E,114.47,55,59.71,6295.85,3011.7999999999997
2024-02-08,Shock_Absorber_E,105.07,72,61.5,7565.039999999999,3137.0399999999995
2024-02-09,Shock_Absorber_E,133.02,57,58.62,7582.14,4240.8
2024-02-10,Shock_Absorber_E,105.58,62,62.13,6545.96,2693.8999999999996
2024-02-11,Shock_Absorber_E,123.25,45,59.46,5546.25,2870.55
2024-02-12,Shock_Absorber_E,107.02,68,58.63,7277.36,3290.5199999999995
2024-02-13,Shock_Absorber_E,117.08,53,57.28,6205.24,3169.3999999999996
2024-02-14,Shock_Absorber_E,103.12,66,57.31,6805.92,3023.46
2024-02-15,Shock_Absorber_E,115.0,49,59.68,5635.0,2710.68
2024-02-16,Shock_Absorber_E,134.96,42,62.07,5668.320000000001,3061.3800000000006
2024-02-17,Shock_Absorber_E,133.9,45,57.15,6025.5,3453.75
2024-02-18,Shock_Absorber_E,110.6,52,58.72,5751.2,2697.7599999999998
2024-02-19,Shock_Absorber_E,137.68,44,60.08,6057.92,3414.4000000000005
2024-02-20,Shock_Absorber_E,110.06,65,60.48,7153.900000000001,3222.7000000000003
2024-02-21,Shock_Absorber_E,126.6,48,60.55,6076.799999999999,3170.3999999999996
2024-02-22,Shock_Absorber_E,107.71,78,57.18,8401.38,3941.3399999999997
2024-02-23,Shock_Absorber_E,130.07,36,60.25,4682.5199999999995,2513.5199999999995
2024-02-24,Shock_Absorber_E,137.05,33,57.15,4522.650000000001,2636.7000000000003
2024-02-25,Shock_Absorber_E,125.56,41,62.66,5147.96,2578.9
2024-02-26,Shock_Absorber_E,129.75,54,60.76,7006.5,3725.4600000000005
2024-02-27,Shock_Absorber_E,102.42,59,59.88,6042.78,2509.86
2024-02-28,Shock_Absorber_E,103.2,58,57.8,5985.6,2633.2000000000003
2024-02-29,Shock_Absorber_E,114.22,68,62.37,7766.96,3525.8
2024-03-01,Shock_Absorber_E,125.71,49,61.32,6159.79,3155.109999999999
2024-03-02,Shock_Absorber_E,119.52,53,60.55,6334.5599999999995,3125.41
2024-03-03,Shock_Absorber_E,114.93,61,59.35,7010.7300000000005,3390.38
2024-03-04,Shock_Absorber_E,108.01,58,61.42,6264.58,2702.2200000000003
2024-03-05,Shock_Absorber_E,113.38,61,57.89,6916.179999999999,3384.89
2024-03-06,Shock_Absorber_E,136.92,32,59.66,4381.44,2472.3199999999997
2024-03-07,Shock_Absorber_E,116.18,62,60.95,7203.160000000001,3424.26
2024-03-08,Shock_Absorber_E,121.6,50,61.17,6080.0,3021.4999999999995
2024-03-09,Shock_Absorber_E,115.69,56,60.2,6478.639999999999,3107.4399999999996
2024-03-10,Shock_Absorber_E,130.91,47,60.66,6152.7699999999995,3301.75
2024-03-11,Shock_Absorber_E,103.56,76,62.31,7870.56,3135.0
2024-03-12,Shock_Absorber_E,123.12,44,62.18,5417.280000000001,2681.36
2024-03-13,Shock_Absorber_E,106.62,57,60.47,6077.34,2630.55
2024-03-14,Shock_Absorber_E,121.19,50,61.02,6059.5,3008.4999999999995
2024-03-15,Shock_Absorber_E,125.94,44,57.91,5541.36,2993.32
2024-03-16,Shock_Absorber_E,105.16,88,58.83,9254.08,4077.04
2024-03-17,Shock_Absorber_E,104.91,69,61.17,7238.79,3018.0599999999995
2024-03-18,Shock_Absorber_E,136.67,41,60.04,5603.469999999999,3141.83
2024-03-19,Shock_Absorber_E,112.92,50,57.37,5646.0,2777.5
2024-03-20,Shock_Absorber_E,116.98,57,58.56,6667.860000000001,3329.94
2024-03-21,Shock_Absorber_E,115.53,57,61.71,6585.21,3067.7400000000002
2024-03-22,Shock_Absorber_E,107.41,75,61.08,8055.75,3474.75
2024-03-23,Shock_Absorber_E,111.54,87,61.62,9703.980000000001,4343.040000000001
2024-03-24,Shock_Absorber_E,135.41,37,59.59,5010.17,2805.3399999999997
2024-03-25,Shock_Absorber_E,132.31,50,60.94,6615.5,3568.5
2024-03-26,Shock_Absorber_E,126.8,59,61.57,7481.2,3848.5699999999993
2024-03-27,Shock_Absorber_E,129.4,45,57.89,5823.0,3217.9500000000003
2024-03-28,Shock_Absorber_E,122.88,54,60.62,6635.5199999999995,3362.04
2024-03-29,Shock_Absorber_E,105.19,64,61.41,6732.16,2801.92
2024-03-30,Shock_Absorber_E,102.87,84,60.11,8641.08,3591.8400000000006
2024-03-31,Shock_Absorber_E,129.56,39,57.81,5052.84,2798.25
2024-04-01,Shock_Absorber_E,134.63,35,59.47,4712.05,2630.6
2024-04-02,Shock_Absorber_E,118.7,53,57.91,6291.1,3221.8700000000003
2024-04-03,Shock_Absorber_E,132.6,48,59.47,6364.799999999999,3510.24
2024-04-04,Shock_Absorber_E,133.66,53,59.71,7083.98,3919.3499999999995
2024-04-05,Shock_Absorber_E,112.34,70,60.81,7863.8,3607.1
2024-04-06,Shock_Absorber_E,125.55,42,60.69,5273.099999999999,2724.12
2024-04-07,Shock_Absorber_E,104.86,78,62.15,8179.08,3331.38
2024-04-08,Shock_Absorber_E,107.11,65,61.49,6962.15,2965.2999999999997
2024-04-09,Shock_Absorber_E,126.99,49,58.28,6222.509999999999,3366.7899999999995
2024-04-10,Shock_Absorber_E,121.68,51,57.66,6205.68,3265.0200000000004
2024-04-11,Shock_Absorber_E,105.48,64,59.81,6750.72,2922.88
2024-04-12,Shock_Absorber_E,123.56,42,62.46,5189.52,2566.2000000000003
2024-04-13,Shock_Absorber_E,110.55,65,59.31,7185.75,3330.5999999999995
2024-04-14,Shock_Absorber_E,123.99,46,60.1,5703.54,2938.9399999999996
2024-04-15,Shock_Absorber_E,119.77,45,59.37,5389.65,2718.0
2024-04-16,Shock_Absorber_E,118.42,53,59.51,6276.26,3122.23
2024-04-17,Shock_Absorber_E,121.22,45,59.53,5454.9,2776.0499999999997
2024-04-18,Shock_Absorber_E,118.07,55,60.49,6493.849999999999,3166.8999999999996
2024-04-19,Shock_Absorber_E,116.75,53,60.63,6187.75,2974.3599999999997
2024-04-20,Shock_Absorber_E,106.18,90,62.33,9556.2,3946.500000000001
2024-04-21,Shock_Absorber_E,111.73,59,57.84,6592.070000000001,3179.51
2024-04-22,Shock_Absorber_E,134.74,48,62.22,6467.52,3480.9600000000005
2024-04-23,Shock_Absorber_E,120.41,54,62.19,6502.139999999999,3143.88
2024-04-24,Shock_Absorber_E,124.56,63,59.86,7847.28,4076.1000000000004
2024-04-25,Shock_Absorber_E,128.56,55,57.86,7070.8,3888.5
2024-04-26,Shock_Absorber_E,104.6,92,58.8,9623.199999999999,4213.599999999999
2024-04-27,Shock_Absorber_E,110.14,67,60.89,7379.38,3299.75
2024-04-28,Shock_Absorber_E,111.77,63,57.8,7041.509999999999,3400.11
2024-04-29,Shock_Absorber_E,130.4,56,62.46,7302.400000000001,3804.64
2024-04-30,Shock_Absorber_E,130.15,49,59.16,6377.35,3478.51
2024-05-01,Shock_Absorber_E,109.77,69,58.77,7574.13,3518.9999999999995
2024-05-02,Shock_Absorber_E,102.53,71,57.12,7279.63,3224.11
2024-05-03,Shock_Absorber_E,106.52,77,58.59,8202.039999999999,3690.609999999999
2024-05-04,Shock_Absorber_E,110.88,63,59.84,6985.44,3215.5199999999995
2024-05-05,Shock_Absorber_E,111.36,59,58.74,6570.24,3104.58
2024-05-06,Shock_Absorber_E,121.68,51,57.99,6205.68,3248.19
2024-05-07,Shock_Absorber_E,135.97,59,62.86,8022.23,4313.49
2024-05-08,Shock_Absorber_E,124.84,44,62.09,5492.96,2761.0
2024-05-09,Shock_Absorber_E,130.35,40,59.15,5214.0,2847.9999999999995
2024-05-10,Shock_Absorber_E,120.6,59,59.12,7115.4,3627.3199999999997
2024-05-11,Shock_Absorber_E,131.19,53,61.16,6953.07,3711.59
2024-05-12,Shock_Absorber_E,110.29,87,60.98,9595.230000000001,4289.970000000001
2024-05-13,Shock_Absorber_E,104.82,71,58.0,7442.219999999999,3324.2199999999993
2024-05-14,Shock_Absorber_E,127.72,47,61.17,6002.84,3127.85
2024-05-15,Shock_Absorber_E,130.3,50,57.15,6515.000000000001,3657.5000000000005
2024-05-16,Shock_Absorber_E,107.66,62,62.23,6674.92,2816.66
2024-05-17,Shock_Absorber_E,112.29,59,58.99,6625.110000000001,3144.7000000000003
2024-05-18,Shock_Absorber_E,106.08,66,61.23,7001.28,2960.1
2024-05-19,Shock_Absorber_E,125.35,44,62.79,5515.4,2752.64
2024-05-20,Shock_Absorber_E,127.24,51,57.09,6489.24,3577.6499999999996
2024-05-21,Shock_Absorber_E,111.31,60,57.05,6678.6,3255.6000000000004
2024-05-22,Shock_Absorber_E,126.22,49,60.7,6184.78,3210.48
2024-05-23,Shock_Absorber_E,127.4,46,60.9,5860.400000000001,3059.0
2024-05-24,Shock_Absorber_E,104.54,61,62.29,6376.9400000000005,2577.2500000000005
2024-05-25,Shock_Absorber_E,135.88,50,59.36,6794.0,3826.0
2024-05-26,Shock_Absorber_E,107.95,71,57.97,7664.45,3548.5800000000004
2024-05-27,Shock_Absorber_E,121.47,56,58.03,6802.32,3552.64
2024-05-28,Shock_Absorber_E,117.09,41,60.36,4800.6900000000005,2325.9300000000003
2024-05-29,Shock_Absorber_E,118.79,41,61.82,4870.39,2335.7700000000004
2024-05-30,Shock_Absorber_E,115.41,43,59.79,4962.63,2391.66
2024-05-31,Shock_Absorber_E,130.91,44,61.03,5760.04,3074.72
2024-06-01,Shock_Absorber_E,113.3,53,59.55,6004.9,2848.75
2024-06-02,Shock_Absorber_E,108.87,68,60.57,7403.16,3284.4
2024-06-03,Shock_Absorber_E,103.4,75,62.39,7755.0,3075.7500000000005
2024-06-04,Shock_Absorber_E,102.81,68,60.4,6991.08,2883.88
2024-06-05,Shock_Absorber_E,129.24,44,59.34,5686.56,3075.6000000000004
2024-06-06,Shock_Absorber_E,126.39,44,58.0,5561.16,3009.16
2024-06-07,Shock_Absorber_E,123.95,53,61.82,6569.35,3292.8900000000003
2024-06-08,Shock_Absorber_E,133.72,51,58.27,6819.72,3847.9499999999994
2024-06-09,Shock_Absorber_E,105.06,65,58.26,6828.900000000001,3042.0000000000005
2024-06-10,Shock_Absorber_E,109.58,70,59.06,7670.599999999999,3536.3999999999996
2024-06-11,Shock_Absorber_E,113.03,66,59.51,7459.9800000000005,3532.32
2024-06-12,Shock_Absorber_E,115.01,65,58.97,7475.650000000001,3642.6000000000004
2024-06-13,Shock_Absorber_E,108.67,57,58.1,6194.1900000000005,2882.4900000000002
2024-06-14,Shock_Absorber_E,109.86,72,58.58,7909.92,3692.16
2024-06-15,Shock_Absorber_E,118.85,52,57.93,6180.2,3167.8399999999997
2024-06-16,Shock_Absorber_E,103.81,67,57.96,6955.27,3071.9500000000003
2024-06-17,Shock_Absorber_E,126.39,47,59.32,5940.33,3152.2899999999995
2024-06-18,Shock_Absorber_E,112.14,79,61.3,8859.06,4016.36
2024-06-19,Shock_Absorber_E,107.42,64,59.83,6874.88,3045.76
2024-06-20,Shock_Absorber_E,113.3,61,58.14,6911.3,3364.7599999999998
2024-06-21,Shock_Absorber_E,114.38,61,62.59,6977.179999999999,3159.1899999999996
2024-06-22,Shock_Absorber_E,103.17,72,57.62,7428.24,3279.6000000000004
2024-06-23,Shock_Absorber_E,131.55,42,59.18,5525.1,3039.54
2024-06-24,Shock_Absorber_E,135.61,43,57.2,5831.2300000000005,3371.6300000000006
2024-06-25,Shock_Absorber_E,116.52,56,58.53,6525.12,3247.4399999999996
2024-06-26,Shock_Absorber_E,120.09,44,62.61,5283.96,2529.1200000000003
2024-06-27,Shock_Absorber_E,134.94,35,59.9,4722.9,2626.3999999999996
2024-06-28,Shock_Absorber_E,137.65,41,57.72,5643.650000000001,3277.13
2024-06-29,Shock_Absorber_E,125.82,48,58.4,6039.36,3236.1599999999994
2024-06-30,Shock_Absorber_E,123.18,48,61.26,5912.64,2972.1600000000003
2024-07-01,Shock_Absorber_E,105.01,58,57.31,6090.58,2766.6000000000004
2024-07-02,Shock_Absorber_E,103.25,65,58.16,6711.25,2930.8500000000004
2024-07-03,Shock_Absorber_E,126.17,40,62.96,5046.8,2528.4
2024-07-04,Shock_Absorber_E,130.06,36,58.52,4682.16,2575.4399999999996
2024-07-05,Shock_Absorber_E,126.92,39,61.48,4949.88,2552.16
2024-07-06,Shock_Absorber_E,112.65,58,60.0,6533.700000000001,3053.7000000000003
2024-07-07,Shock_Absorber_E,112.65,49,60.8,5519.85,2540.6500000000005
2024-07-08,Shock_Absorber_E,127.64,41,57.08,5233.24,2892.96
2024-07-09,Shock_Absorber_E,122.98,54,58.83,6640.92,3464.1000000000004
2024-07-10,Shock_Absorber_E,102.92,61,60.7,6278.12,2575.42
2024-07-11,Shock_Absorber_E,103.5,66,58.51,6831.0,2969.34
2024-07-12,Shock_Absorber_E,104.05,72,58.99,7491.599999999999,3244.3199999999997
2024-07-13,Shock_Absorber_E,106.15,74,59.32,7855.1,3465.4200000000005
2024-07-14,Shock_Absorber_E,107.86,66,57.35,7118.76,3333.66
2024-07-15,Shock_Absorber_E,104.9,80,60.52,8392.0,3550.4
2024-07-16,Shock_Absorber_E,126.2,44,62.7,5552.8,2794.0
2024-07-17,Shock_Absorber_E,130.79,42,60.79,5493.179999999999,2940.0
2024-07-18,Shock_Absorber_E,104.88,62,58.11,6502.5599999999995,2899.74
2024-07-19,Shock_Absorber_E,136.55,23,57.26,3140.65,1823.6700000000005
2024-07-20,Shock_Absorber_E,104.76,67,59.94,7018.92,3002.9400000000005
2024-07-21,Shock_Absorber_E,104.62,58,61.69,6067.96,2489.9400000000005
2024-07-22,Shock_Absorber_E,133.19,31,60.29,4128.89,2259.9
2024-07-23,Shock_Absorber_E,107.81,59,60.42,6360.79,2796.01
2024-07-24,Shock_Absorber_E,123.57,45,57.04,5560.65,2993.85
2024-07-25,Shock_Absorber_E,133.02,40,60.58,5320.8,2897.6000000000004
2024-07-26,Shock_Absorber_E,108.19,59,58.7,6383.21,2919.91
2024-07-27,Shock_Absorber_E,110.32,68,58.32,7501.759999999999,3535.9999999999995
2024-07-28,Shock_Absorber_E,116.17,42,61.38,4879.14,2301.18
2024-07-29,Shock_Absorber_E,132.46,37,57.37,4901.02,2778.33
2024-07-30,Shock_Absorber_E,125.25,44,58.87,5511.0,2920.72
2024-07-31,Shock_Absorber_E,133.43,31,61.3,4136.33,2236.03
2024-08-01,Shock_Absorber_E,126.16,47,62.28,5929.5199999999995,3002.3599999999997
2024-08-02,Shock_Absorber_E,117.86,59,60.05,6953.74,3410.79
2024-08-03,Shock_Absorber_E,123.46,56,57.33,6913.759999999999,3703.2799999999997
2024-08-04,Shock_Absorber_E,115.49,53,57.66,6120.969999999999,3064.99
2024-08-05,Shock_Absorber_E,119.4,42,62.95,5014.8,2370.9
2024-08-06,Shock_Absorber_E,122.0,41,59.26,5002.0,2572.34
2024-08-07,Shock_Absorber_E,134.74,31,60.27,4176.9400000000005,2308.57
2024-08-08,Shock_Absorber_E,121.6,38,58.01,4620.8,2416.42
2024-08-09,Shock_Absorber_E,108.45,55,57.85,5964.75,2783.0
2024-08-10,Shock_Absorber_E,114.81,42,61.89,4822.02,2222.64
2024-08-11,Shock_Absorber_E,114.35,55,61.14,6289.25,2926.5499999999997
2024-08-12,Shock_Absorber_E,136.77,30,60.28,4103.1,2294.7000000000003
2024-08-13,Shock_Absorber_E,118.74,42,62.52,4987.08,2361.24
2024-08-14,Shock_Absorber_E,124.44,48,62.07,5973.12,2993.7599999999998
2024-08-15,Shock_Absorber_E,136.82,34,62.39,4651.88,2530.62
2024-08-16,Shock_Absorber_E,128.33,42,60.89,5389.860000000001,2832.4800000000005
2024-08-17,Shock_Absorber_E,107.96,62,60.81,6693.5199999999995,2923.2999999999993
2024-08-18,Shock_Absorber_E,122.32,46,59.28,5626.719999999999,2899.8399999999997
2024-08-19,Shock_Absorber_E,117.7,51,58.66,6002.7,3011.0400000000004
2024-08-20,Shock_Absorber_E,137.01,36,58.42,4932.36,2829.24
2024-08-21,Shock_Absorber_E,132.38,33,57.24,4368.54,2479.6199999999994
2024-08-22,Shock_Absorber_E,129.28,35,62.55,4524.8,2335.55
2024-08-23,Shock_Absorber_E,126.59,53,57.76,6709.27,3647.9900000000007
2024-08-24,Shock_Absorber_E,124.2,26,59.81,3229.2000000000003,1674.14
2024-08-25,Shock_Absorber_E,106.81,73,62.65,7797.13,3223.6800000000003
2024-08-26,Shock_Absorber_E,125.14,40,59.61,5005.6,2621.2
2024-08-27,Shock_Absorber_E,123.0,53,60.59,6519.0,3307.73
2024-08-28,Shock_Absorber_E,118.45,46,62.8,5448.7,2559.9
2024-08-29,Shock_Absorber_E,132.88,34,57.77,4517.92,2553.7399999999993
2024-08-30,Shock_Absorber_E,112.15,45,57.13,5046.75,2475.9
2024-08-31,Shock_Absorber_E,120.32,44,62.75,5294.08,2533.08
2024-09-01,Shock_Absorber_E,114.06,52,57.04,5931.12,2965.04
2024-09-02,Shock_Absorber_E,108.09,56,58.36,6053.04,2784.88
2024-09-03,Shock_Absorber_E,131.16,33,60.03,4328.28,2347.29
2024-09-04,Shock_Absorber_E,110.78,48,62.37,5317.4400000000005,2323.6800000000003
2024-09-05,Shock_Absorber_E,137.1,33,60.46,4524.3,2529.1199999999994
2024-09-06,Shock_Absorber_E,106.82,75,58.19,8011.499999999999,3647.2499999999995
2024-09-07,Shock_Absorber_E,111.6,53,62.15,5914.799999999999,2620.85
2024-09-08,Shock_Absorber_E,126.95,44,62.49,5585.8,2836.2400000000002
2024-09-09,Shock_Absorber_E,120.15,42,59.78,5046.3,2535.54
2024-09-10,Shock_Absorber_E,125.0,31,58.76,3875.0,2053.4400000000005
2024-09-11,Shock_Absorber_E,106.05,41,57.81,4348.05,1977.8399999999997
2024-09-12,Shock_Absorber_E,127.08,43,57.77,5464.44,2980.33
2024-09-13,Shock_Absorber_E,114.96,49,61.1,5633.04,2639.1399999999994
2024-09-14,Shock_Absorber_E,117.17,42,58.15,4921.14,2478.84
2024-09-15,Shock_Absorber_E,123.16,50,57.29,6158.0,3293.5
2024-09-16,Shock_Absorber_E,126.34,43,57.63,5432.62,2954.53
2024-09-17,Shock_Absorber_E,110.47,53,58.27,5854.91,2766.6
2024-09-18,Shock_Absorber_E,112.61,48,58.51,5405.28,2596.8
2024-09-19,Shock_Absorber_E,105.77,56,57.85,5923.12,2683.5199999999995
2024-09-20,Shock_Absorber_E,134.08,37,62.95,4960.96,2631.8100000000004
2024-09-21,Shock_Absorber_E,135.87,29,61.42,3940.23,2159.05
2024-09-22,Shock_Absorber_E,123.46,33,62.46,4074.18,2012.9999999999998
2024-09-23,Shock_Absorber_E,114.32,48,62.92,5487.36,2467.2
2024-09-24,Shock_Absorber_E,115.02,48,59.59,5520.96,2660.6399999999994
2024-09-25,Shock_Absorber_E,132.66,45,61.57,5969.7,3199.05
2024-09-26,Shock_Absorber_E,116.96,42,61.02,4912.32,2349.4799999999996
2024-09-27,Shock_Absorber_E,134.93,33,60.2,4452.6900000000005,2466.09
2024-09-28,Shock_Absorber_E,137.44,37,60.51,5085.28,2846.4100000000003
2024-09-29,Shock_Absorber_E,110.6,48,58.41,5308.799999999999,2505.12
2024-09-30,Shock_Absorber_E,116.41,63,61.63,7333.83,3451.1399999999994
2024-10-01,Shock_Absorber_E,122.41,56,61.94,6854.96,3386.3199999999997
2024-10-02,Shock_Absorber_E,120.66,32,58.52,3861.12,1988.4799999999998
2024-10-03,Shock_Absorber_E,127.92,30,59.14,3837.6,2063.4
2024-10-04,Shock_Absorber_E,131.33,49,62.7,6435.170000000001,3362.8700000000003
2024-10-05,Shock_Absorber_E,105.85,52,58.83,5504.2,2445.04
2024-10-06,Shock_Absorber_E,127.53,45,60.38,5738.85,3021.7500000000005
2024-10-07,Shock_Absorber_E,137.15,32,60.27,4388.8,2460.16
2024-10-08,Shock_Absorber_E,121.43,32,57.61,3885.76,2042.2400000000002
2024-10-09,Shock_Absorber_E,103.81,45,57.19,4671.45,2097.9
2024-10-10,Shock_Absorber_E,103.96,69,60.16,7173.24,3022.2
2024-10-11,Shock_Absorber_E,130.18,50,57.94,6509.0,3612.0000000000005
2024-10-12,Shock_Absorber_E,116.43,45,61.82,5239.35,2457.4500000000003
2024-10-13,Shock_Absorber_E,121.95,36,62.06,4390.2,2156.04
2024-10-14,Shock_Absorber_E,114.15,51,60.98,5821.650000000001,2711.6700000000005
2024-10-15,Shock_Absorber_E,132.37,31,60.38,4103.47,2231.6900000000005
2024-10-16,Shock_Absorber_E,128.08,36,59.66,4610.88,2463.120000000001
2024-10-17,Shock_Absorber_E,125.32,42,59.16,5263.44,2778.72
2024-10-18,Shock_Absorber_E,125.43,48,57.44,6020.64,3263.5200000000004
