Project1_Price_Elasticity/data/sales_data_mock.csv
Date,Part_ID,Price,Quantity,Cost,Revenue,Margin
2024-10-19,Shock_Absorber_E,118.4,48,57.99,5683.200000000001,2899.6800000000003
2024-10-20,Shock_Absorber_E,122.06,49,60.39,5980.9400000000005,3021.83
2024-10-21,Shock_Absorber_E,113.85,46,62.64,5237.099999999999,2355.66
2024-10-22,Shock_Absorber_E,127.97,40,60.37,5118.8,2704.0
2024-10-23,Shock_Absorber_E,124.16,41,59.08,5090.5599999999995,2668.2799999999997
2024-10-24,Shock_Absorber_E,121.01,36,59.89,4356.360000000001,2200.32
2024-10-25,Shock_Absorber_E,119.08,53,62.49,6311.24,2999.27
2024-10-26,Shock_Absorber_E,102.89,71,62.05,7305.19,2899.6400000000003
2024-10-27,Shock_Absorber_E,114.03,51,57.05,5815.53,2905.98
2024-10-28,Shock_Absorber_E,122.24,53,61.24,6478.719999999999,3232.9999999999995
2024-10-29,Shock_Absorber_E,115.82,57,58.63,6601.74,3259.8299999999995
2024-10-30,Shock_Absorber_E,110.92,34,61.37,3771.28,1684.7
2024-10-31,Shock_Absorber_E,125.97,42,59.03,5290.74,2811.48
2024-11-01,Shock_Absorber_E,113.54,43,59.51,4882.22,2323.2900000000004
2024-11-02,Shock_Absorber_E,110.87,39,62.15,4323.93,1900.0800000000002
2024-11-03,Shock_Absorber_E,122.23,49,59.13,5989.27,3091.9
2024-11-04,Shock_Absorber_E,132.85,36,59.63,4782.599999999999,2635.92
2024-11-05,Shock_Absorber_E,135.98,48,57.68,6527.039999999999,3758.399999999999
2024-11-06,Shock_Absorber_E,107.91,52,62.43,5611.32,2364.96
2024-11-07,Shock_Absorber_E,120.11,42,62.25,5044.62,2430.12
2024-11-08,Shock_Absorber_E,117.6,55,59.56,6468.0,3192.1999999999994
2024-11-09,Shock_Absorber_E,109.75,63,58.28,6914.25,3242.61
2024-11-10,Shock_Absorber_E,134.74,31,59.69,4176.9400000000005,2326.55
2024-11-11,Shock_Absorber_E,121.16,41,58.08,4967.5599999999995,2586.2799999999997
2024-11-12,Shock_Absorber_E,135.96,47,59.15,6390.120000000001,3610.07
2024-11-13,Shock_Absorber_E,110.32,54,62.87,5957.28,2562.2999999999997
2024-11-14,Shock_Absorber_E,113.54,40,57.77,4541.6,2230.8
2024-11-15,Shock_Absorber_E,129.1,40,57.04,5164.0,2882.4
2024-11-16,Shock_Absorber_E,109.16,58,59.48,6331.28,2881.44
2024-11-17,Shock_Absorber_E,136.09,31,57.5,4218.79,2436.29
2024-11-18,Shock_Absorber_E,112.07,46,62.19,5155.219999999999,2294.4799999999996
2024-11-19,Shock_Absorber_E,111.54,53,60.98,5911.62,2679.6800000000003
2024-11-20,Shock_Absorber_E,130.9,49,60.12,6414.1,3468.2200000000003
2024-11-21,Shock_Absorber_E,122.04,50,61.59,6102.0,3022.5
2024-11-22,Shock_Absorber_E,110.52,66,58.21,7294.32,3452.4599999999996
2024-11-23,Shock_Absorber_E,126.93,43,57.73,5457.990000000001,2975.600000000001
2024-11-24,Shock_Absorber_E,126.09,34,58.59,4287.06,2295.0
2024-11-25,Shock_Absorber_E,128.28,40,61.2,5131.2,2683.2
2024-11-26,Shock_Absorber_E,110.21,69,59.28,7604.49,3514.1699999999996
2024-11-27,Shock_Absorber_E,115.79,58,58.02,6715.820000000001,3350.6600000000003
2024-11-28,Shock_Absorber_E,102.34,64,60.26,6549.76,2693.1200000000003
2024-11-29,Shock_Absorber_E,132.72,49,62.42,6503.28,3444.7
2024-11-30,Shock_Absorber_E,125.1,53,57.57,6630.299999999999,3579.09
2024-12-01,Shock_Absorber_E,107.79,59,60.84,6359.610000000001,2770.05
2024-12-02,Shock_Absorber_E,110.86,56,61.22,6208.16,2779.84
2024-12-03,Shock_Absorber_E,135.99,35,59.94,4759.650000000001,2661.7500000000005
2024-12-04,Shock_Absorber_E,127.36,42,62.1,5349.12,2740.9199999999996
2024-12-05,Shock_Absorber_E,117.52,51,58.95,5993.5199999999995,2987.0699999999997
2024-12-06,Shock_Absorber_E,115.09,46,62.82,5294.14,2404.42
2024-12-07,Shock_Absorber_E,118.89,46,58.86,5468.94,2761.38
2024-12-08,Shock_Absorber_E,114.23,58,58.54,6625.34,3230.0200000000004
2024-12-09,Shock_Absorber_E,115.44,50,60.9,5772.0,2727.0
2024-12-10,Shock_Absorber_E,117.15,69,61.84,8083.35,3816.3900000000003
2024-12-11,Shock_Absorber_E,116.94,47,62.58,5496.18,2554.92
2024-12-12,Shock_Absorber_E,125.06,40,57.72,5002.4,2693.6000000000004
2024-12-13,Shock_Absorber_E,136.04,36,59.79,4897.44,2745.0
2024-12-14,Shock_Absorber_E,107.33,67,58.01,7191.11,3304.44
2024-12-15,Shock_Absorber_E,106.23,57,58.06,6055.110000000001,2745.69
2024-12-16,Shock_Absorber_E,107.66,65,60.9,6997.9,3039.4
2024-12-17,Shock_Absorber_E,107.93,65,58.2,7015.450000000001,3232.4500000000003
2024-12-18,Shock_Absorber_E,114.87,48,61.16,5513.76,2578.0800000000004
2024-12-19,Shock_Absorber_E,105.37,70,58.87,7375.900000000001,3255.0000000000005
2024-12-20,Shock_Absorber_E,103.77,72,62.04,7471.44,3004.56
2024-12-21,Shock_Absorber_E,135.61,39,57.85,5288.790000000001,3032.640000000001
2024-12-22,Shock_Absorber_E,112.9,59,61.13,6661.1,3054.4300000000003
2024-12-23,Shock_Absorber_E,105.71,69,61.25,7293.99,3067.74
2024-12-24,Shock_Absorber_E,117.44,55,57.0,6459.2,3324.2
2024-12-25,Shock_Absorber_E,110.28,59,62.64,6506.52,2810.76
2024-12-26,Shock_Absorber_E,107.7,61,61.15,6569.7,2839.55
2024-12-27,Shock_Absorber_E,119.84,48,58.39,5752.32,2949.6000000000004
2024-12-28,Shock_Absorber_E,125.54,43,57.27,5398.22,2935.6100000000006
2024-12-29,Shock_Absorber_E,127.42,44,62.31,5606.4800000000005,2864.84
2024-12-30,Shock_Absorber_E,106.1,62,61.27,6578.2,2779.4599999999996
2024-12-31,Shock_Absorber_E,114.94,54,60.85,6206.76,2920.8599999999997
2025-01-01,Shock_Absorber_E,123.54,50,62.44,6177.0,3055.0000000000005
2025-01-02,Shock_Absorber_E,111.86,53,58.64,5928.58,2820.66
2025-01-03,Shock_Absorber_E,126.37,51,60.71,6444.87,3348.66
2025-01-04,Shock_Absorber_E,130.6,32,62.13,4179.2,2191.04
2025-01-05,Shock_Absorber_E,114.11,49,60.31,5591.39,2636.2
2025-01-06,Shock_Absorber_E,109.7,49,60.96,5375.3,2388.26
2025-01-07,Shock_Absorber_E,116.0,56,59.97,6496.0,3137.6800000000003
2025-01-08,Shock_Absorber_E,112.2,72,58.4,8078.400000000001,3873.6000000000004
2025-01-09,Shock_Absorber_E,121.23,57,62.66,6910.110000000001,3338.4900000000002
2025-01-10,Shock_Absorber_E,119.51,47,58.73,5616.97,2856.6600000000003
2025-01-11,Shock_Absorber_E,114.06,49,58.9,5588.9400000000005,2702.84
2025-01-12,Shock_Absorber_E,102.57,71,60.04,7282.469999999999,3019.6299999999997
2025-01-13,Shock_Absorber_E,130.69,45,60.29,5881.05,3168.0000000000005
2025-01-14,Shock_Absorber_E,116.86,63,62.89,7362.18,3400.11
2025-01-15,Shock_Absorber_E,116.33,51,62.08,5932.83,2766.75
2025-01-16,Shock_Absorber_E,103.45,61,59.03,6310.45,2709.62
2025-01-17,Shock_Absorber_E,104.34,77,62.42,8034.18,3227.84
2025-01-18,Shock_Absorber_E,136.85,42,57.3,5747.7,3341.1
2025-01-19,Shock_Absorber_E,124.26,38,59.62,4721.88,2456.3200000000006
2025-01-20,Shock_Absorber_E,123.42,37,57.54,4566.54,2437.56
2025-01-21,Shock_Absorber_E,120.35,49,62.88,5897.15,2816.0299999999997
2025-01-22,Shock_Absorber_E,113.11,48,60.53,5429.28,2523.84
2025-01-23,Shock_Absorber_E,126.25,37,59.65,4671.25,2464.2
2025-01-24,Shock_Absorber_E,133.44,46,60.9,6138.24,3336.8399999999997
2025-01-25,Shock_Absorber_E,108.69,65,58.9,7064.849999999999,3236.35
2025-01-26,Shock_Absorber_E,136.41,52,62.08,7093.32,3865.16
2025-01-27,Shock_Absorber_E,123.09,53,60.95,6523.77,3293.42
2025-01-28,Shock_Absorber_E,108.14,76,62.29,8218.64,3484.6
2025-01-29,Shock_Absorber_E,111.72,54,59.82,6032.88,2802.6
2025-01-30,Shock_Absorber_E,118.26,52,58.5,6149.52,3107.5200000000004
2025-01-31,Shock_Absorber_E,102.73,74,62.17,7602.02,3001.44
2025-02-01,Shock_Absorber_E,121.3,50,57.55,6065.0,3187.5
2025-02-02,Shock_Absorber_E,121.95,52,58.06,6341.400000000001,3322.28
2025-02-03,Shock_Absorber_E,113.36,46,58.13,5214.56,2540.58
2025-02-04,Shock_Absorber_E,128.79,46,61.34,5924.339999999999,3102.6999999999994
2025-02-05,Shock_Absorber_E,116.54,49,58.7,5710.46,2834.1600000000003
2025-02-06,Shock_Absorber_E,106.45,55,58.18,5854.75,2654.8500000000004
2025-02-07,Shock_Absorber_E,111.17,56,59.47,6225.52,2895.2000000000003
2025-02-08,Shock_Absorber_E,107.06,72,59.42,7708.32,3430.08
2025-02-09,Shock_Absorber_E,132.45,41,61.26,5430.45,2918.79
2025-02-10,Shock_Absorber_E,135.97,43,57.29,5846.71,3383.2400000000002
2025-02-11,Shock_Absorber_E,122.67,54,61.9,6624.18,3281.5800000000004
2025-02-12,Shock_Absorber_E,115.45,51,59.66,5887.95,2845.2900000000004
2025-02-13,Shock_Absorber_E,115.14,70,61.53,8059.8,3752.7
2025-02-14,Shock_Absorber_E,124.15,58,60.57,7200.700000000001,3687.6400000000003
2025-02-15,Shock_Absorber_E,133.09,56,62.18,7453.04,3970.96
2025-02-16,Shock_Absorber_E,118.22,59,61.42,6974.98,3351.2
2025-02-17,Shock_Absorber_E,102.41,79,62.66,8090.389999999999,3140.25
2025-02-18,Shock_Absorber_E,119.93,55,59.2,6596.150000000001,3340.15
2025-02-19,Shock_Absorber_E,137.89,39,61.26,5377.709999999999,2988.5699999999997
2025-02-20,Shock_Absorber_E,131.49,46,58.89,6048.540000000001,3339.6000000000004
2025-02-21,Shock_Absorber_E,117.22,57,61.44,6681.54,3179.46
2025-02-22,Shock_Absorber_E,119.56,59,62.23,7054.04,3382.4700000000003
2025-02-23,Shock_Absorber_E,113.73,60,62.92,6823.8,3048.6000000000004
2025-02-24,Shock_Absorber_E,129.96,47,58.94,6108.120000000001,3337.9400000000005
2025-02-25,Shock_Absorber_E,108.09,56,60.63,6053.04,2657.76
2025-02-26,Shock_Absorber_E,111.86,55,61.79,6152.3,2753.85
2025-02-27,Shock_Absorber_E,123.57,51,57.46,6302.07,3371.609999999999
2025-02-28,Shock_Absorber_E,121.16,48,62.56,5815.68,2812.7999999999997
2025-03-01,Shock_Absorber_E,119.73,67,59.7,8021.91,4022.01
2025-03-02,Shock_Absorber_E,131.19,29,58.68,3804.5099999999998,2102.79
2025-03-03,Shock_Absorber_E,132.47,49,61.92,6491.03,3456.95
2025-03-04,Shock_Absorber_E,111.09,69,59.11,7665.21,3586.6200000000003
2025-03-05,Shock_Absorber_E,129.18,40,61.86,5167.200000000001,2692.8
2025-03-06,Shock_Absorber_E,129.09,56,62.14,7229.04,3749.2000000000003
2025-03-07,Shock_Absorber_E,121.13,61,60.49,7388.929999999999,3699.0399999999995
2025-03-08,Shock_Absorber_E,134.85,38,60.29,5124.3,2833.28
2025-03-09,Shock_Absorber_E,109.16,66,61.03,7204.5599999999995,3176.58
2025-03-10,Shock_Absorber_E,117.57,65,58.13,7642.049999999999,3863.5999999999995
2025-03-11,Shock_Absorber_E,118.15,59,58.13,6970.85,3541.1800000000003
2025-03-12,Shock_Absorber_E,118.74,60,58.24,7124.4,3629.9999999999995
2025-03-13,Shock_Absorber_E,114.55,52,59.79,5956.599999999999,2847.52
2025-03-14,Shock_Absorber_E,104.73,77,58.13,8064.21,3588.2000000000003
2025-03-15,Shock_Absorber_E,115.07,69,59.65,7939.83,3823.9799999999996
2025-03-16,Shock_Absorber_E,128.4,51,61.96,6548.400000000001,3388.44
2025-03-17,Shock_Absorber_E,104.21,54,59.02,5627.339999999999,2440.2599999999993
2025-03-18,Shock_Absorber_E,128.6,46,59.25,5915.599999999999,3190.1
2025-03-19,Shock_Absorber_E,134.52,52,62.63,6995.040000000001,3738.2800000000007
2025-03-20,Shock_Absorber_E,112.3,63,57.79,7074.9,3434.1299999999997
2025-03-21,Shock_Absorber_E,122.17,47,57.24,5741.99,3051.7100000000005
2025-03-22,Shock_Absorber_E,120.3,62,59.7,7458.599999999999,3757.2
2025-03-23,Shock_Absorber_E,127.76,55,58.04,7026.8,3834.6
2025-03-24,Shock_Absorber_E,127.71,54,62.8,6896.339999999999,3505.14
2025-03-25,Shock_Absorber_E,132.67,49,61.13,6500.829999999999,3505.4599999999996
2025-03-26,Shock_Absorber_E,136.95,36,61.57,4930.2,2713.68
2025-03-27,Shock_Absorber_E,105.21,64,57.12,6733.44,3077.7599999999998
2025-03-28,Shock_Absorber_E,128.6,48,61.97,6172.799999999999,3198.24
2025-03-29,Shock_Absorber_E,116.74,69,62.97,8055.0599999999995,3710.1299999999997
2025-03-30,Shock_Absorber_E,133.07,44,60.36,5855.08,3199.24
2025-03-31,Shock_Absorber_E,123.57,40,59.23,4942.799999999999,2573.6000000000004
2025-04-01,Shock_Absorber_E,128.27,37,61.08,4745.990000000001,2486.0300000000007
2025-04-02,Shock_Absorber_E,103.06,73,62.22,7523.38,2981.32
2025-04-03,Shock_Absorber_E,112.42,57,58.62,6407.9400000000005,3066.6000000000004
2025-04-04,Shock_Absorber_E,119.7,57,57.66,6822.900000000001,3536.28
2025-04-05,Shock_Absorber_E,113.69,56,61.89,6366.639999999999,2900.7999999999997
2025-04-06,Shock_Absorber_E,103.16,78,61.56,8046.48,3244.7999999999997
2025-04-07,Shock_Absorber_E,134.17,40,57.6,5366.799999999999,3062.7999999999997
2025-04-08,Shock_Absorber_E,120.96,50,57.23,6048.0,3186.5
2025-04-09,Shock_Absorber_E,104.05,74,59.98,7699.7,3261.18
2025-04-10,Shock_Absorber_E,137.0,39,58.34,5343.0,3067.74
2025-04-11,Shock_Absorber_E,104.63,81,62.08,8475.029999999999,3446.5499999999997
2025-04-12,Shock_Absorber_E,132.89,43,58.44,5714.2699999999995,3201.3499999999995
2025-04-13,Shock_Absorber_E,120.68,45,58.45,5430.6,2800.3500000000004
2025-04-14,Shock_Absorber_E,124.69,46,62.33,5735.74,2868.56
2025-04-15,Shock_Absorber_E,137.14,39,60.42,5348.459999999999,2992.0799999999995
2025-04-16,Shock_Absorber_E,120.45,51,59.84,6142.95,3091.11
2025-04-17,Shock_Absorber_E,135.67,43,57.5,5833.8099999999995,3361.3099999999995
2025-04-18,Shock_Absorber_E,114.98,58,59.25,6668.84,3232.34
2025-04-19,Shock_Absorber_E,134.8,50,62.99,6740.000000000001,3590.5
2025-04-20,Shock_Absorber_E,119.69,65,60.48,7779.849999999999,3848.65
2025-04-21,Shock_Absorber_E,120.76,54,61.14,6521.04,3219.4800000000005
2025-04-22,Shock_Absorber_E,115.14,71,59.79,8174.94,3929.85
2025-04-23,Shock_Absorber_E,125.27,51,61.47,6388.7699999999995,3253.7999999999997
2025-04-24,Shock_Absorber_E,110.54,73,57.49,8069.42,3872.65
2025-04-25,Shock_Absorber_E,134.68,41,60.0,5521.88,3061.88
2025-04-26,Shock_Absorber_E,120.18,66,59.21,7931.88,4024.0200000000004
2025-04-27,Shock_Absorber_E,129.7,41,62.09,5317.7,2772.0099999999993
2025-04-28,Shock_Absorber_E,118.31,56,58.64,6625.360000000001,3341.52
2025-04-29,Shock_Absorber_E,122.97,39,57.18,4795.83,2565.8099999999995
2025-04-30,Shock_Absorber_E,112.67,53,59.41,5971.51,2822.78
2025-05-01,Shock_Absorber_E,135.43,44,62.07,5958.92,3227.8400000000006
2025-05-02,Shock_Absorber_E,129.96,49,58.52,6368.04,3500.56
2025-05-03,Shock_Absorber_E,121.32,59,59.09,7157.879999999999,3671.5699999999993
2025-05-04,Shock_Absorber_E,109.92,61,62.76,6705.12,2876.76
2025-05-05,Shock_Absorber_E,132.4,46,62.61,6090.400000000001,3210.34
2025-05-06,Shock_Absorber_E,102.5,81,60.68,8302.5,3387.42
2025-05-07,Shock_Absorber_E,136.84,41,59.22,5610.4400000000005,3182.42
2025-05-08,Shock_Absorber_E,102.4,67,58.39,6860.8,2948.6700000000005
2025-05-09,Shock_Absorber_E,110.09,56,61.66,6165.04,2712.0800000000004
2025-05-10,Shock_Absorber_E,114.21,64,59.45,7309.44,3504.6399999999994
2025-05-11,Shock_Absorber_E,136.53,42,61.24,5734.26,3162.18
2025-05-12,Shock_Absorber_E,114.64,68,62.65,7795.52,3535.32
2025-05-13,Shock_Absorber_E,119.79,44,60.04,5270.76,2629.0000000000005
2025-05-14,Shock_Absorber_E,106.64,78,62.33,8317.92,3456.1800000000003
2025-05-15,Shock_Absorber_E,105.09,95,61.52,9983.550000000001,4139.15
2025-05-16,Shock_Absorber_E,120.49,57,58.71,6867.929999999999,3521.4599999999996
2025-05-17,Shock_Absorber_E,123.92,48,59.49,5948.16,3092.6400000000003
2025-05-18,Shock_Absorber_E,129.01,40,59.52,5160.4,2779.5999999999995
2025-05-19,Shock_Absorber_E,114.22,63,62.57,7195.86,3253.95
2025-05-20,Shock_Absorber_E,107.38,68,58.17,7301.84,3346.2799999999997
2025-05-21,Shock_Absorber_E,103.36,76,60.69,7855.36,3242.92
2025-05-22,Shock_Absorber_E,126.34,45,61.05,5685.3,2938.05
2025-05-23,Shock_Absorber_E,111.83,67,62.67,7492.61,3293.72
2025-05-24,Shock_Absorber_E,137.58,37,62.62,5090.46,2773.5200000000004
2025-05-25,Shock_Absorber_E,112.81,61,58.64,6881.41,3304.37
2025-05-26,Shock_Absorber_E,128.33,55,59.17,7058.150000000001,3803.8000000000006
2025-05-27,Shock_Absorber_E,128.86,39,60.81,5025.540000000001,2653.9500000000003
2025-05-28,Shock_Absorber_E,129.61,59,61.63,7646.990000000001,4010.820000000001
2025-05-29,Shock_Absorber_E,111.08,57,61.57,6331.5599999999995,2822.0699999999997
2025-05-30,Shock_Absorber_E,126.17,51,60.84,6434.67,3331.83
2025-05-31,Shock_Absorber_E,129.96,39,59.3,5068.4400000000005,2755.7400000000002
2025-06-01,Shock_Absorber_E,127.29,61,59.64,7764.6900000000005,4126.650000000001
2025-06-02,Shock_Absorber_E,119.08,50,62.11,5954.0,2848.5
2025-06-03,Shock_Absorber_E,126.27,42,57.54,5303.34,2886.6599999999994
2025-06-04,Shock_Absorber_E,103.52,59,58.28,6107.679999999999,2669.16
2025-06-05,Shock_Absorber_E,114.82,73,60.47,8381.859999999999,3967.5499999999997
2025-06-06,Shock_Absorber_E,115.79,66,62.71,7642.14,3503.28
2025-06-07,Shock_Absorber_E,110.79,67,62.89,7422.93,3209.3
2025-06-08,Shock_Absorber_E,112.16,59,61.91,6617.44,2964.75
2025-06-09,Shock_Absorber_E,132.22,44,60.49,5817.68,3156.1199999999994
2025-06-10,Shock_Absorber_E,131.93,40,61.04,5277.200000000001,2835.6000000000004
2025-06-11,Shock_Absorber_E,119.43,50,62.17,5971.5,2863.0000000000005
2025-06-12,Shock_Absorber_E,106.8,70,62.15,7476.0,3125.5
2025-06-13,Shock_Absorber_E,129.4,44,58.76,5693.6,3108.1600000000008
2025-06-14,Shock_Absorber_E,114.22,53,60.59,6053.66,2842.39
2025-06-15,Shock_Absorber_E,136.97,29,57.76,3972.13,2297.09
2025-06-16,Shock_Absorber_E,131.24,46,60.39,6037.040000000001,3259.1000000000004
2025-06-17,Shock_Absorber_E,105.13,61,57.91,6412.929999999999,2880.42
2025-06-18,Shock_Absorber_E,114.1,52,61.78,5933.2,2720.6399999999994
2025-06-19,Shock_Absorber_E,102.9,77,57.22,7923.3,3517.3600000000006
2025-06-20,Shock_Absorber_E,113.51,54,60.74,6129.54,2849.5800000000004
2025-06-21,Shock_Absorber_E,136.21,36,62.99,4903.56,2635.92
2025-06-22,Shock_Absorber_E,121.23,43,58.42,5212.89,2700.83
2025-06-23,Shock_Absorber_E,106.75,64,59.07,6832.0,3051.52
2025-06-24,Shock_Absorber_E,106.36,75,60.43,7977.0,3444.75
2025-06-25,Shock_Absorber_E,113.6,55,62.91,6248.0,2787.95
2025-06-26,Shock_Absorber_E,122.35,43,60.8,5261.05,2646.65
2025-06-27,Shock_Absorber_E,127.73,49,62.22,6258.77,3209.9900000000002
2025-06-28,Shock_Absorber_E,137.81,29,57.31,3996.4900000000002,2334.5
2025-06-29,Shock_Absorber_E,114.23,70,57.25,7996.1,3988.6000000000004
2025-06-30,Shock_Absorber_E,112.37,63,57.72,7079.31,3442.9500000000003
2025-07-01,Shock_Absorber_E,124.86,55,58.3,6867.3,3660.8
2025-07-02,Shock_Absorber_E,104.34,64,61.54,6677.76,2739.2000000000003
2025-07-03,Shock_Absorber_E,118.77,45,60.39,5344.65,2627.1
2025-07-04,Shock_Absorber_E,121.77,39,61.17,4749.03,2363.3999999999996
2025-07-05,Shock_Absorber_E,115.94,56,62.16,6492.639999999999,3011.6800000000003
2025-07-06,Shock_Absorber_E,125.56,34,61.64,4269.04,2173.28
2025-07-07,Shock_Absorber_E,132.78,28,60.39,3717.84,2026.92
2025-07-08,Shock_Absorber_E,128.15,33,62.9,4228.95,2153.25
