Project1_Price_Elasticity/data/sales_data_mock.csv
Date,Part_ID,Price,Quantity,Cost,Revenue,Margin
2025-07-09,Shock_Absorber_E,135.5,37,62.86,5013.5,2687.68
2025-07-10,Shock_Absorber_E,104.68,60,60.4,6280.8,2656.8000000000006
2025-07-11,Shock_Absorber_E,129.32,38,58.12,4914.16,2705.5999999999995
2025-07-12,Shock_Absorber_E,126.13,44,58.64,5549.719999999999,2969.56
2025-07-13,Shock_Absorber_E,106.97,66,58.77,7060.0199999999995,3181.2
2025-07-14,Shock_Absorber_E,103.41,70,60.63,7238.7,2994.5999999999995
2025-07-15,Shock_Absorber_E,131.0,34,61.08,4454.0,2377.28
2025-07-16,Shock_Absorber_E,109.05,59,59.91,6433.95,2899.26
2025-07-17,Shock_Absorber_E,103.19,54,62.82,5572.26,2179.98
2025-07-18,Shock_Absorber_E,123.98,34,61.24,4215.32,2133.16
2025-07-19,Shock_Absorber_E,117.39,50,62.35,5869.5,2752.0
2025-07-20,Shock_Absorber_E,114.64,49,58.29,5617.36,2761.15
2025-07-21,Shock_Absorber_E,133.77,54,57.63,7223.580000000001,4111.56
2025-07-22,Shock_Absorber_E,111.1,52,58.27,5777.2,2747.1599999999994
2025-07-23,Shock_Absorber_E,115.32,58,61.29,6688.5599999999995,3133.74
2025-07-24,Shock_Absorber_E,131.79,37,57.94,4876.23,2732.45
2025-07-25,Shock_Absorber_E,130.12,40,59.8,5204.8,2812.8
2025-07-26,Shock_Absorber_E,106.36,56,61.69,5956.16,2501.52
2025-07-27,Shock_Absorber_E,127.4,46,58.98,5860.400000000001,3147.3200000000006
2025-07-28,Shock_Absorber_E,130.96,34,57.81,4452.64,2487.1000000000004
2025-07-29,Shock_Absorber_E,118.85,51,62.05,6061.349999999999,2896.7999999999997
2025-07-30,Shock_Absorber_E,104.83,61,58.31,6394.63,2837.72
2025-07-31,Shock_Absorber_E,130.03,35,62.41,4551.05,2366.7000000000003
2025-08-01,Shock_Absorber_E,129.24,48,58.58,6203.52,3391.6800000000003
2025-08-02,Shock_Absorber_E,133.18,47,57.21,6259.46,3570.59
2025-08-03,Shock_Absorber_E,119.64,26,60.23,3110.64,1544.66
2025-08-04,Shock_Absorber_E,112.26,53,58.4,5949.780000000001,2854.5800000000004
2025-08-05,Shock_Absorber_E,114.13,58,61.58,6619.54,3047.8999999999996
2025-08-06,Shock_Absorber_E,128.0,44,62.02,5632.0,2903.1199999999994
2025-08-07,Shock_Absorber_E,106.4,49,61.46,5213.6,2202.0600000000004
2025-08-08,Shock_Absorber_E,111.31,54,60.53,6010.74,2742.12
2025-08-09,Shock_Absorber_E,125.64,50,62.25,6282.0,3169.5
2025-08-10,Shock_Absorber_E,118.84,46,62.55,5466.64,2589.34
2025-08-11,Shock_Absorber_E,131.66,38,59.61,5003.08,2737.9
2025-08-12,Shock_Absorber_E,130.52,56,60.08,7309.120000000001,3944.640000000001
2025-08-13,Shock_Absorber_E,135.08,35,58.62,4727.8,2676.1000000000004
2025-08-14,Shock_Absorber_E,130.81,41,58.3,5363.21,2972.9100000000003
2025-08-15,Shock_Absorber_E,121.67,39,61.82,4745.13,2334.15
2025-08-16,Shock_Absorber_E,133.1,39,61.88,5190.9,2777.58
2025-08-17,Shock_Absorber_E,117.43,45,60.12,5284.35,2578.9500000000003
2025-08-18,Shock_Absorber_E,111.55,49,58.3,5465.95,2609.25
2025-08-19,Shock_Absorber_E,117.34,53,58.43,6219.02,3122.23
2025-08-20,Shock_Absorber_E,136.02,36,57.66,4896.72,2820.9600000000005
2025-08-21,Shock_Absorber_E,136.52,38,60.24,5187.76,2898.64
2025-08-22,Shock_Absorber_E,124.84,50,60.85,6242.0,3199.5
2025-08-23,Shock_Absorber_E,109.0,58,60.36,6322.0,2821.12
2025-08-24,Shock_Absorber_E,110.18,52,59.14,5729.360000000001,2654.0800000000004
2025-08-25,Shock_Absorber_E,105.29,58,60.13,6106.820000000001,2619.28
2025-08-26,Shock_Absorber_E,125.54,38,57.55,4770.52,2583.6200000000003
2025-08-27,Shock_Absorber_E,121.57,34,57.31,4133.38,2184.8399999999997
2025-08-28,Shock_Absorber_E,106.02,51,62.09,5407.0199999999995,2240.43
2025-08-29,Shock_Absorber_E,120.16,57,62.04,6849.12,3312.8399999999997
2025-08-30,Shock_Absorber_E,116.83,53,58.62,6191.99,3085.13
2025-08-31,Shock_Absorber_E,114.1,43,59.9,4906.3,2330.6
2025-09-01,Shock_Absorber_E,102.77,72,58.96,7399.44,3154.3199999999997
2025-09-02,Shock_Absorber_E,121.17,35,57.01,4240.95,2245.6
2025-09-03,Shock_Absorber_E,108.72,58,57.62,6305.76,2963.8
2025-09-04,Shock_Absorber_E,120.36,54,61.46,6499.44,3180.6
2025-09-05,Shock_Absorber_E,133.24,39,61.35,5196.360000000001,2803.7100000000005
2025-09-06,Shock_Absorber_E,118.48,48,62.82,5687.04,2671.6800000000003
2025-09-07,Shock_Absorber_E,103.98,52,59.89,5406.96,2292.6800000000003
2025-09-08,Shock_Absorber_E,133.64,31,61.14,4142.839999999999,2247.4999999999995
2025-09-09,Shock_Absorber_E,115.61,54,62.33,6242.94,2877.12
2025-09-10,Shock_Absorber_E,125.68,43,62.06,5404.240000000001,2735.6600000000003
2025-09-11,Shock_Absorber_E,121.12,48,59.63,5813.76,2951.52
2025-09-12,Shock_Absorber_E,121.86,50,60.56,6093.0,3065.0
2025-09-13,Shock_Absorber_E,131.92,33,57.5,4353.36,2455.8599999999997
2025-09-14,Shock_Absorber_E,122.97,44,57.61,5410.68,2875.84
2025-09-15,Shock_Absorber_E,110.16,53,62.1,5838.48,2547.18
2025-09-16,Shock_Absorber_E,110.46,52,62.28,5743.92,2505.3599999999997
2025-09-17,Shock_Absorber_E,122.06,53,57.8,6469.18,3405.78
2025-09-18,Shock_Absorber_E,125.81,49,59.7,6164.6900000000005,3239.39
2025-09-19,Shock_Absorber_E,123.26,41,57.42,5053.66,2699.44
2025-09-20,Shock_Absorber_E,118.31,54,60.07,6388.74,3144.96
2025-09-21,Shock_Absorber_E,136.06,39,60.0,5306.34,2966.34
2025-09-22,Shock_Absorber_E,118.72,51,58.32,6054.72,3080.4
2025-09-23,Shock_Absorber_E,105.42,62,58.28,6536.04,2922.68
2025-09-24,Shock_Absorber_E,129.32,32,61.89,4138.24,2157.7599999999998
2025-09-25,Shock_Absorber_E,133.55,38,61.85,5074.900000000001,2724.600000000001
2025-09-26,Shock_Absorber_E,108.32,53,58.45,5740.96,2643.1099999999997
2025-09-27,Shock_Absorber_E,117.35,38,59.74,4459.3,2189.18
2025-09-28,Shock_Absorber_E,128.06,43,58.54,5506.58,2989.3600000000006
2025-09-29,Shock_Absorber_E,111.13,65,57.08,7223.45,3513.25
2025-09-30,Shock_Absorber_E,135.19,30,57.84,4055.7,2320.5
2025-10-01,Shock_Absorber_E,104.53,51,61.58,5331.03,2190.4500000000003
2025-10-02,Shock_Absorber_E,125.28,38,60.46,4760.64,2463.16
2025-10-03,Shock_Absorber_E,111.31,50,58.7,5565.5,2630.5
2025-10-04,Shock_Absorber_E,130.45,48,60.58,6261.599999999999,3353.7599999999993
2025-10-05,Shock_Absorber_E,133.97,31,61.61,4153.07,2243.16
2025-10-06,Shock_Absorber_E,110.05,62,61.94,6823.099999999999,2982.82
2025-10-07,Shock_Absorber_E,113.74,51,61.8,5800.74,2648.94
2025-10-08,Shock_Absorber_E,126.8,50,61.41,6340.0,3269.5
2025-10-09,Shock_Absorber_E,137.49,32,59.14,4399.68,2507.2000000000003
2025-10-10,Shock_Absorber_E,114.58,54,59.82,6187.32,2957.04
2025-10-11,Shock_Absorber_E,105.86,46,57.42,4869.56,2228.24
2025-10-12,Shock_Absorber_E,133.51,34,59.6,4539.34,2512.94
2025-10-13,Shock_Absorber_E,131.28,40,62.19,5251.2,2763.6000000000004
2025-10-14,Shock_Absorber_E,120.64,34,61.23,4101.76,2019.94
2025-10-15,Shock_Absorber_E,131.42,48,62.7,6308.16,3298.5599999999995
2025-10-16,Shock_Absorber_E,108.73,55,60.41,5980.150000000001,2657.6000000000004
2025-10-17,Shock_Absorber_E,131.29,42,60.9,5514.179999999999,2956.379999999999
2025-10-18,Shock_Absorber_E,133.61,26,57.13,3473.8600000000006,1988.4800000000005
2025-10-19,Shock_Absorber_E,107.15,39,59.54,4178.85,1856.7900000000002
2025-10-20,Shock_Absorber_E,104.72,64,60.14,6702.08,2853.12
2025-10-21,Shock_Absorber_E,105.15,62,60.16,6519.3,2789.3800000000006
2025-10-22,Shock_Absorber_E,124.07,45,60.73,5583.15,2850.2999999999997
2025-10-23,Shock_Absorber_E,125.59,38,59.55,4772.42,2509.5200000000004
2025-10-24,Shock_Absorber_E,128.65,45,57.24,5789.25,3213.45
2025-10-25,Shock_Absorber_E,102.49,60,59.43,6149.4,2583.6
2025-10-26,Shock_Absorber_E,103.79,61,59.81,6331.1900000000005,2682.78
2025-10-27,Shock_Absorber_E,133.57,31,59.09,4140.67,2308.8799999999997
2025-10-28,Shock_Absorber_E,117.0,45,60.6,5265.0,2538.0
2025-10-29,Shock_Absorber_E,118.24,57,59.47,6739.679999999999,3349.89
2025-10-30,Shock_Absorber_E,128.42,41,62.01,5265.219999999999,2722.81
2025-10-31,Shock_Absorber_E,111.07,51,59.96,5664.57,2606.6099999999997
2025-11-01,Shock_Absorber_E,111.84,51,60.83,5703.84,2601.51
2025-11-02,Shock_Absorber_E,126.41,45,62.91,5688.45,2857.5
2025-11-03,Shock_Absorber_E,108.68,62,62.24,6738.160000000001,2879.28
2025-11-04,Shock_Absorber_E,137.8,36,60.04,4960.8,2799.3600000000006
2025-11-05,Shock_Absorber_E,114.76,45,62.12,5164.2,2368.8
2025-11-06,Shock_Absorber_E,106.08,57,60.31,6046.5599999999995,2608.89
2025-11-07,Shock_Absorber_E,109.18,65,60.09,7096.700000000001,3190.8500000000004
2025-11-08,Shock_Absorber_E,118.4,44,61.04,5209.6,2523.84
2025-11-09,Shock_Absorber_E,123.24,43,59.18,5299.32,2754.58
2025-11-10,Shock_Absorber_E,127.26,40,61.56,5090.400000000001,2628.0
2025-11-11,Shock_Absorber_E,120.15,50,62.05,6007.5,2905.0000000000005
2025-11-12,Shock_Absorber_E,126.7,35,59.8,4434.5,2341.5
2025-11-13,Shock_Absorber_E,106.94,50,58.23,5347.0,2435.5
2025-11-14,Shock_Absorber_E,128.59,50,60.21,6429.5,3419.0
2025-11-15,Shock_Absorber_E,119.47,40,59.07,4778.8,2416.0
2025-11-16,Shock_Absorber_E,133.59,28,61.66,3740.52,2014.0400000000002
2025-11-17,Shock_Absorber_E,137.66,33,59.72,4542.78,2572.02
2025-11-18,Shock_Absorber_E,122.26,34,58.32,4156.84,2173.96
2025-11-19,Shock_Absorber_E,105.6,71,60.93,7497.599999999999,3171.5699999999997
2025-11-20,Shock_Absorber_E,107.16,57,59.97,6108.12,2689.83
2025-11-21,Shock_Absorber_E,103.05,66,62.67,6801.3,2665.08
2025-11-22,Shock_Absorber_E,131.07,31,59.06,4063.1699999999996,2232.3099999999995
2025-11-23,Shock_Absorber_E,122.99,36,61.47,4427.639999999999,2214.72
2025-11-24,Shock_Absorber_E,111.6,44,58.64,4910.4,2330.24
2025-11-25,Shock_Absorber_E,110.91,57,59.0,6321.87,2958.87
2025-11-26,Shock_Absorber_E,113.76,48,57.47,5460.4800000000005,2701.92
2025-11-27,Shock_Absorber_E,131.45,50,60.26,6572.499999999999,3559.5
2025-11-28,Shock_Absorber_E,132.99,29,59.44,3856.71,2132.9500000000003
2025-11-29,Shock_Absorber_E,117.79,50,62.73,5889.5,2753.0000000000005
2025-11-30,Shock_Absorber_E,126.08,50,59.8,6304.0,3314.0
2025-12-01,Shock_Absorber_E,135.7,36,61.45,4885.2,2672.9999999999995
2025-12-02,Shock_Absorber_E,125.54,32,62.59,4017.28,2014.4
2025-12-03,Shock_Absorber_E,125.19,44,62.62,5508.36,2753.08
2025-12-04,Shock_Absorber_E,110.2,59,59.93,6501.8,2965.9300000000003
2025-12-05,Shock_Absorber_E,108.72,61,59.93,6631.92,2976.19
2025-12-06,Shock_Absorber_E,112.49,53,61.81,5961.969999999999,2686.0399999999995
2025-12-07,Shock_Absorber_E,107.45,58,59.13,6232.1,2802.56
2025-12-08,Shock_Absorber_E,130.71,33,60.58,4313.43,2314.2900000000004
2025-12-09,Shock_Absorber_E,115.28,48,60.83,5533.4400000000005,2613.6000000000004
2025-12-10,Shock_Absorber_E,124.11,50,61.89,6205.5,3111.0
2025-12-11,Shock_Absorber_E,125.86,41,58.12,5160.26,2777.34
2025-12-12,Shock_Absorber_E,130.71,45,60.09,5881.950000000001,3177.9
2025-12-13,Shock_Absorber_E,125.17,39,61.85,4881.63,2469.48
2025-12-14,Shock_Absorber_E,107.55,59,60.42,6345.45,2780.6699999999996
2025-12-15,Shock_Absorber_E,106.0,65,60.96,6890.0,2927.6
2025-12-16,Shock_Absorber_E,122.29,52,59.12,6359.08,3284.8400000000006
2025-12-17,Shock_Absorber_E,117.42,55,57.16,6458.1,3314.3
2025-12-18,Shock_Absorber_E,129.87,36,58.51,4675.32,2568.9600000000005
2025-12-19,Shock_Absorber_E,134.93,35,57.06,4722.55,2725.4500000000003
2025-12-20,Shock_Absorber_E,124.39,46,57.72,5721.94,3066.82
2025-12-21,Shock_Absorber_E,116.46,39,57.43,4541.94,2302.1699999999996
2025-12-22,Shock_Absorber_E,116.53,56,61.68,6525.68,3071.6
2025-12-23,Shock_Absorber_E,106.9,54,60.69,5772.6,2495.3400000000006
2025-12-24,Shock_Absorber_E,114.3,53,61.87,6057.9,2778.79
2025-12-25,Shock_Absorber_E,123.9,51,61.08,6318.900000000001,3203.82
2025-12-26,Shock_Absorber_E,118.29,52,59.97,6151.08,3032.6400000000003
2025-12-27,Shock_Absorber_E,110.3,54,59.75,5956.2,2729.7
2025-12-28,Shock_Absorber_E,108.04,54,60.02,5834.160000000001,2593.0800000000004
2025-12-29,Shock_Absorber_E,103.48,52,58.4,5380.96,2344.1600000000003
2025-12-30,Shock_Absorber_E,131.6,53,59.54,6974.799999999999,3819.1800000000003
2025-12-31,Shock_Absorber_E,111.34,59,61.07,6569.06,2965.9300000000003
2026-01-01,Shock_Absorber_E,121.62,48,61.31,5837.76,2894.88
2026-01-02,Shock_Absorber_E,123.91,45,60.43,5575.95,2856.6
2026-01-03,Shock_Absorber_E,131.12,42,61.47,5507.04,2925.3
2026-01-04,Shock_Absorber_E,114.96,46,61.59,5288.16,2455.0199999999995
2026-01-05,Shock_Absorber_E,105.34,49,60.43,5161.66,2200.59
2026-01-06,Shock_Absorber_E,126.84,43,62.88,5454.12,2750.28
2026-01-07,Shock_Absorber_E,114.16,52,58.4,5936.32,2899.52
2026-01-08,Shock_Absorber_E,117.54,42,58.15,4936.68,2494.38
2026-01-09,Shock_Absorber_E,123.91,45,62.01,5575.95,2785.5
2026-01-10,Shock_Absorber_E,113.24,69,60.87,7813.5599999999995,3613.5299999999997
2026-01-11,Shock_Absorber_E,119.92,49,60.87,5876.08,2893.4500000000003
2026-01-12,Shock_Absorber_E,105.92,81,61.41,8579.52,3605.3100000000004
2026-01-13,Shock_Absorber_E,128.52,34,61.32,4369.68,2284.8000000000006
2026-01-14,Shock_Absorber_E,112.5,65,59.78,7312.5,3426.7999999999997
2026-01-15,Shock_Absorber_E,115.89,51,60.55,5910.39,2822.34
2026-01-16,Shock_Absorber_E,136.52,34,57.04,4641.68,2702.3200000000006
2026-01-17,Shock_Absorber_E,114.42,57,57.1,6521.9400000000005,3267.2400000000002
2026-01-18,Shock_Absorber_E,102.61,68,58.53,6977.48,2997.44
2026-01-19,Shock_Absorber_E,133.43,36,61.03,4803.4800000000005,2606.4
2026-01-20,Shock_Absorber_E,110.59,53,62.4,5861.27,2554.07
2026-01-21,Shock_Absorber_E,111.7,62,60.58,6925.400000000001,3169.4400000000005
2026-01-22,Shock_Absorber_E,131.76,41,57.95,5402.16,3026.2099999999996
2026-01-23,Shock_Absorber_E,128.26,40,60.4,5130.4,2714.3999999999996
2026-01-24,Shock_Absorber_E,116.22,51,59.6,5927.22,2887.62
2026-01-25,Shock_Absorber_E,124.51,48,60.28,5976.4800000000005,3083.04
2026-01-26,Shock_Absorber_E,116.74,59,59.3,6887.66,3388.96
2026-01-27,Shock_Absorber_E,136.08,37,60.2,5034.96,2807.5600000000004
2026-01-28,Shock_Absorber_E,128.31,54,60.03,6928.74,3687.12
2026-01-29,Shock_Absorber_E,108.49,67,61.64,7268.83,3138.95
2026-01-30,Shock_Absorber_E,108.55,60,62.7,6513.0,2750.9999999999995
2026-01-31,Shock_Absorber_E,131.77,32,61.94,4216.64,2234.5600000000004
2026-02-01,Shock_Absorber_E,110.26,53,62.41,5843.780000000001,2536.0500000000006
2026-02-02,Shock_Absorber_E,111.68,55,60.46,6142.400000000001,2817.1000000000004
2026-02-03,Shock_Absorber_E,128.62,45,58.97,5787.900000000001,3134.2500000000005
2026-02-04,Shock_Absorber_E,111.19,65,62.5,7227.349999999999,3164.85
2026-02-05,Shock_Absorber_E,108.96,63,60.8,6864.48,3034.08
2026-02-06,Shock_Absorber_E,125.35,53,59.31,6643.549999999999,3500.1199999999994
2026-02-07,Shock_Absorber_E,136.89,45,57.88,6160.049999999999,3555.45
2026-02-08,Shock_Absorber_E,123.06,36,61.9,4430.16,2201.76
2026-02-09,Shock_Absorber_E,123.33,54,62.13,6659.82,3304.7999999999997
2026-02-10,Shock_Absorber_E,111.67,60,60.8,6700.2,3052.2000000000003
2026-02-11,Shock_Absorber_E,128.78,48,59.56,6181.4400000000005,3322.56
2026-02-12,Shock_Absorber_E,118.17,52,62.8,6144.84,2879.2400000000002
2026-02-13,Shock_Absorber_E,104.28,79,58.89,8238.12,3585.81
2026-02-14,Shock_Absorber_E,136.5,30,62.83,4095.0,2210.1
2026-02-15,Shock_Absorber_E,112.61,68,62.62,7657.48,3399.32
2026-02-16,Shock_Absorber_E,104.54,70,57.56,7317.8,3288.6000000000004
2026-02-17,Shock_Absorber_E,135.42,48,57.7,6500.16,3730.5599999999995
2026-02-18,Shock_Absorber_E,114.2,68,62.0,7765.6,3549.6000000000004
2026-02-19,Shock_Absorber_E,120.48,41,62.6,4939.68,2373.08
2026-02-20,Shock_Absorber_E,107.16,64,62.5,6858.24,2858.24
2026-02-21,Shock_Absorber_E,128.9,41,57.21,5284.900000000001,2939.29
2026-02-22,Shock_Absorber_E,105.0,65,58.65,6825.0,3012.75
2026-02-23,Shock_Absorber_E,130.85,50,62.75,6542.5,3404.9999999999995
2026-02-24,Shock_Absorber_E,121.75,55,62.49,6696.25,3259.2999999999997
2026-02-25,Shock_Absorber_E,110.0,57,62.95,6270.0,2681.85
2026-02-26,Shock_Absorber_E,105.54,71,59.81,7493.34,3246.8300000000004
2026-02-27,Shock_Absorber_E,136.98,33,61.79,4520.339999999999,2481.27
2026-02-28,Shock_Absorber_E,120.21,56,61.68,6731.759999999999,3277.68
2026-03-01,Shock_Absorber_E,112.52,63,59.55,7088.759999999999,3337.11
2026-03-02,Shock_Absorber_E,124.46,44,60.28,5476.24,2823.9199999999996
2026-03-03,Shock_Absorber_E,108.1,75,58.69,8107.5,3705.7499999999995
2026-03-04,Shock_Absorber_E,130.3,41,60.66,5342.3,2855.2400000000007
2026-03-05,Shock_Absorber_E,124.82,40,61.32,4992.799999999999,2539.9999999999995
2026-03-06,Shock_Absorber_E,102.26,80,61.89,8180.8,3229.6000000000004
2026-03-07,Shock_Absorber_E,133.63,50,62.89,6681.5,3536.9999999999995
2026-03-08,Shock_Absorber_E,107.85,60,62.52,6471.0,2719.7999999999993
2026-03-09,Shock_Absorber_E,116.62,60,62.6,6997.200000000001,3241.2000000000003
2026-03-10,Shock_Absorber_E,136.08,40,59.33,5443.200000000001,3070.0000000000005
2026-03-11,Shock_Absorber_E,114.96,71,57.87,8162.16,4053.39
2026-03-12,Shock_Absorber_E,119.28,58,62.61,6918.24,3286.86
2026-03-13,Shock_Absorber_E,128.62,48,59.87,6173.76,3300.0
2026-03-14,Shock_Absorber_E,136.14,40,61.67,5445.599999999999,2978.7999999999993
2026-03-15,Shock_Absorber_E,128.26,50,62.39,6413.0,3293.4999999999995
2026-03-16,Shock_Absorber_E,115.05,63,61.77,7248.15,3356.6399999999994
2026-03-17,Shock_Absorber_E,117.18,56,59.17,6562.08,3248.5600000000004
2026-03-18,Shock_Absorber_E,124.83,60,59.98,7489.8,3890.9999999999995
2026-03-19,Shock_Absorber_E,114.51,54,62.01,6183.54,2835.0000000000005
2026-03-20,Shock_Absorber_E,127.65,39,60.41,4978.35,2622.3600000000006
2026-03-21,Shock_Absorber_E,134.62,41,60.6,5519.42,3034.8200000000006
2026-03-22,Shock_Absorber_E,114.34,56,60.65,6403.04,3006.6400000000003
2026-03-23,Shock_Absorber_E,126.46,48,58.82,6070.08,3246.7199999999993
2026-03-24,Shock_Absorber_E,106.31,60,61.88,6378.6,2665.8
2026-03-25,Shock_Absorber_E,114.76,66,60.4,7574.160000000001,3587.76
2026-03-26,Shock_Absorber_E,136.97,56,58.36,7670.32,4402.16
2026-03-27,Shock_Absorber_E,131.42,40,59.58,5256.799999999999,2873.5999999999995
2026-03-28,Shock_Absorber_E,132.99,42,58.52,5585.58,3127.74
2026-03-29,Shock_Absorber_E,130.52,33,58.79,4307.160000000001,2367.0900000000006
2026-03-30,Shock_Absorber_E,108.81,68,60.16,7399.08,3308.2000000000003
2026-03-31,Shock_Absorber_E,119.09,70,59.57,8336.300000000001,4166.400000000001
2026-04-01,Shock_Absorber_E,115.24,67,57.29,7721.08,3882.6499999999996
2026-04-02,Shock_Absorber_E,116.19,54,60.44,6274.26,3010.5
