Project1_Price_Elasticity/data/sales_data_mock.csv
Date,Part_ID,Price,Quantity,Cost,Revenue,Margin
2026-04-03,Shock_Absorber_E,132.33,43,57.89,5690.1900000000005,3200.9200000000005
2026-04-04,Shock_Absorber_E,118.33,66,57.2,7809.78,4034.58
2026-04-05,Shock_Absorber_E,114.31,75,58.07,8573.25,4218.0
2026-04-06,Shock_Absorber_E,132.35,49,60.76,6485.15,3507.9100000000003
2026-04-07,Shock_Absorber_E,103.11,91,61.86,9383.01,3753.75
2026-04-08,Shock_Absorber_E,125.39,61,62.63,7648.79,3828.3599999999997
2026-04-09,Shock_Absorber_E,115.41,61,59.12,7040.01,3433.69
2026-04-10,Shock_Absorber_E,103.67,74,57.57,7671.58,3411.4
2026-04-11,Shock_Absorber_E,133.47,54,62.38,7207.38,3838.86
2026-04-12,Shock_Absorber_E,127.7,55,61.39,7023.5,3647.05
2026-04-13,Shock_Absorber_E,125.77,46,57.65,5785.42,3133.5200000000004
2026-04-14,Shock_Absorber_E,126.14,49,60.74,6180.86,3204.6000000000004
2026-04-15,Shock_Absorber_E,105.57,76,61.03,8023.32,3385.0399999999995
2026-04-16,Shock_Absorber_E,107.32,64,59.15,6868.48,3082.8799999999997
2026-04-17,Shock_Absorber_E,129.57,43,58.81,5571.509999999999,3042.6799999999994
2026-04-18,Shock_Absorber_E,103.54,67,59.85,6937.18,2927.2300000000005
2026-04-19,Shock_Absorber_E,108.15,78,60.93,8435.7,3683.1600000000003
2026-04-20,Shock_Absorber_E,130.07,41,58.84,5332.87,2920.4299999999994
2026-04-21,Shock_Absorber_E,120.19,64,61.67,7692.16,3745.2799999999997
2026-04-22,Shock_Absorber_E,113.62,57,62.04,6476.34,2940.0600000000004
2026-04-23,Shock_Absorber_E,110.06,64,60.62,7043.84,3164.1600000000003
2026-04-24,Shock_Absorber_E,127.52,37,61.12,4718.24,2456.8
2026-04-25,Shock_Absorber_E,113.84,59,59.7,6716.56,3194.26
2026-04-26,Shock_Absorber_E,122.46,42,58.46,5143.32,2687.9999999999995
2026-04-27,Shock_Absorber_E,108.66,62,59.72,6736.92,3034.2799999999997
2026-04-28,Shock_Absorber_E,105.18,69,59.77,7257.42,3133.2900000000004
2026-04-29,Shock_Absorber_E,120.68,58,58.33,6999.4400000000005,3616.3000000000006
2026-04-30,Shock_Absorber_E,132.8,52,59.94,6905.6,3788.7200000000007
2026-05-01,Shock_Absorber_E,106.93,74,61.21,7912.820000000001,3383.2800000000007
2026-05-02,Shock_Absorber_E,115.17,66,62.55,7601.22,3472.92
2026-05-03,Shock_Absorber_E,119.8,67,58.32,8026.599999999999,4119.16
2026-05-04,Shock_Absorber_E,131.78,52,61.82,6852.56,3637.9200000000005
2026-05-05,Shock_Absorber_E,123.56,70,62.66,8649.2,4263.0
2026-05-06,Shock_Absorber_E,106.07,57,57.85,6045.99,2748.5399999999995
2026-05-07,Shock_Absorber_E,103.62,70,61.9,7253.400000000001,2920.4000000000005
2026-05-08,Shock_Absorber_E,103.1,60,60.02,6186.0,2584.7999999999993
2026-05-09,Shock_Absorber_E,108.07,73,60.32,7889.11,3485.7499999999995
2026-05-10,Shock_Absorber_E,127.22,56,61.71,7124.32,3668.5599999999995
2026-05-11,Shock_Absorber_E,137.61,40,61.66,5504.400000000001,3038.000000000001
2026-05-12,Shock_Absorber_E,124.33,68,57.43,8454.44,4549.200000000001
2026-05-13,Shock_Absorber_E,111.98,72,62.44,8062.56,3566.8800000000006
2026-05-14,Shock_Absorber_E,113.34,59,60.48,6687.06,3118.7400000000002
2026-05-15,Shock_Absorber_E,112.71,48,59.45,5410.08,2556.4799999999996
2026-05-16,Shock_Absorber_E,114.82,58,59.88,6659.5599999999995,3186.5199999999995
2026-05-17,Shock_Absorber_E,118.46,41,57.28,4856.86,2508.3799999999997
2026-05-18,Shock_Absorber_E,126.45,37,62.65,4678.650000000001,2360.6000000000004
2026-05-19,Shock_Absorber_E,125.39,42,58.02,5266.38,2829.54
2026-05-20,Shock_Absorber_E,125.81,52,57.84,6542.12,3534.44
2026-05-21,Shock_Absorber_E,129.36,45,61.09,5821.200000000001,3072.1500000000005
2026-05-22,Shock_Absorber_E,114.45,63,60.71,7210.35,3385.6200000000003
2026-05-23,Shock_Absorber_E,116.72,52,57.03,6069.44,3103.88
2026-05-24,Shock_Absorber_E,108.0,64,59.81,6912.0,3084.16
2026-05-25,Shock_Absorber_E,106.97,59,58.59,6311.23,2854.4199999999996
2026-05-26,Shock_Absorber_E,121.42,49,59.78,5949.58,3020.36
2026-05-27,Shock_Absorber_E,111.93,66,60.35,7387.38,3404.28
2026-05-28,Shock_Absorber_E,121.94,41,61.7,4999.54,2469.8399999999997
2026-05-29,Shock_Absorber_E,134.52,43,61.06,5784.360000000001,3158.78
2026-05-30,Shock_Absorber_E,125.14,43,57.78,5381.02,2896.48
2026-05-31,Shock_Absorber_E,128.15,46,57.83,5894.900000000001,3234.7200000000003
2026-06-01,Shock_Absorber_E,116.51,66,61.51,7689.660000000001,3630.0000000000005
2026-06-02,Shock_Absorber_E,124.86,43,61.39,5368.98,2729.21
2026-06-03,Shock_Absorber_E,109.92,58,62.84,6375.36,2730.64
2026-06-04,Shock_Absorber_E,120.36,55,59.91,6619.8,3324.75
2026-06-05,Shock_Absorber_E,113.62,46,62.11,5226.52,2369.46
2026-06-06,Shock_Absorber_E,112.32,65,57.08,7300.799999999999,3590.5999999999995
2026-06-07,Shock_Absorber_E,114.61,54,60.0,6188.94,2948.94
2026-06-08,Shock_Absorber_E,108.65,64,57.75,6953.6,3257.6000000000004
2026-06-09,Shock_Absorber_E,107.87,57,59.58,6148.59,2752.53
2026-06-10,Shock_Absorber_E,127.79,48,58.69,6133.92,3316.8
2026-06-11,Shock_Absorber_E,110.36,53,58.44,5849.08,2751.76
2026-06-12,Shock_Absorber_E,137.97,41,61.09,5656.7699999999995,3152.08
2026-06-13,Shock_Absorber_E,103.8,69,61.51,7162.2,2918.0099999999998
2026-06-14,Shock_Absorber_E,126.99,33,59.03,4190.67,2242.68
2026-06-15,Shock_Absorber_E,122.24,37,58.36,4522.88,2363.56
2026-06-16,Shock_Absorber_E,137.92,38,61.16,5240.959999999999,2916.8799999999997
2026-06-17,Shock_Absorber_E,123.81,44,61.79,5447.64,2728.88
2026-06-18,Shock_Absorber_E,108.94,52,58.36,5664.88,2630.16
2026-06-19,Shock_Absorber_E,118.15,52,57.45,6143.8,3156.4
2026-06-20,Shock_Absorber_E,102.67,63,62.54,6468.21,2528.19
2026-06-21,Shock_Absorber_E,126.66,45,60.71,5699.7,2967.7499999999995
2026-06-22,Shock_Absorber_E,119.77,50,61.2,5988.5,2928.4999999999995
2026-06-23,Shock_Absorber_E,134.03,44,61.25,5897.32,3202.32
2026-06-24,Shock_Absorber_E,116.2,43,59.19,4996.6,2451.4300000000003
2026-06-25,Shock_Absorber_E,134.16,42,60.07,5634.72,3111.78
2026-06-26,Shock_Absorber_E,123.9,47,62.97,5823.3,2863.7100000000005
2026-06-27,Shock_Absorber_E,135.55,43,58.63,5828.650000000001,3307.560000000001
2026-06-28,Shock_Absorber_E,104.33,67,61.78,6990.11,2850.85
2026-06-29,Shock_Absorber_E,107.0,60,57.38,6420.0,2977.2
2026-06-30,Shock_Absorber_E,111.74,61,58.9,6816.139999999999,3223.24
2026-07-01,Shock_Absorber_E,114.18,49,62.41,5594.820000000001,2536.7300000000005
2026-07-02,Shock_Absorber_E,127.77,51,58.01,6516.2699999999995,3557.7599999999993
2026-07-03,Shock_Absorber_E,120.8,42,62.42,5073.599999999999,2451.96
2026-07-04,Shock_Absorber_E,134.04,39,58.96,5227.5599999999995,2928.1199999999994
2026-07-05,Shock_Absorber_E,128.28,37,60.98,4746.36,2490.1000000000004
2026-07-06,Shock_Absorber_E,113.75,59,59.31,6711.25,3211.96
2026-07-07,Shock_Absorber_E,104.23,76,58.17,7921.4800000000005,3500.5600000000004
2026-07-08,Shock_Absorber_E,116.97,54,57.92,6316.38,3188.7
2026-07-09,Shock_Absorber_E,120.11,49,61.47,5885.39,2873.36
2026-07-10,Shock_Absorber_E,125.47,44,61.98,5520.68,2793.56
2026-07-11,Shock_Absorber_E,113.17,51,57.45,5771.67,2841.72
2026-07-12,Shock_Absorber_E,110.4,61,58.14,6734.400000000001,3187.86
2026-07-13,Shock_Absorber_E,115.84,43,57.14,4981.12,2524.1
2026-07-14,Shock_Absorber_E,121.21,38,62.72,4605.98,2222.62
2026-07-15,Shock_Absorber_E,129.17,41,62.86,5295.969999999999,2718.7099999999996
2026-07-16,Shock_Absorber_E,112.27,62,58.46,6960.74,3336.22
2026-07-17,Shock_Absorber_E,120.8,61,57.68,7368.8,3850.3199999999997
2026-07-18,Shock_Absorber_E,109.89,52,62.01,5714.28,2489.76
2026-07-19,Shock_Absorber_E,121.35,55,58.51,6674.25,3456.2
2026-07-20,Shock_Absorber_E,123.44,48,60.91,5925.12,3001.44
2026-07-21,Shock_Absorber_E,111.75,58,62.14,6481.5,2877.38
2026-07-22,Shock_Absorber_E,117.55,51,62.14,5995.05,2825.91
2026-07-23,Shock_Absorber_E,106.23,60,60.74,6373.8,2729.4
2026-07-24,Shock_Absorber_E,130.58,37,61.85,4831.46,2543.0100000000007
2026-07-25,Shock_Absorber_E,107.97,43,58.61,4642.71,2122.48
2026-07-26,Shock_Absorber_E,120.85,38,57.38,4592.3,2411.8599999999997
2026-07-27,Shock_Absorber_E,132.43,29,59.9,3840.4700000000003,2103.37
2026-07-28,Shock_Absorber_E,104.32,63,61.28,6572.16,2711.5199999999995
2026-07-29,Shock_Absorber_E,137.17,36,60.49,4938.12,2760.479999999999
2026-07-30,Shock_Absorber_E,103.62,65,61.64,6735.3,2728.7000000000003
2026-07-31,Shock_Absorber_E,102.47,67,60.66,6865.49,2801.27
2026-08-01,Shock_Absorber_E,119.66,51,58.07,6102.66,3141.0899999999997
2026-08-02,Shock_Absorber_E,134.59,40,57.72,5383.6,3074.8
2026-08-03,Shock_Absorber_E,136.97,34,57.56,4656.98,2699.94
2026-08-04,Shock_Absorber_E,106.99,59,58.01,6312.41,2889.8199999999997
2026-08-05,Shock_Absorber_E,116.57,32,59.4,3730.24,1829.4399999999998
2026-08-06,Shock_Absorber_E,116.65,61,62.89,7115.650000000001,3279.36
2026-08-07,Shock_Absorber_E,136.47,31,62.23,4230.57,2301.4400000000005
2026-08-08,Shock_Absorber_E,125.19,36,59.82,4506.84,2353.32
2026-08-09,Shock_Absorber_E,135.53,43,57.82,5827.79,3341.53
2026-08-10,Shock_Absorber_E,109.88,66,61.69,7252.08,3180.54
2026-08-11,Shock_Absorber_E,118.23,49,59.19,5793.27,2892.9600000000005
2026-08-12,Shock_Absorber_E,114.04,48,60.51,5473.92,2569.4400000000005
2026-08-13,Shock_Absorber_E,133.76,41,59.68,5484.16,3037.2799999999993
2026-08-14,Shock_Absorber_E,135.83,32,60.77,4346.56,2401.92
2026-08-15,Shock_Absorber_E,109.99,55,57.88,6049.45,2866.0499999999997
2026-08-16,Shock_Absorber_E,135.19,45,57.23,6083.55,3508.2000000000003
2026-08-17,Shock_Absorber_E,128.47,34,58.73,4367.98,2371.1600000000003
2026-08-18,Shock_Absorber_E,136.82,39,62.46,5335.98,2900.0399999999995
2026-08-19,Shock_Absorber_E,129.46,32,58.88,4142.72,2258.5600000000004
2026-08-20,Shock_Absorber_E,109.07,51,61.11,5562.57,2445.9599999999996
2026-08-21,Shock_Absorber_E,111.67,46,58.22,5136.82,2458.7000000000003
2026-08-22,Shock_Absorber_E,132.46,34,59.82,4503.64,2469.7600000000007
2026-08-23,Shock_Absorber_E,134.87,42,62.55,5664.54,3037.4400000000005
2026-08-24,Shock_Absorber_E,104.38,51,60.13,5323.38,2256.7499999999995
2026-08-25,Shock_Absorber_E,131.97,45,61.76,5938.65,3159.4500000000003
2026-08-26,Shock_Absorber_E,137.08,31,62.57,4249.4800000000005,2309.8100000000004
2026-08-27,Shock_Absorber_E,136.0,37,58.03,5032.0,2884.89
2026-08-28,Shock_Absorber_E,119.03,48,58.14,5713.4400000000005,2922.7200000000003
2026-08-29,Shock_Absorber_E,123.98,33,62.91,4091.34,2015.3100000000002
2026-08-30,Shock_Absorber_E,128.11,34,57.06,4355.740000000001,2415.7000000000003
2026-08-31,Shock_Absorber_E,114.96,45,62.88,5173.2,2343.5999999999995
2026-09-01,Shock_Absorber_E,121.75,46,58.25,5600.5,2921.0
2026-09-02,Shock_Absorber_E,117.61,46,61.89,5410.06,2563.12
2026-09-03,Shock_Absorber_E,106.86,53,62.79,5663.58,2335.71
2026-09-04,Shock_Absorber_E,121.88,46,60.84,5606.48,2807.8399999999997
2026-09-05,Shock_Absorber_E,118.4,43,61.64,5091.2,2440.6800000000003
2026-09-06,Shock_Absorber_E,121.87,42,57.03,5118.54,2723.28
2026-09-07,Shock_Absorber_E,132.86,34,58.95,4517.240000000001,2512.9400000000005
2026-09-08,Shock_Absorber_E,135.13,44,59.16,5945.719999999999,3342.68
2026-09-09,Shock_Absorber_E,133.7,41,61.99,5481.7,2940.109999999999
2026-09-10,Shock_Absorber_E,102.89,47,62.79,4835.83,1884.7
2026-09-11,Shock_Absorber_E,128.13,54,61.16,6919.0199999999995,3616.38
2026-09-12,Shock_Absorber_E,108.15,53,59.89,5731.950000000001,2557.78
2026-09-13,Shock_Absorber_E,105.98,68,57.23,7206.64,3315.0000000000005
2026-09-14,Shock_Absorber_E,117.85,42,58.93,4949.7,2474.64
2026-09-15,Shock_Absorber_E,122.63,33,60.75,4046.79,2042.04
2026-09-16,Shock_Absorber_E,137.14,42,57.45,5759.879999999999,3346.979999999999
2026-09-17,Shock_Absorber_E,105.44,51,60.43,5377.44,2295.5099999999998
2026-09-18,Shock_Absorber_E,136.93,36,59.98,4929.4800000000005,2770.2000000000007
2026-09-19,Shock_Absorber_E,135.92,38,59.16,5164.959999999999,2916.8799999999997
2026-09-20,Shock_Absorber_E,125.46,46,59.27,5771.16,3044.74
2026-09-21,Shock_Absorber_E,130.15,32,59.96,4164.8,2246.08
2026-09-22,Shock_Absorber_E,110.27,42,58.75,4631.34,2163.8399999999997
2026-09-23,Shock_Absorber_E,136.39,33,59.13,4500.87,2549.58
2026-09-24,Shock_Absorber_E,128.26,40,60.23,5130.4,2721.2
2026-09-25,Shock_Absorber_E,102.1,58,58.32,5921.799999999999,2539.24
2026-09-26,Shock_Absorber_E,120.84,48,58.48,5800.32,2993.28
